<html>
<body>
<pre>
<h1>µVision Build Log</h1>
<h2>Tool Versions:</h2>
IDE-Version: ¦ÌVision V5.39.0.0
Copyright (C) 2023 ARM Ltd and ARM Germany GmbH. All rights reserved.
License Information: LIU KUN, 1, LIC=WHYH9-4T8UD-TGJ7T-R7IG3-IDFA7-XSKRP
 
Tool Versions:
Toolchain:       MDK-ARM Plus  Version: 5.39.0.0
Toolchain Path:  D:\EE\ARM\ARMCLANG\Bin
C Compiler:      ArmClang.exe V6.21
Assembler:       Armasm.exe V6.21
Linker/Locator:  ArmLink.exe V6.21
Library Manager: ArmAr.exe V6.21
Hex Converter:   FromElf.exe V6.21
CPU DLL:         SARMCM3.DLL V5.39.0.0
Dialog DLL:      DARMCM1.DLL V1.19.6.0
Target DLL:      CMSIS_AGDI.dll V1.33.16.0
Dialog DLL:      TARMCM1.DLL V1.14.6.0
 
<h2>Project:</h2>
D:\desktop\3519car\Key_Motor_Demo\Project\Key_Motor_Demo.uvprojx
Project File Date:  07/28/2026

<h2>Output:</h2>
*** Using Compiler 'V6.21', folder: 'D:\EE\ARM\ARMCLANG\Bin'
Build target 'Key_Motor_Demo'
compiling dl_common.c...
compiling imu_mpu9250.c...
linking...
Program Size: Code=20684 RO-data=2304 RW-data=84 ZI-data=8596  
FromELF: creating hex file...
"..\Output\Key_Motor_Demo.axf" - 0 Error(s), 0 Warning(s).

<h2>Software Packages used:</h2>

Package Vendor: TexasInstruments
                https://software-dl.ti.com/msp430/esd/MSPM0-CMSIS/MSPM0GX51X/latest/exports/TexasInstruments.MSPM0GX51X_DFP.1.0.0.pack
                TexasInstruments::MSPM0GX51X_DFP@1.0.0
                Device Family Pack for Texas Instruments MSPM0GX51X Series

<h2>Collection of Component include folders:</h2>

<h2>Collection of Component Files used:</h2>
Build Time Elapsed:  00:00:02
</pre>
</body>
</html>
