Component: Arm Compiler for Embedded 6.21 Tool: armlink [5ec1fa00]

==============================================================================

Section Cross References

    delay.o(.text.delay_us) refers to dl_common.o(.text.DL_Common_delayCycles) for DL_Common_delayCycles
    delay.o(.ARM.exidx.text.delay_us) refers to delay.o(.text.delay_us) for [Anonymous Symbol]
    delay.o(.text.delay_ms) refers to delay.o(.text.delay_us) for delay_us
    delay.o(.ARM.exidx.text.delay_ms) refers to delay.o(.text.delay_ms) for [Anonymous Symbol]
    delay.o(.text.delay_s) refers to delay.o(.text.delay_ms) for delay_ms
    delay.o(.ARM.exidx.text.delay_s) refers to delay.o(.text.delay_s) for [Anonymous Symbol]
    spi0_oled.o(.text.OLED_spi0_init) refers to spi0_oled.o(.text.DL_GPIO_setPins) for DL_GPIO_setPins
    spi0_oled.o(.text.OLED_spi0_init) refers to delay.o(.text.delay_ms) for delay_ms
    spi0_oled.o(.text.OLED_spi0_init) refers to spi0_oled.o(.text.DL_GPIO_clearPins) for DL_GPIO_clearPins
    spi0_oled.o(.ARM.exidx.text.OLED_spi0_init) refers to spi0_oled.o(.text.OLED_spi0_init) for [Anonymous Symbol]
    spi0_oled.o(.ARM.exidx.text.DL_GPIO_setPins) refers to spi0_oled.o(.text.DL_GPIO_setPins) for [Anonymous Symbol]
    spi0_oled.o(.ARM.exidx.text.DL_GPIO_clearPins) refers to spi0_oled.o(.text.DL_GPIO_clearPins) for [Anonymous Symbol]
    spi0_oled.o(.text.OLED_WR_Byte) refers to spi0_oled.o(.text.DL_GPIO_setPins) for DL_GPIO_setPins
    spi0_oled.o(.text.OLED_WR_Byte) refers to spi0_oled.o(.text.DL_GPIO_clearPins) for DL_GPIO_clearPins
    spi0_oled.o(.text.OLED_WR_Byte) refers to spi0_oled.o(.text.DL_SPI_transmitData8) for DL_SPI_transmitData8
    spi0_oled.o(.text.OLED_WR_Byte) refers to spi0_oled.o(.text.DL_SPI_isTXFIFOEmpty) for DL_SPI_isTXFIFOEmpty
    spi0_oled.o(.text.OLED_WR_Byte) refers to spi0_oled.o(.text.DL_SPI_isBusy) for DL_SPI_isBusy
    spi0_oled.o(.text.OLED_WR_Byte) refers to dl_common.o(.text.DL_Common_delayCycles) for DL_Common_delayCycles
    spi0_oled.o(.ARM.exidx.text.OLED_WR_Byte) refers to spi0_oled.o(.text.OLED_WR_Byte) for [Anonymous Symbol]
    spi0_oled.o(.ARM.exidx.text.DL_SPI_transmitData8) refers to spi0_oled.o(.text.DL_SPI_transmitData8) for [Anonymous Symbol]
    spi0_oled.o(.ARM.exidx.text.DL_SPI_isTXFIFOEmpty) refers to spi0_oled.o(.text.DL_SPI_isTXFIFOEmpty) for [Anonymous Symbol]
    spi0_oled.o(.ARM.exidx.text.DL_SPI_isBusy) refers to spi0_oled.o(.text.DL_SPI_isBusy) for [Anonymous Symbol]
    spi0_oled.o(.text.OLED_Set_Pos) refers to spi0_oled.o(.text.OLED_WR_Byte) for OLED_WR_Byte
    spi0_oled.o(.ARM.exidx.text.OLED_Set_Pos) refers to spi0_oled.o(.text.OLED_Set_Pos) for [Anonymous Symbol]
    spi0_oled.o(.text.OLED_Display_On) refers to spi0_oled.o(.text.OLED_WR_Byte) for OLED_WR_Byte
    spi0_oled.o(.ARM.exidx.text.OLED_Display_On) refers to spi0_oled.o(.text.OLED_Display_On) for [Anonymous Symbol]
    spi0_oled.o(.text.OLED_Display_Off) refers to spi0_oled.o(.text.OLED_WR_Byte) for OLED_WR_Byte
    spi0_oled.o(.ARM.exidx.text.OLED_Display_Off) refers to spi0_oled.o(.text.OLED_Display_Off) for [Anonymous Symbol]
    spi0_oled.o(.text.OLED_Clear) refers to spi0_oled.o(.text.OLED_WR_Byte) for OLED_WR_Byte
    spi0_oled.o(.ARM.exidx.text.OLED_Clear) refers to spi0_oled.o(.text.OLED_Clear) for [Anonymous Symbol]
    spi0_oled.o(.text.OLED_ShowChar) refers to spi0_oled.o(.text.OLED_Set_Pos) for OLED_Set_Pos
    spi0_oled.o(.text.OLED_ShowChar) refers to spi0_oled.o(.text.OLED_WR_Byte) for OLED_WR_Byte
    spi0_oled.o(.text.OLED_ShowChar) refers to spi0_oled.o(.rodata.F6x8) for F6x8
    spi0_oled.o(.ARM.exidx.text.OLED_ShowChar) refers to spi0_oled.o(.text.OLED_ShowChar) for [Anonymous Symbol]
    spi0_oled.o(.ARM.exidx.text.oled_pow) refers to spi0_oled.o(.text.oled_pow) for [Anonymous Symbol]
    spi0_oled.o(.text.OLED_ShowNum) refers to spi0_oled.o(.text.oled_pow) for oled_pow
    spi0_oled.o(.text.OLED_ShowNum) refers to aeabi_sdiv.o(.text) for __aeabi_uidiv
    spi0_oled.o(.text.OLED_ShowNum) refers to spi0_oled.o(.text.OLED_ShowChar) for OLED_ShowChar
    spi0_oled.o(.ARM.exidx.text.OLED_ShowNum) refers to spi0_oled.o(.text.OLED_ShowNum) for [Anonymous Symbol]
    spi0_oled.o(.text.OLED_ShowString) refers to spi0_oled.o(.text.OLED_ShowChar) for OLED_ShowChar
    spi0_oled.o(.ARM.exidx.text.OLED_ShowString) refers to spi0_oled.o(.text.OLED_ShowString) for [Anonymous Symbol]
    spi0_oled.o(.text.OLED_ShowCHinese) refers to spi0_oled.o(.text.OLED_Set_Pos) for OLED_Set_Pos
    spi0_oled.o(.text.OLED_ShowCHinese) refers to spi0_oled.o(.text.OLED_WR_Byte) for OLED_WR_Byte
    spi0_oled.o(.text.OLED_ShowCHinese) refers to spi0_oled.o(.data.Hzk) for Hzk
    spi0_oled.o(.ARM.exidx.text.OLED_ShowCHinese) refers to spi0_oled.o(.text.OLED_ShowCHinese) for [Anonymous Symbol]
    spi0_oled.o(.text.OLED_DrawBMP) refers to spi0_oled.o(.text.OLED_Set_Pos) for OLED_Set_Pos
    spi0_oled.o(.text.OLED_DrawBMP) refers to spi0_oled.o(.text.OLED_WR_Byte) for OLED_WR_Byte
[...]
    [Anonymous Symbol]                       0x0000576c   Section        0  main.o(.rodata.str1.1)
    locale$$data                             0x00005b10   Section       28  lc_numeric_c.o(locale$$data)
    __lcnum_c_name                           0x00005b14   Data           2  lc_numeric_c.o(locale$$data)
    __lcnum_c_start                          0x00005b1c   Data           0  lc_numeric_c.o(locale$$data)
    __lcnum_c_point                          0x00005b28   Data           0  lc_numeric_c.o(locale$$data)
    __lcnum_c_thousands                      0x00005b2a   Data           0  lc_numeric_c.o(locale$$data)
    __lcnum_c_grouping                       0x00005b2b   Data           0  lc_numeric_c.o(locale$$data)
    __lcnum_c_end                            0x00005b2c   Data           0  lc_numeric_c.o(locale$$data)
    locale$$data                             0x00005b2c   Section      272  lc_ctype_c.o(locale$$data)
    __lcctype_c_name                         0x00005b30   Data           2  lc_ctype_c.o(locale$$data)
    __lcctype_c_start                        0x00005b38   Data           0  lc_ctype_c.o(locale$$data)
    __lcctype_c_end                          0x00005c3c   Data           0  lc_ctype_c.o(locale$$data)
    g_base_speed                             0x20200048   Data           4  line_follow.o(.data.g_base_speed)
    [Anonymous Symbol]                       0x20200048   Section        0  line_follow.o(.data.g_base_speed)
    g_kp                                     0x2020004c   Data           4  line_follow.o(.data.g_kp)
    [Anonymous Symbol]                       0x2020004c   Section        0  line_follow.o(.data.g_kp)
    main.current_speed                       0x20200050   Data           4  main.o(.data.main.current_speed)
    [Anonymous Symbol]                       0x20200050   Section        0  main.o(.data.main.current_speed)
    main.imu_status                          0x20200054   Data           4  main.o(.data.main.imu_status)
    [Anonymous Symbol]                       0x20200054   Section        0  main.o(.data.main.imu_status)
    .bss                                     0x20200058   Section       96  libspace.o(.bss)
    g_kd                                     0x202001ac   Data           4  line_follow.o(.bss.g_kd)
    [Anonymous Symbol]                       0x202001ac   Section        0  line_follow.o(.bss.g_kd)
    g_ki                                     0x202001b0   Data           4  line_follow.o(.bss.g_ki)
    [Anonymous Symbol]                       0x202001b0   Section        0  line_follow.o(.bss.g_ki)
    initialized                              0x202001b4   Data           1  line_follow.o(.bss.initialized)
    [Anonymous Symbol]                       0x202001b4   Section        0  line_follow.o(.bss.initialized)
    integral                                 0x202001b8   Data           4  line_follow.o(.bss.integral)
    [Anonymous Symbol]                       0x202001b8   Section        0  line_follow.o(.bss.integral)
    last_error                               0x202001bc   Data           2  line_follow.o(.bss.last_error)
    [Anonymous Symbol]                       0x202001bc   Section        0  line_follow.o(.bss.last_error)
    main.current_dir                         0x202001be   Data           1  main.o(.bss.main.current_dir)
    [Anonymous Symbol]                       0x202001be   Section        0  main.o(.bss.main.current_dir)
    main.follow_cnt                          0x202001c0   Data           2  main.o(.bss.main.follow_cnt)
    [Anonymous Symbol]                       0x202001c0   Section        0  main.o(.bss.main.follow_cnt)
    main.line_follow_active                  0x202001c2   Data           1  main.o(.bss.main.line_follow_active)
    [Anonymous Symbol]                       0x202001c2   Section        0  main.o(.bss.main.line_follow_active)
    main.show_gyro_debug                     0x202001c3   Data           1  main.o(.bss.main.show_gyro_debug)
    [Anonymous Symbol]                       0x202001c3   Section        0  main.o(.bss.main.show_gyro_debug)
    main.show_pid_params                     0x202001c4   Data           1  main.o(.bss.main.show_pid_params)
    [Anonymous Symbol]                       0x202001c4   Section        0  main.o(.bss.main.show_pid_params)
    motor_speed                              0x202001c8   Data           8  motor_ctrl.o(.bss.motor_speed)
    [Anonymous Symbol]                       0x202001c8   Section        0  motor_ctrl.o(.bss.motor_speed)
    mpu_addr                                 0x202001d0   Data           1  imu_mpu9250.o(.bss.mpu_addr)
    [Anonymous Symbol]                       0x202001d0   Section        0  imu_mpu9250.o(.bss.mpu_addr)
    rx_buf                                   0x202001d1   Data          24  gray_sensor.o(.bss.rx_buf)
    [Anonymous Symbol]                       0x202001d1   Section        0  gray_sensor.o(.bss.rx_buf)
    Heap_Mem                                 0x202001f0   Data           0  startup_mspm0g351x_uvision.o(HEAP)
    Stack_Mem                                0x202001f0   Data        8192  startup_mspm0g351x_uvision.o(STACK)
    HEAP                                     0x202001f0   Section        0  startup_mspm0g351x_uvision.o(HEAP)
    STACK                                    0x202001f0   Section     8192  startup_mspm0g351x_uvision.o(STACK)
    __initial_sp                             0x202021f0   Data           0  startup_mspm0g351x_uvision.o(STACK)

    Global Symbols

    Symbol Name                              Value     Ov Type        Size  Object(Section)

    BuildAttributes$$THM_ISAv3M$S$PE$A:L22$X:L11$S22$IEEE1$IW$~IW$USESV6$~STKCKD$USESV7$~SHL$OTIME$ROPI$IEEEJ$EBA8$UX$STANDARDLIB$REQ8$PRES8$EABIv2 0x00000000   Number         0  anon$$obj.o ABSOLUTE
    __Vectors                                0x00000000   Data           4  startup_mspm0g351x_uvision.o(RESET)
    _printf_flags                            0x00000000   Number         0  printf_stubs.o ABSOLUTE
    _printf_return_value                     0x00000000   Number         0  printf_stubs.o ABSOLUTE
    _printf_sizespec                         0x00000000   Number         0  printf_stubs.o ABSOLUTE
    _printf_widthprec                        0x00000000   Number         0  printf_stubs.o ABSOLUTE
    __ARM_exceptions_init                     - Undefined Weak Reference
    __alloca_initialize                       - Undefined Weak Reference
    __arm_preinit_                            - Undefined Weak Reference
    __arm_relocate_pie_                       - Undefined Weak Reference
    __cpp_initialize__aeabi_                  - Undefined Weak Reference
    __cxa_finalize                            - Undefined Weak Reference
    __sigvec_lookup                           - Undefined Weak Reference
    _atexit_init                              - Undefined Weak Reference
    _call_atexit_fns                          - Undefined Weak Reference
    _clock_init                               - Undefined Weak Reference
    _fp_trap_init                             - Undefined Weak Reference
    _fp_trap_shutdown                         - Undefined Weak Reference
    _get_lc_collate                           - Undefined Weak Reference
    _get_lc_monetary                          - Undefined Weak Reference
    _get_lc_time                              - Undefined Weak Reference
    _getenv_init                              - Undefined Weak Reference
    _handle_redirection                       - Undefined Weak Reference
    _init_alloc                               - Undefined Weak Reference
    _init_user_alloc                          - Undefined Weak Reference
    _initio                                   - Undefined Weak Reference
    _printf_mbtowc                            - Undefined Weak Reference
    _printf_wc                                - Undefined Weak Reference
    _rand_init                                - Undefined Weak Reference
    _signal_finish                            - Undefined Weak Reference
    _signal_init                              - Undefined Weak Reference
    _terminate_alloc                          - Undefined Weak Reference
    _terminate_user_alloc                     - Undefined Weak Reference
    _terminateio                              - Undefined Weak Reference
    __Vectors_End                            0x000000c0   Data           0  startup_mspm0g351x_uvision.o(RESET)
    __Vectors_Size                           0x000000c0   Number         0  startup_mspm0g351x_uvision.o ABSOLUTE
    __main                                   0x000000c1   Thumb Code     8  __main.o(!!!main)
    __scatterload                            0x000000c9   Thumb Code     0  __scatter.o(!!!scatter)
    __scatterload_rt2                        0x000000c9   Thumb Code    74  __scatter.o(!!!scatter)
    __scatterload_rt2_thumb_only             0x000000c9   Thumb Code     0  __scatter.o(!!!scatter)
    __scatterload_loop                       0x000000d3   Thumb Code     0  __scatter.o(!!!scatter)
    __scatterload_copy                       0x00000121   Thumb Code    26  __scatter_copy.o(!!handler_copy)
    __scatterload_null                       0x00000141   Thumb Code     2  __scatter.o(!!handler_null)
    __scatterload_zeroinit                   0x00000149   Thumb Code    28  __scatter_zi.o(!!handler_zi)
    _printf_percent                          0x00000165   Thumb Code     0  _printf_percent.o(.ARM.Collect$$_printf_percent$$00000000)
    _printf_n                                0x00000167   Thumb Code     0  _printf_n.o(.ARM.Collect$$_printf_percent$$00000001)
    _printf_p                                0x00000171   Thumb Code     0  _printf_p.o(.ARM.Collect$$_printf_percent$$00000002)
    _printf_f                                0x0000017b   Thumb Code     0  _printf_f.o(.ARM.Collect$$_printf_percent$$00000003)
    _printf_e                                0x00000185   Thumb Code     0  _printf_e.o(.ARM.Collect$$_printf_percent$$00000004)
    _printf_g                                0x0000018f   Thumb Code     0  _printf_g.o(.ARM.Collect$$_printf_percent$$00000005)
    _printf_a                                0x00000199   Thumb Code     0  _printf_a.o(.ARM.Collect$$_printf_percent$$00000006)
    _printf_ll                               0x000001a3   Thumb Code     0  _printf_ll.o(.ARM.Collect$$_printf_percent$$00000007)
    _printf_i                                0x000001ad   Thumb Code     0  _printf_i.o(.ARM.Collect$$_printf_percent$$00000008)
    _printf_d                                0x000001b7   Thumb Code     0  _printf_d.o(.ARM.Collect$$_printf_percent$$00000009)
    _printf_u                                0x000001c1   Thumb Code     0  _printf_u.o(.ARM.Collect$$_printf_percent$$0000000A)
    _printf_o                                0x000001cb   Thumb Code     0  _printf_o.o(.ARM.Collect$$_printf_percent$$0000000B)
    _printf_x                                0x000001d5   Thumb Code     0  _printf_x.o(.ARM.Collect$$_printf_percent$$0000000C)
    _printf_lli                              0x000001df   Thumb Code     0  _printf_lli.o(.ARM.Collect$$_printf_percent$$0000000D)
    _printf_lld                              0x000001e9   Thumb Code     0  _printf_lld.o(.ARM.Collect$$_printf_percent$$0000000E)
    _printf_llu                              0x000001f3   Thumb Code     0  _printf_llu.o(.ARM.Collect$$_printf_percent$$0000000F)
    _printf_llo                              0x000001fd   Thumb Code     0  _printf_llo.o(.ARM.Collect$$_printf_percent$$00000010)
    _printf_llx                              0x00000207   Thumb Code     0  _printf_llx.o(.ARM.Collect$$_printf_percent$$00000011)
    _printf_l                                0x00000211   Thumb Code     0  _printf_l.o(.ARM.Collect$$_printf_percent$$00000012)
    _printf_c                                0x0000021b   Thumb Code     0  _printf_c.o(.ARM.Collect$$_printf_percent$$00000013)
    _printf_s                                0x00000225   Thumb Code     0  _printf_s.o(.ARM.Collect$$_printf_percent$$00000014)
    _printf_lc                               0x0000022f   Thumb Code     0  _printf_lc.o(.ARM.Collect$$_printf_percent$$00000015)
    _printf_ls                               0x00000239   Thumb Code     0  _printf_ls.o(.ARM.Collect$$_printf_percent$$00000016)
    _printf_percent_end                      0x00000243   Thumb Code     0  _printf_percent_end.o(.ARM.Collect$$_printf_percent$$00000017)
    __rt_lib_init                            0x00000247   Thumb Code     0  libinit.o(.ARM.Collect$$libinit$$00000000)
    __rt_lib_init_fp_1                       0x00000249   Thumb Code     0  libinit2.o(.ARM.Collect$$libinit$$00000002)
    __rt_lib_init_heap_1                     0x00000249   Thumb Code     0  libinit2.o(.ARM.Collect$$libinit$$0000000C)
    __rt_lib_init_lc_common                  0x00000249   Thumb Code     0  libinit2.o(.ARM.Collect$$libinit$$00000011)
    __rt_lib_init_preinit_1                  0x00000249   Thumb Code     0  libinit2.o(.ARM.Collect$$libinit$$00000006)
    __rt_lib_init_rand_1                     0x00000249   Thumb Code     0  libinit2.o(.ARM.Collect$$libinit$$00000010)
    __rt_lib_init_relocate_pie_1             0x00000249   Thumb Code     0  libinit2.o(.ARM.Collect$$libinit$$00000004)
    __rt_lib_init_user_alloc_1               0x00000249   Thumb Code     0  libinit2.o(.ARM.Collect$$libinit$$0000000E)
    __rt_lib_init_lc_collate_1               0x0000024f   Thumb Code     0  libinit2.o(.ARM.Collect$$libinit$$00000013)
    __rt_lib_init_lc_ctype_2                 0x0000024f   Thumb Code     0  libinit2.o(.ARM.Collect$$libinit$$00000014)
    __rt_lib_init_lc_ctype_1                 0x0000025b   Thumb Code     0  libinit2.o(.ARM.Collect$$libinit$$00000015)
    __rt_lib_init_lc_monetary_1              0x0000025b   Thumb Code     0  libinit2.o(.ARM.Collect$$libinit$$00000017)
    __rt_lib_init_lc_numeric_2               0x0000025b   Thumb Code     0  libinit2.o(.ARM.Collect$$libinit$$00000018)
    __rt_lib_init_alloca_1                   0x00000265   Thumb Code     0  libinit2.o(.ARM.Collect$$libinit$$00000030)
    __rt_lib_init_argv_1                     0x00000265   Thumb Code     0  libinit2.o(.ARM.Collect$$libinit$$0000002E)
    __rt_lib_init_atexit_1                   0x00000265   Thumb Code     0  libinit2.o(.ARM.Collect$$libinit$$0000001D)
    __rt_lib_init_clock_1                    0x00000265   Thumb Code     0  libinit2.o(.ARM.Collect$$libinit$$00000023)
    __rt_lib_init_cpp_1                      0x00000265   Thumb Code     0  libinit2.o(.ARM.Collect$$libinit$$00000034)
    __rt_lib_init_exceptions_1               0x00000265   Thumb Code     0  libinit2.o(.ARM.Collect$$libinit$$00000032)
    __rt_lib_init_fp_trap_1                  0x00000265   Thumb Code     0  libinit2.o(.ARM.Collect$$libinit$$00000021)
    __rt_lib_init_getenv_1                   0x00000265   Thumb Code     0  libinit2.o(.ARM.Collect$$libinit$$00000025)
    __rt_lib_init_lc_numeric_1               0x00000265   Thumb Code     0  libinit2.o(.ARM.Collect$$libinit$$00000019)
    __rt_lib_init_lc_time_1                  0x00000265   Thumb Code     0  libinit2.o(.ARM.Collect$$libinit$$0000001B)
    __rt_lib_init_return                     0x00000265   Thumb Code     0  libinit2.o(.ARM.Collect$$libinit$$00000035)
    __rt_lib_init_signal_1                   0x00000265   Thumb Code     0  libinit2.o(.ARM.Collect$$libinit$$0000001F)
    __rt_lib_init_stdio_1                    0x00000265   Thumb Code     0  libinit2.o(.ARM.Collect$$libinit$$00000027)
    __rt_lib_shutdown                        0x00000267   Thumb Code     0  libshutdown.o(.ARM.Collect$$libshutdown$$00000000)
    __rt_lib_shutdown_cpp_1                  0x00000269   Thumb Code     0  libshutdown2.o(.ARM.Collect$$libshutdown$$00000002)
    __rt_lib_shutdown_fp_trap_1              0x00000269   Thumb Code     0  libshutdown2.o(.ARM.Collect$$libshutdown$$00000007)
    __rt_lib_shutdown_heap_1                 0x00000269   Thumb Code     0  libshutdown2.o(.ARM.Collect$$libshutdown$$0000000F)
    __rt_lib_shutdown_return                 0x00000269   Thumb Code     0  libshutdown2.o(.ARM.Collect$$libshutdown$$00000010)
    __rt_lib_shutdown_signal_1               0x00000269   Thumb Code     0  libshutdown2.o(.ARM.Collect$$libshutdown$$0000000A)
    __rt_lib_shutdown_stdio_1                0x00000269   Thumb Code     0  libshutdown2.o(.ARM.Collect$$libshutdown$$00000004)
    __rt_lib_shutdown_user_alloc_1           0x00000269   Thumb Code     0  libshutdown2.o(.ARM.Collect$$libshutdown$$0000000C)
    __rt_entry                               0x0000026b   Thumb Code     0  __rtentry.o(.ARM.Collect$$rtentry$$00000000)
    __rt_entry_presh_1                       0x0000026b   Thumb Code     0  __rtentry2.o(.ARM.Collect$$rtentry$$00000002)
    __rt_entry_sh                            0x0000026b   Thumb Code     0  __rtentry4.o(.ARM.Collect$$rtentry$$00000004)
    __rt_entry_li                            0x00000271   Thumb Code     0  __rtentry2.o(.ARM.Collect$$rtentry$$0000000A)
    __rt_entry_postsh_1                      0x00000271   Thumb Code     0  __rtentry2.o(.ARM.Collect$$rtentry$$00000009)
    __rt_entry_main                          0x00000275   Thumb Code     0  __rtentry2.o(.ARM.Collect$$rtentry$$0000000D)
    __rt_entry_postli_1                      0x00000275   Thumb Code     0  __rtentry2.o(.ARM.Collect$$rtentry$$0000000C)
    __rt_exit                                0x0000027d   Thumb Code     0  rtexit.o(.ARM.Collect$$rtexit$$00000000)
    __rt_exit_ls                             0x0000027f   Thumb Code     0  rtexit2.o(.ARM.Collect$$rtexit$$00000003)
    __rt_exit_prels_1                        0x0000027f   Thumb Code     0  rtexit2.o(.ARM.Collect$$rtexit$$00000002)
    __rt_exit_exit                           0x00000283   Thumb Code     0  rtexit2.o(.ARM.Collect$$rtexit$$00000004)
    Reset_Handler                            0x00000289   Thumb Code     4  startup_mspm0g351x_uvision.o(.text)
    NMI_Handler                              0x0000028d   Thumb Code     2  startup_mspm0g351x_uvision.o(.text)
    HardFault_Handler                        0x0000028f   Thumb Code     2  startup_mspm0g351x_uvision.o(.text)
    SVC_Handler                              0x00000291   Thumb Code     2  startup_mspm0g351x_uvision.o(.text)
    PendSV_Handler                           0x00000293   Thumb Code     2  startup_mspm0g351x_uvision.o(.text)
    SysTick_Handler                          0x00000295   Thumb Code     2  startup_mspm0g351x_uvision.o(.text)
    ADC0_IRQHandler                          0x00000297   Thumb Code     0  startup_mspm0g351x_uvision.o(.text)
    ADC1_IRQHandler                          0x00000297   Thumb Code     0  startup_mspm0g351x_uvision.o(.text)
    AESADV_IRQHandler                        0x00000297   Thumb Code     0  startup_mspm0g351x_uvision.o(.text)
    CANFD0_IRQHandler                        0x00000297   Thumb Code     0  startup_mspm0g351x_uvision.o(.text)
    CANFD1_IRQHandler                        0x00000297   Thumb Code     0  startup_mspm0g351x_uvision.o(.text)
    DAC0_IRQHandler                          0x00000297   Thumb Code     0  startup_mspm0g351x_uvision.o(.text)
    DMA_IRQHandler                           0x00000297   Thumb Code     0  startup_mspm0g351x_uvision.o(.text)
    Default_Handler                          0x00000297   Thumb Code     2  startup_mspm0g351x_uvision.o(.text)
    GROUP0_IRQHandler                        0x00000297   Thumb Code     0  startup_mspm0g351x_uvision.o(.text)
    GROUP1_IRQHandler                        0x00000297   Thumb Code     0  startup_mspm0g351x_uvision.o(.text)
    I2C0_IRQHandler                          0x00000297   Thumb Code     0  startup_mspm0g351x_uvision.o(.text)
    I2C1_IRQHandler                          0x00000297   Thumb Code     0  startup_mspm0g351x_uvision.o(.text)
    I2C2_IRQHandler                          0x00000297   Thumb Code     0  startup_mspm0g351x_uvision.o(.text)
    LFSS_IRQHandler                          0x00000297   Thumb Code     0  startup_mspm0g351x_uvision.o(.text)
    SPI0_IRQHandler                          0x00000297   Thumb Code     0  startup_mspm0g351x_uvision.o(.text)
    SPI1_IRQHandler                          0x00000297   Thumb Code     0  startup_mspm0g351x_uvision.o(.text)
    SPI2_IRQHandler                          0x00000297   Thumb Code     0  startup_mspm0g351x_uvision.o(.text)
    TIMA0_IRQHandler                         0x00000297   Thumb Code     0  startup_mspm0g351x_uvision.o(.text)
    TIMA1_IRQHandler                         0x00000297   Thumb Code     0  startup_mspm0g351x_uvision.o(.text)
    TIMG0_IRQHandler                         0x00000297   Thumb Code     0  startup_mspm0g351x_uvision.o(.text)
    TIMG12_IRQHandler                        0x00000297   Thumb Code     0  startup_mspm0g351x_uvision.o(.text)
    TIMG14_IRQHandler                        0x00000297   Thumb Code     0  startup_mspm0g351x_uvision.o(.text)
    TIMG6_IRQHandler                         0x00000297   Thumb Code     0  startup_mspm0g351x_uvision.o(.text)
    TIMG7_IRQHandler                         0x00000297   Thumb Code     0  startup_mspm0g351x_uvision.o(.text)
    TIMG8_IRQHandler                         0x00000297   Thumb Code     0  startup_mspm0g351x_uvision.o(.text)
    TIMG9_IRQHandler                         0x00000297   Thumb Code     0  startup_mspm0g351x_uvision.o(.text)
    UART0_IRQHandler                         0x00000297   Thumb Code     0  startup_mspm0g351x_uvision.o(.text)
    UART1_IRQHandler                         0x00000297   Thumb Code     0  startup_mspm0g351x_uvision.o(.text)
    UART3_IRQHandler                         0x00000297   Thumb Code     0  startup_mspm0g351x_uvision.o(.text)
    UART4_IRQHandler                         0x00000297   Thumb Code     0  startup_mspm0g351x_uvision.o(.text)
    UART5_IRQHandler                         0x00000297   Thumb Code     0  startup_mspm0g351x_uvision.o(.text)
    UART6_IRQHandler                         0x00000297   Thumb Code     0  startup_mspm0g351x_uvision.o(.text)
    UART7_IRQHandler                         0x00000297   Thumb Code     0  startup_mspm0g351x_uvision.o(.text)
    __user_initial_stackheap                 0x00000299   Thumb Code    10  startup_mspm0g351x_uvision.o(.text)
    snprintf                                 0x000002b5   Thumb Code    60  snprintf.o(.text)
    __aeabi_uidiv                            0x000002f5   Thumb Code     0  aeabi_sdiv.o(.text)
    __aeabi_uidivmod                         0x000002f5   Thumb Code    20  aeabi_sdiv.o(.text)
    __aeabi_idiv                             0x00000309   Thumb Code     0  aeabi_sdiv.o(.text)
    __aeabi_idivmod                          0x00000309   Thumb Code   338  aeabi_sdiv.o(.text)
    __use_two_region_memory                  0x00000461   Thumb Code     2  heapauxi.o(.text)
    __rt_heap_escrow$2region                 0x00000463   Thumb Code     2  heapauxi.o(.text)
    __rt_heap_expand$2region                 0x00000465   Thumb Code     2  heapauxi.o(.text)
    __aeabi_i2d_normalise                    0x00000467   Thumb Code    66  dflti.o(.text)
    __aeabi_i2d                              0x000004a9   Thumb Code    16  dflti.o(.text)
    _dflt                                    0x000004a9   Thumb Code     0  dflti.o(.text)
    __aeabi_ui2d                             0x000004b9   Thumb Code     6  dflti.o(.text)
    _dfltu                                   0x000004b9   Thumb Code     0  dflti.o(.text)
    __aeabi_f2d                              0x000004c1   Thumb Code     0  f2d.o(.text)
    _f2d                                     0x000004c1   Thumb Code    80  f2d.o(.text)
    __aeabi_fdiv                             0x00000515   Thumb Code     0  fdiv.o(.text)
    _fdiv                                    0x00000515   Thumb Code   334  fdiv.o(.text)
    _frdiv                                   0x00000663   Thumb Code     8  fdiv.o(.text)
    __aeabi_i2f_normalise                    0x00000675   Thumb Code    72  fflti.o(.text)
    __aeabi_i2f                              0x000006bd   Thumb Code    16  fflti.o(.text)
    _fflt                                    0x000006bd   Thumb Code     0  fflti.o(.text)
    __aeabi_ui2f                             0x000006cd   Thumb Code     6  fflti.o(.text)
    _ffltu                                   0x000006cd   Thumb Code     0  fflti.o(.text)
    _printf_pre_padding                      0x000006d3   Thumb Code    44  _printf_pad.o(.text)
    _printf_post_padding                     0x000006ff   Thumb Code    34  _printf_pad.o(.text)
    _printf_truncate_signed                  0x00000721   Thumb Code    18  _printf_truncate.o(.text)
    _printf_truncate_unsigned                0x00000733   Thumb Code    18  _printf_truncate.o(.text)
    _printf_str                              0x00000745   Thumb Code    82  _printf_str.o(.text)
    _printf_int_dec                          0x00000799   Thumb Code    90  _printf_dec.o(.text)
    _printf_charcount                        0x00000805   Thumb Code    38  _printf_charcount.o(.text)
    _printf_char_common                      0x00000837   Thumb Code    32  _printf_char_common.o(.text)
    _snputc                                  0x0000085d   Thumb Code    16  _snputc.o(.text)
    _printf_wctomb                           0x0000086d   Thumb Code   182  _printf_wctomb.o(.text)
    _printf_longlong_dec                     0x00000929   Thumb Code    94  _printf_longlong_dec.o(.text)
    _printf_longlong_oct                     0x00000999   Thumb Code    68  _printf_oct_int_ll.o(.text)
    _printf_int_oct                          0x000009dd   Thumb Code    24  _printf_oct_int_ll.o(.text)
    _printf_ll_oct                           0x000009f5   Thumb Code    10  _printf_oct_int_ll.o(.text)
    _printf_longlong_hex                     0x00000a09   Thumb Code    88  _printf_hex_int_ll_ptr.o(.text)
    _printf_int_hex                          0x00000a61   Thumb Code    28  _printf_hex_int_ll_ptr.o(.text)
    _printf_ll_hex                           0x00000a7d   Thumb Code    10  _printf_hex_int_ll_ptr.o(.text)
    _printf_hex_ptr                          0x00000a87   Thumb Code    22  _printf_hex_int_ll_ptr.o(.text)
    __printf                                 0x00000aa1   Thumb Code   386  __printf_flags_ss_wp.o(.text)
    _ll_udiv10                               0x00000c29   Thumb Code   122  lludiv10.o(.text)
    _printf_int_common                       0x00000ca3   Thumb Code   176  _printf_intcommon.o(.text)
    _printf_fp_dec_real                      0x00000ef1   Thumb Code   620  _printf_fp_dec.o(.text)
    _printf_fp_hex_real                      0x00001169   Thumb Code   718  _printf_fp_hex.o(.text)
    _printf_cs_common                        0x00001441   Thumb Code    22  _printf_char.o(.text)
    _printf_char                             0x00001457   Thumb Code    16  _printf_char.o(.text)
    _printf_string                           0x00001467   Thumb Code     8  _printf_char.o(.text)
    _printf_lcs_common                       0x0000146f   Thumb Code    22  _printf_wchar.o(.text)
    _printf_wchar                            0x00001485   Thumb Code    16  _printf_wchar.o(.text)
    _printf_wstring                          0x00001495   Thumb Code     8  _printf_wchar.o(.text)
    _c16rtomb                                0x0000149d   Thumb Code    66  _c16rtomb.o(.text)
    _wcrtomb                                 0x0000149d   Thumb Code     0  _c16rtomb.o(.text)
    __rt_udiv10                              0x000014df   Thumb Code    40  rtudiv10.o(.text)
    __fpl_dcmp_InfNaN                        0x00001509   Thumb Code   154  dcmpin.o(.text)
    __fpl_fcmp_InfNaN                        0x000015a9   Thumb Code    96  fcmpin.o(.text)
    __user_setup_stackheap                   0x0000160d   Thumb Code    62  sys_stackheap_outer.o(.text)
    __rt_ctype_table                         0x0000164d   Thumb Code    16  rt_ctype_table.o(.text)
    __rt_locale                              0x0000165d   Thumb Code     8  rt_locale_intlibspace.o(.text)
    _printf_fp_infnan                        0x00001665   Thumb Code   120  _printf_fp_infnan.o(.text)
    _btod_etento                             0x000016ed   Thumb Code   210  bigflt0.o(.text)
    _btod_d2e                                0x000017c5   Thumb Code    64  btod.o(.text)
    _btod_emul                               0x00001bf9   Thumb Code    28  btod.o(.text)
    _btod_emuld                              0x00001c15   Thumb Code   144  btod.o(.text)
    _btod_ediv                               0x00001ca5   Thumb Code    26  btod.o(.text)
    _btod_edivd                              0x00001cbf   Thumb Code   124  btod.o(.text)
    exit                                     0x00001d45   Thumb Code    16  exit.o(.text)
    __fpl_cmpreturn                          0x00001d55   Thumb Code    46  cmpret.o(.text)
    __fpl_dcheck_NaN2                        0x00001d85   Thumb Code    14  dnan2.o(.text)
    __fpl_fcheck_NaN2                        0x00001d99   Thumb Code    10  fnan2.o(.text)
    __user_libspace                          0x00001da9   Thumb Code     8  libspace.o(.text)
    __user_perproc_libspace                  0x00001da9   Thumb Code     0  libspace.o(.text)
    __user_perthread_libspace                0x00001da9   Thumb Code     0  libspace.o(.text)
    strcmp                                   0x00001db1   Thumb Code   132  strcmp.o(.text)
    __fpl_return_NaN                         0x00001e39   Thumb Code    94  retnan.o(.text)
    _sys_exit                                0x00001e99   Thumb Code     8  sys_exit.o(.text)
    __I$use$semihosting                      0x00001ea5   Thumb Code     0  use_no_semi.o(.text)
    __use_no_semihosting_swi                 0x00001ea5   Thumb Code     2  use_no_semi.o(.text)
    __semihosting_library_function           0x00001ea7   Thumb Code     0  indicate_semi.o(.text)
    DL_Common_delayCycles                    0x00001ed5   Thumb Code    20  dl_common.o(.text.DL_Common_delayCycles)
    DL_FactoryRegion_initTrimTable           0x00001fb1   Thumb Code   104  dl_factoryregion.o(.text.DL_FactoryRegion_initTrimTable)
    DL_SPI_init                              0x00002315   Thumb Code    64  dl_spi.o(.text.DL_SPI_init)
    DL_SPI_setClockConfig                    0x000023c5   Thumb Code    32  dl_spi.o(.text.DL_SPI_setClockConfig)
    DL_SYSCTL_configFCC                      0x00002431   Thumb Code    36  dl_sysctl_mspm0gx51x.o(.text.DL_SYSCTL_configFCC)
    DL_SYSCTL_configSYSPLL                   0x00002455   Thumb Code   216  dl_sysctl_mspm0gx51x.o(.text.DL_SYSCTL_configSYSPLL)
    DL_SYSCTL_setHFCLKSourceHFXTParams       0x00002675   Thumb Code   108  dl_sysctl_mspm0gx51x.o(.text.DL_SYSCTL_setHFCLKSourceHFXTParams)
    DL_SYSCTL_switchMCLKfromSYSOSCtoHSCLK    0x00002795   Thumb Code    72  dl_sysctl_mspm0gx51x.o(.text.DL_SYSCTL_switchMCLKfromSYSOSCtoHSCLK)
    DL_Timer_initFourCCPWMMode               0x000028c9   Thumb Code   232  dl_timer.o(.text.DL_Timer_initFourCCPWMMode)
    DL_Timer_setCaptCompUpdateMethod         0x00002ae5   Thumb Code    48  dl_timer.o(.text.DL_Timer_setCaptCompUpdateMethod)
    DL_Timer_setCaptureCompareAction         0x00002b15   Thumb Code    44  dl_timer.o(.text.DL_Timer_setCaptureCompareAction)
    DL_Timer_setCaptureCompareCtl            0x00002b49   Thumb Code    52  dl_timer.o(.text.DL_Timer_setCaptureCompareCtl)
    DL_Timer_setCaptureCompareInput          0x00002b85   Thumb Code    52  dl_timer.o(.text.DL_Timer_setCaptureCompareInput)
    DL_Timer_setCaptureCompareOutCtl         0x00002bb9   Thumb Code    60  dl_timer.o(.text.DL_Timer_setCaptureCompareOutCtl)
    DL_Timer_setCaptureCompareValue          0x00002bf9   Thumb Code    40  dl_timer.o(.text.DL_Timer_setCaptureCompareValue)
    DL_Timer_setClockConfig                  0x00002c25   Thumb Code    44  dl_timer.o(.text.DL_Timer_setClockConfig)
    DL_UART_init                             0x00002d1d   Thumb Code    68  dl_uart.o(.text.DL_UART_init)
    DL_UART_setClockConfig                   0x00002e09   Thumb Code    32  dl_uart.o(.text.DL_UART_setClockConfig)
    OLED_Clear                               0x00002eaf   Thumb Code   106  spi0_oled.o(.text.OLED_Clear)
    OLED_Display_On                          0x00002f19   Thumb Code    34  spi0_oled.o(.text.OLED_Display_On)
    OLED_Init                                0x00002f3d   Thumb Code   276  spi0_oled.o(.text.OLED_Init)
    OLED_Set_Pos                             0x00003055   Thumb Code    72  spi0_oled.o(.text.OLED_Set_Pos)
    OLED_ShowChar                            0x0000309d   Thumb Code   128  spi0_oled.o(.text.OLED_ShowChar)
    OLED_ShowString                          0x00003121   Thumb Code   104  spi0_oled.o(.text.OLED_ShowString)
    OLED_WR_Byte                             0x00003189   Thumb Code   132  spi0_oled.o(.text.OLED_WR_Byte)
    OLED_spi0_init                           0x0000320d   Thumb Code    72  spi0_oled.o(.text.OLED_spi0_init)
    SYSCFG_DL_GPIO_init                      0x00003255   Thumb Code   320  ti_msp_dl_config.o(.text.SYSCFG_DL_GPIO_init)
    SYSCFG_DL_SPI_0_init                     0x000033a1   Thumb Code    52  ti_msp_dl_config.o(.text.SYSCFG_DL_SPI_0_init)
    SYSCFG_DL_SYSCTL_SYSPLL_init             0x000033e1   Thumb Code   220  ti_msp_dl_config.o(.text.SYSCFG_DL_SYSCTL_SYSPLL_init)
    SYSCFG_DL_SYSCTL_init                    0x000034c9   Thumb Code   132  ti_msp_dl_config.o(.text.SYSCFG_DL_SYSCTL_init)
    SYSCFG_DL_TRNG_init                      0x00003551   Thumb Code    60  ti_msp_dl_config.o(.text.SYSCFG_DL_TRNG_init)
    SYSCFG_DL_TimerA0_PWM_init               0x0000358d   Thumb Code   132  ti_msp_dl_config.o(.text.SYSCFG_DL_TimerA0_PWM_init)
    SYSCFG_DL_UART_4_init                    0x00003619   Thumb Code    72  ti_msp_dl_config.o(.text.SYSCFG_DL_UART_4_init)
    SYSCFG_DL_init                           0x00003669   Thumb Code    52  ti_msp_dl_config.o(.text.SYSCFG_DL_init)
    SYSCFG_DL_initPower                      0x000036a9   Thumb Code   112  ti_msp_dl_config.o(.text.SYSCFG_DL_initPower)
    delay_ms                                 0x000037cf   Thumb Code    22  delay.o(.text.delay_ms)
    delay_us                                 0x000037e5   Thumb Code    20  delay.o(.text.delay_us)
    get_keyboard_value                       0x000037f9   Thumb Code   176  keyboard.o(.text.get_keyboard_value)
    gray_sensor_init                         0x000038b5   Thumb Code    16  gray_sensor.o(.text.gray_sensor_init)
    gray_sensor_read_all                     0x000038c9   Thumb Code   184  gray_sensor.o(.text.gray_sensor_read_all)
    gray_sensor_recv_rsp                     0x00003989   Thumb Code   124  gray_sensor.o(.text.gray_sensor_recv_rsp)
    gray_sensor_send_req                     0x00003a09   Thumb Code   148  gray_sensor.o(.text.gray_sensor_send_req)
    imu_get_gyro_z                           0x00003c7d   Thumb Code    54  imu_mpu9250.o(.text.imu_get_gyro_z)
    imu_get_whoami                           0x00003cb3   Thumb Code    48  imu_mpu9250.o(.text.imu_get_whoami)
    imu_init                                 0x00003ce5   Thumb Code   300  imu_mpu9250.o(.text.imu_init)
    imu_scan_i2c                             0x00003e19   Thumb Code    96  imu_mpu9250.o(.text.imu_scan_i2c)
    keyboard_init                            0x00003e79   Thumb Code    16  keyboard.o(.text.keyboard_init)
    line_follow_get_base_speed               0x00003e8d   Thumb Code     8  line_follow.o(.text.line_follow_get_base_speed)
    line_follow_get_kd                       0x00003e95   Thumb Code     8  line_follow.o(.text.line_follow_get_kd)
    line_follow_get_ki                       0x00003e9d   Thumb Code     8  line_follow.o(.text.line_follow_get_ki)
    line_follow_get_kp                       0x00003ea5   Thumb Code     8  line_follow.o(.text.line_follow_get_kp)
    line_follow_init                         0x00003ead   Thumb Code    20  line_follow.o(.text.line_follow_init)
    line_follow_set_base_speed               0x00003ec1   Thumb Code    16  line_follow.o(.text.line_follow_set_base_speed)
    line_follow_set_kd                       0x00003ed1   Thumb Code    16  line_follow.o(.text.line_follow_set_kd)
    line_follow_set_ki                       0x00003ee1   Thumb Code    16  line_follow.o(.text.line_follow_set_ki)
    line_follow_set_kp                       0x00003ef1   Thumb Code    16  line_follow.o(.text.line_follow_set_kp)
    line_follow_update                       0x00003f01   Thumb Code   496  line_follow.o(.text.line_follow_update)
    main                                     0x0000411d   Thumb Code  2652  main.o(.text.main)
    motor_ctrl_init                          0x00004bf5   Thumb Code    52  motor_ctrl.o(.text.motor_ctrl_init)
    motor_set_speed                          0x00004c29   Thumb Code   296  motor_ctrl.o(.text.motor_set_speed)
    __ARM_common_ll_muluu                    0x00004fd9   Thumb Code    48  btod.o(i.__ARM_common_ll_muluu)
    __ARM_fpclassify                         0x00005009   Thumb Code    40  fpclassify.o(i.__ARM_fpclassify)
    __aeabi_dcmpge                           0x00005035   Thumb Code     0  dcmp.o(i._dgeq)
    _dgeq                                    0x00005035   Thumb Code    22  dcmp.o(i._dgeq)
    __aeabi_dcmple                           0x0000504b   Thumb Code     0  dcmp.o(i._dleq)
    _dleq                                    0x0000504b   Thumb Code    26  dcmp.o(i._dleq)
    __aeabi_fcmple                           0x00005065   Thumb Code     0  fcmp.o(i._fleq)
    _fleq                                    0x00005065   Thumb Code    26  fcmp.o(i._fleq)
    _is_digit                                0x0000507f   Thumb Code    14  __printf_wp.o(i._is_digit)
    _get_lc_numeric                          0x0000508d   Thumb Code    44  lc_numeric_c.o(locale$$code)
    _get_lc_ctype                            0x000050b9   Thumb Code    44  lc_ctype_c.o(locale$$code)
    _dcmpge                                  0x000050e5   Thumb Code    94  dgef.o(x$fpl$dgeqf)
    __aeabi_cdcmple                          0x00005149   Thumb Code     0  dlef.o(x$fpl$dleqf)
    _dcmple                                  0x00005149   Thumb Code    94  dlef.o(x$fpl$dleqf)
    __aeabi_fadd                             0x000051ad   Thumb Code     0  faddsub.o(x$fpl$fadd)
    _fadd                                    0x000051ad   Thumb Code   134  faddsub.o(x$fpl$fadd)
    __aeabi_cfcmple                          0x00005239   Thumb Code     0  flef.o(x$fpl$fleqf)
    _fcmple                                  0x00005239   Thumb Code    78  flef.o(x$fpl$fleqf)
    __aeabi_fsub                             0x0000528d   Thumb Code     0  faddsub.o(x$fpl$fsub)
    _fsub                                    0x0000528d   Thumb Code   204  faddsub.o(x$fpl$fsub)
    _printf_fp_dec                           0x0000535d   Thumb Code    16  printf1.o(x$fpl$printf1)
    _printf_fp_hex                           0x0000536d   Thumb Code    16  printf2.o(x$fpl$printf2)
    __I$use$fp                               0x0000537c   Number         0  usenofp.o(x$fpl$usenofp)
    F6x8                                     0x000054b8   Data         552  spi0_oled.o(.rodata.F6x8)
    Region$$Table$$Base                      0x00005af0   Number         0  anon$$obj.o(Region$$Table)
    Region$$Table$$Limit                     0x00005b10   Number         0  anon$$obj.o(Region$$Table)
    __ctype                                  0x00005b39   Data           0  lc_ctype_c.o(locale$$data)
    DL_FACTORYREGION_TrimTable               0x20200000   Data          68  dl_factoryregion.o(.TrimTable)
    FACTORYVALUE                             0x20200044   Data           4  dl_factoryregion.o(.data.FACTORYVALUE)
    __libspace_start                         0x20200058   Data          96  libspace.o(.bss)
    __temporary_stack_top$libspace           0x202000b8   Data           0  libspace.o(.bss)
    gSPI_0Backup                             0x202000b8   Data          40  ti_msp_dl_config.o(.bss.gSPI_0Backup)
    gTRNGBackup                              0x202000e0   Data          16  ti_msp_dl_config.o(.bss.gTRNGBackup)
    gTimerA0_PWMBackup                       0x202000f0   Data         188  ti_msp_dl_config.o(.bss.gTimerA0_PWMBackup)



==============================================================================

Memory Map of the image

  Image Entry point : 0x000000c1

  Load Region LR_IROM1 (Base: 0x00000000, Size: 0x00005c98, Max: 0x00080000, ABSOLUTE)

    Execution Region ER_IROM1 (Exec base: 0x00000000, Load base: 0x00000000, Size: 0x00005c3c, Max: 0x00080000, ABSOLUTE)

    Exec Addr    Load Addr    Size         Type   Attr      Idx    E Section Name        Object

    0x00000000   0x00000000   0x000000c0   Data   RO         1719    RESET               startup_mspm0g351x_uvision.o
    0x000000c0   0x000000c0   0x00000008   Code   RO         1736  * !!!main             c_p.l(__main.o)
    0x000000c8   0x000000c8   0x00000054   Code   RO         2132    !!!scatter          c_p.l(__scatter.o)
    0x0000011c   0x0000011c   0x00000004   PAD
    0x00000120   0x00000120   0x0000001a   Code   RO         2136    !!handler_copy      c_p.l(__scatter_copy.o)
    0x0000013a   0x0000013a   0x00000006   PAD
    0x00000140   0x00000140   0x00000002   Code   RO         2133    !!handler_null      c_p.l(__scatter.o)
    0x00000142   0x00000142   0x00000006   PAD
    0x00000148   0x00000148   0x0000001c   Code   RO         2138    !!handler_zi        c_p.l(__scatter_zi.o)
    0x00000164   0x00000164   0x00000002   Code   RO         1863    .ARM.Collect$$_printf_percent$$00000000  c_p.l(_printf_percent.o)
    0x00000166   0x00000166   0x0000000a   Code   RO         1852    .ARM.Collect$$_printf_percent$$00000001  c_p.l(_printf_n.o)
    0x00000170   0x00000170   0x0000000a   Code   RO         1854    .ARM.Collect$$_printf_percent$$00000002  c_p.l(_printf_p.o)
    0x0000017a   0x0000017a   0x0000000a   Code   RO         1859    .ARM.Collect$$_printf_percent$$00000003  c_p.l(_printf_f.o)
    0x00000184   0x00000184   0x0000000a   Code   RO         1860    .ARM.Collect$$_printf_percent$$00000004  c_p.l(_printf_e.o)
    0x0000018e   0x0000018e   0x0000000a   Code   RO         1861    .ARM.Collect$$_printf_percent$$00000005  c_p.l(_printf_g.o)
    0x00000198   0x00000198   0x0000000a   Code   RO         1862    .ARM.Collect$$_printf_percent$$00000006  c_p.l(_printf_a.o)
    0x000001a2   0x000001a2   0x0000000a   Code   RO         1867    .ARM.Collect$$_printf_percent$$00000007  c_p.l(_printf_ll.o)
    0x000001ac   0x000001ac   0x0000000a   Code   RO         1856    .ARM.Collect$$_printf_percent$$00000008  c_p.l(_printf_i.o)
    0x000001b6   0x000001b6   0x0000000a   Code   RO         1857    .ARM.Collect$$_printf_percent$$00000009  c_p.l(_printf_d.o)
    0x000001c0   0x000001c0   0x0000000a   Code   RO         1858    .ARM.Collect$$_printf_percent$$0000000A  c_p.l(_printf_u.o)
    0x000001ca   0x000001ca   0x0000000a   Code   RO         1855    .ARM.Collect$$_printf_percent$$0000000B  c_p.l(_printf_o.o)
    0x000001d4   0x000001d4   0x0000000a   Code   RO         1853    .ARM.Collect$$_printf_percent$$0000000C  c_p.l(_printf_x.o)
    0x000001de   0x000001de   0x0000000a   Code   RO         1864    .ARM.Collect$$_printf_percent$$0000000D  c_p.l(_printf_lli.o)
    0x000001e8   0x000001e8   0x0000000a   Code   RO         1865    .ARM.Collect$$_printf_percent$$0000000E  c_p.l(_printf_lld.o)
    0x000001f2   0x000001f2   0x0000000a   Code   RO         1866    .ARM.Collect$$_printf_percent$$0000000F  c_p.l(_printf_llu.o)
    0x000001fc   0x000001fc   0x0000000a   Code   RO         1871    .ARM.Collect$$_printf_percent$$00000010  c_p.l(_printf_llo.o)
    0x00000206   0x00000206   0x0000000a   Code   RO         1872    .ARM.Collect$$_printf_percent$$00000011  c_p.l(_printf_llx.o)
    0x00000210   0x00000210   0x0000000a   Code   RO         1868    .ARM.Collect$$_printf_percent$$00000012  c_p.l(_printf_l.o)
    0x0000021a   0x0000021a   0x0000000a   Code   RO         1850    .ARM.Collect$$_printf_percent$$00000013  c_p.l(_printf_c.o)
    0x00000224   0x00000224   0x0000000a   Code   RO         1851    .ARM.Collect$$_printf_percent$$00000014  c_p.l(_printf_s.o)
    0x0000022e   0x0000022e   0x0000000a   Code   RO         1869    .ARM.Collect$$_printf_percent$$00000015  c_p.l(_printf_lc.o)
    0x00000238   0x00000238   0x0000000a   Code   RO         1870    .ARM.Collect$$_printf_percent$$00000016  c_p.l(_printf_ls.o)
    0x00000242   0x00000242   0x00000004   Code   RO         1928    .ARM.Collect$$_printf_percent$$00000017  c_p.l(_printf_percent_end.o)
    0x00000246   0x00000246   0x00000002   Code   RO         1972    .ARM.Collect$$libinit$$00000000  c_p.l(libinit.o)
    0x00000248   0x00000248   0x00000000   Code   RO         2003    .ARM.Collect$$libinit$$00000002  c_p.l(libinit2.o)
    0x00000248   0x00000248   0x00000000   Code   RO         2005    .ARM.Collect$$libinit$$00000004  c_p.l(libinit2.o)
    0x00000248   0x00000248   0x00000000   Code   RO         2007    .ARM.Collect$$libinit$$00000006  c_p.l(libinit2.o)
    0x00000248   0x00000248   0x00000000   Code   RO         2010    .ARM.Collect$$libinit$$0000000C  c_p.l(libinit2.o)
    0x00000248   0x00000248   0x00000000   Code   RO         2012    .ARM.Collect$$libinit$$0000000E  c_p.l(libinit2.o)
    0x00000248   0x00000248   0x00000000   Code   RO         2014    .ARM.Collect$$libinit$$00000010  c_p.l(libinit2.o)
    0x00000248   0x00000248   0x00000006   Code   RO         2015    .ARM.Collect$$libinit$$00000011  c_p.l(libinit2.o)
    0x0000024e   0x0000024e   0x00000000   Code   RO         2017    .ARM.Collect$$libinit$$00000013  c_p.l(libinit2.o)
    0x0000024e   0x0000024e   0x0000000c   Code   RO         2018    .ARM.Collect$$libinit$$00000014  c_p.l(libinit2.o)
    0x0000025a   0x0000025a   0x00000000   Code   RO         2019    .ARM.Collect$$libinit$$00000015  c_p.l(libinit2.o)
    0x0000025a   0x0000025a   0x00000000   Code   RO         2021    .ARM.Collect$$libinit$$00000017  c_p.l(libinit2.o)
    0x0000025a   0x0000025a   0x0000000a   Code   RO         2022    .ARM.Collect$$libinit$$00000018  c_p.l(libinit2.o)
    0x00000264   0x00000264   0x00000000   Code   RO         2023    .ARM.Collect$$libinit$$00000019  c_p.l(libinit2.o)
    0x00000264   0x00000264   0x00000000   Code   RO         2025    .ARM.Collect$$libinit$$0000001B  c_p.l(libinit2.o)
    0x00000264   0x00000264   0x00000000   Code   RO         2027    .ARM.Collect$$libinit$$0000001D  c_p.l(libinit2.o)
    0x00000264   0x00000264   0x00000000   Code   RO         2029    .ARM.Collect$$libinit$$0000001F  c_p.l(libinit2.o)
    0x00000264   0x00000264   0x00000000   Code   RO         2031    .ARM.Collect$$libinit$$00000021  c_p.l(libinit2.o)
    0x00000264   0x00000264   0x00000000   Code   RO         2033    .ARM.Collect$$libinit$$00000023  c_p.l(libinit2.o)
    0x00000264   0x00000264   0x00000000   Code   RO         2035    .ARM.Collect$$libinit$$00000025  c_p.l(libinit2.o)
    0x00000264   0x00000264   0x00000000   Code   RO         2037    .ARM.Collect$$libinit$$00000027  c_p.l(libinit2.o)
    0x00000264   0x00000264   0x00000000   Code   RO         2041    .ARM.Collect$$libinit$$0000002E  c_p.l(libinit2.o)
    0x00000264   0x00000264   0x00000000   Code   RO         2043    .ARM.Collect$$libinit$$00000030  c_p.l(libinit2.o)
    0x00000264   0x00000264   0x00000000   Code   RO         2045    .ARM.Collect$$libinit$$00000032  c_p.l(libinit2.o)
    0x00000264   0x00000264   0x00000000   Code   RO         2047    .ARM.Collect$$libinit$$00000034  c_p.l(libinit2.o)
    0x00000264   0x00000264   0x00000002   Code   RO         2048    .ARM.Collect$$libinit$$00000035  c_p.l(libinit2.o)
    0x00000266   0x00000266   0x00000002   Code   RO         2087    .ARM.Collect$$libshutdown$$00000000  c_p.l(libshutdown.o)
    0x00000268   0x00000268   0x00000000   Code   RO         2115    .ARM.Collect$$libshutdown$$00000002  c_p.l(libshutdown2.o)
    0x00000268   0x00000268   0x00000000   Code   RO         2117    .ARM.Collect$$libshutdown$$00000004  c_p.l(libshutdown2.o)
    0x00000268   0x00000268   0x00000000   Code   RO         2120    .ARM.Collect$$libshutdown$$00000007  c_p.l(libshutdown2.o)
    0x00000268   0x00000268   0x00000000   Code   RO         2123    .ARM.Collect$$libshutdown$$0000000A  c_p.l(libshutdown2.o)
    0x00000268   0x00000268   0x00000000   Code   RO         2125    .ARM.Collect$$libshutdown$$0000000C  c_p.l(libshutdown2.o)
    0x00000268   0x00000268   0x00000000   Code   RO         2128    .ARM.Collect$$libshutdown$$0000000F  c_p.l(libshutdown2.o)
    0x00000268   0x00000268   0x00000002   Code   RO         2129    .ARM.Collect$$libshutdown$$00000010  c_p.l(libshutdown2.o)
    0x0000026a   0x0000026a   0x00000000   Code   RO         1777    .ARM.Collect$$rtentry$$00000000  c_p.l(__rtentry.o)
    0x0000026a   0x0000026a   0x00000000   Code   RO         1895    .ARM.Collect$$rtentry$$00000002  c_p.l(__rtentry2.o)
    0x0000026a   0x0000026a   0x00000006   Code   RO         1907    .ARM.Collect$$rtentry$$00000004  c_p.l(__rtentry4.o)
    0x00000270   0x00000270   0x00000000   Code   RO         1897    .ARM.Collect$$rtentry$$00000009  c_p.l(__rtentry2.o)
    0x00000270   0x00000270   0x00000004   Code   RO         1898    .ARM.Collect$$rtentry$$0000000A  c_p.l(__rtentry2.o)
    0x00000274   0x00000274   0x00000000   Code   RO         1900    .ARM.Collect$$rtentry$$0000000C  c_p.l(__rtentry2.o)
    0x00000274   0x00000274   0x00000008   Code   RO         1901    .ARM.Collect$$rtentry$$0000000D  c_p.l(__rtentry2.o)
    0x0000027c   0x0000027c   0x00000002   Code   RO         1987    .ARM.Collect$$rtexit$$00000000  c_p.l(rtexit.o)
    0x0000027e   0x0000027e   0x00000000   Code   RO         2056    .ARM.Collect$$rtexit$$00000002  c_p.l(rtexit2.o)
    0x0000027e   0x0000027e   0x00000004   Code   RO         2057    .ARM.Collect$$rtexit$$00000003  c_p.l(rtexit2.o)
    0x00000282   0x00000282   0x00000006   Code   RO         2058    .ARM.Collect$$rtexit$$00000004  c_p.l(rtexit2.o)
    0x00000288   0x00000288   0x0000002c   Code   RO         1720    .text               startup_mspm0g351x_uvision.o
    0x000002b4   0x000002b4   0x00000040   Code   RO         1728    .text               c_p.l(snprintf.o)
    0x000002f4   0x000002f4   0x0000016c   Code   RO         1730    .text               c_p.l(aeabi_sdiv.o)
    0x00000460   0x00000460   0x00000006   Code   RO         1734    .text               c_p.l(heapauxi.o)
    0x00000466   0x00000466   0x00000058   Code   RO         1750    .text               fz_ps.l(dflti.o)
    0x000004be   0x000004be   0x00000002   PAD
    0x000004c0   0x000004c0   0x00000054   Code   RO         1752    .text               fz_ps.l(f2d.o)
    0x00000514   0x00000514   0x00000160   Code   RO         1772    .text               fz_ps.l(fdiv.o)
    0x00000674   0x00000674   0x0000005e   Code   RO         1775    .text               fz_ps.l(fflti.o)
    0x000006d2   0x000006d2   0x0000004e   Code   RO         1784    .text               c_p.l(_printf_pad.o)
    0x00000720   0x00000720   0x00000024   Code   RO         1786    .text               c_p.l(_printf_truncate.o)
    0x00000744   0x00000744   0x00000052   Code   RO         1788    .text               c_p.l(_printf_str.o)
    0x00000796   0x00000796   0x00000002   PAD
    0x00000798   0x00000798   0x0000006c   Code   RO         1790    .text               c_p.l(_printf_dec.o)
    0x00000804   0x00000804   0x00000026   Code   RO         1792    .text               c_p.l(_printf_charcount.o)
    0x0000082a   0x0000082a   0x00000002   PAD
    0x0000082c   0x0000082c   0x00000030   Code   RO         1794    .text               c_p.l(_printf_char_common.o)
    0x0000085c   0x0000085c   0x00000010   Code   RO         1796    .text               c_p.l(_snputc.o)
    0x0000086c   0x0000086c   0x000000bc   Code   RO         1798    .text               c_p.l(_printf_wctomb.o)
    0x00000928   0x00000928   0x00000070   Code   RO         1801    .text               c_p.l(_printf_longlong_dec.o)
    0x00000998   0x00000998   0x00000070   Code   RO         1807    .text               c_p.l(_printf_oct_int_ll.o)
    0x00000a08   0x00000a08   0x00000098   Code   RO         1827    .text               c_p.l(_printf_hex_int_ll_ptr.o)
    0x00000aa0   0x00000aa0   0x00000188   Code   RO         1847    .text               c_p.l(__printf_flags_ss_wp.o)
    0x00000c28   0x00000c28   0x0000007a   Code   RO         1911    .text               c_p.l(lludiv10.o)
    0x00000ca2   0x00000ca2   0x000000b0   Code   RO         1913    .text               c_p.l(_printf_intcommon.o)
    0x00000d52   0x00000d52   0x00000002   PAD
    0x00000d54   0x00000d54   0x00000414   Code   RO         1915    .text               c_p.l(_printf_fp_dec.o)
    0x00001168   0x00001168   0x000002d8   Code   RO         1919    .text               c_p.l(_printf_fp_hex.o)
    0x00001440   0x00001440   0x0000002e   Code   RO         1924    .text               c_p.l(_printf_char.o)
    0x0000146e   0x0000146e   0x0000002e   Code   RO         1926    .text               c_p.l(_printf_wchar.o)
    0x0000149c   0x0000149c   0x00000042   Code   RO         1929    .text               c_p.l(_c16rtomb.o)
    0x000014de   0x000014de   0x00000028   Code   RO         1931    .text               c_p.l(rtudiv10.o)
    0x00001506   0x00001506   0x00000002   PAD
    0x00001508   0x00001508   0x000000a0   Code   RO         1933    .text               fz_ps.l(dcmpin.o)
    0x000015a8   0x000015a8   0x00000064   Code   RO         1935    .text               fz_ps.l(fcmpin.o)
    0x0000160c   0x0000160c   0x0000003e   Code   RO         1937    .text               c_p.l(sys_stackheap_outer.o)
    0x0000164a   0x0000164a   0x00000002   PAD
    0x0000164c   0x0000164c   0x00000010   Code   RO         1940    .text               c_p.l(rt_ctype_table.o)
    0x0000165c   0x0000165c   0x00000008   Code   RO         1945    .text               c_p.l(rt_locale_intlibspace.o)
    0x00001664   0x00001664   0x00000088   Code   RO         1947    .text               c_p.l(_printf_fp_infnan.o)
    0x000016ec   0x000016ec   0x000000d8   Code   RO         1949    .text               c_p.l(bigflt0.o)
    0x000017c4   0x000017c4   0x00000580   Code   RO         1952    .text               c_p.l(btod.o)
    0x00001d44   0x00001d44   0x00000010   Code   RO         1961    .text               c_p.l(exit.o)
    0x00001d54   0x00001d54   0x0000002e   Code   RO         1973    .text               fz_ps.l(cmpret.o)
    0x00001d82   0x00001d82   0x00000002   PAD
    0x00001d84   0x00001d84   0x00000014   Code   RO         1975    .text               fz_ps.l(dnan2.o)
    0x00001d98   0x00001d98   0x00000010   Code   RO         1977    .text               fz_ps.l(fnan2.o)
    0x00001da8   0x00001da8   0x00000008   Code   RO         1983    .text               c_p.l(libspace.o)
    0x00001db0   0x00001db0   0x00000088   Code   RO         2000    .text               c_p.l(strcmp.o)
    0x00001e38   0x00001e38   0x0000005e   Code   RO         2049    .text               fz_ps.l(retnan.o)
    0x00001e96   0x00001e96   0x00000002   PAD
    0x00001e98   0x00001e98   0x0000000c   Code   RO         2051    .text               c_p.l(sys_exit.o)
    0x00001ea4   0x00001ea4   0x00000002   Code   RO         2076    .text               c_p.l(use_no_semi.o)
    0x00001ea6   0x00001ea6   0x00000000   Code   RO         2078    .text               c_p.l(indicate_semi.o)
    0x00001ea6   0x00001ea6   0x00000002   PAD
    0x00001ea8   0x00001ea8   0x0000001c   Code   RO         1653    .text.DL_CORE_configInstruction  dl_sysctl_mspm0gx51x.o
    0x00001ec4   0x00001ec4   0x00000010   Code   RO         1651    .text.DL_CORE_getInstructionConfig  dl_sysctl_mspm0gx51x.o
    0x00001ed4   0x00001ed4   0x00000014   Code   RO          489    .text.DL_Common_delayCycles  dl_common.o
    0x00001ee8   0x00001ee8   0x00000028   Code   RO          370    .text.DL_Common_updateReg  ti_msp_dl_config.o
    0x00001f10   0x00001f10   0x00000028   Code   RO         1334    .text.DL_Common_updateReg  dl_spi.o
    0x00001f38   0x00001f38   0x00000028   Code   RO         1424    .text.DL_Common_updateReg  dl_timer.o
    0x00001f60   0x00001f60   0x00000028   Code   RO         1545    .text.DL_Common_updateReg  dl_uart.o
    0x00001f88   0x00001f88   0x00000028   Code   RO         1649    .text.DL_Common_updateReg  dl_sysctl_mspm0gx51x.o
    0x00001fb0   0x00001fb0   0x000000b0   Code   RO         1619    .text.DL_FactoryRegion_initTrimTable  dl_factoryregion.o
    0x00002060   0x00002060   0x00000018   Code   RO         1645    .text.DL_FactoryRegion_isTrimTableInSram  dl_sysctl_mspm0gx51x.o
    0x00002078   0x00002078   0x00000014   Code   RO           19    .text.DL_GPIO_clearPins  spi0_oled.o
    0x0000208c   0x0000208c   0x00000014   Code   RO           67    .text.DL_GPIO_clearPins  keyboard.o
    0x000020a0   0x000020a0   0x00000014   Code   RO           83    .text.DL_GPIO_clearPins  motor_ctrl.o
    0x000020b4   0x000020b4   0x00000014   Code   RO          206    .text.DL_GPIO_clearPins  imu_mpu9250.o
    0x000020c8   0x000020c8   0x00000014   Code   RO          298    .text.DL_GPIO_clearPins  ti_msp_dl_config.o
    0x000020dc   0x000020dc   0x00000014   Code   RO          184    .text.DL_GPIO_disableOutput  imu_mpu9250.o
    0x000020f0   0x000020f0   0x00000014   Code   RO          103    .text.DL_GPIO_enableOutput  gray_sensor.o
    0x00002104   0x00002104   0x00000014   Code   RO          182    .text.DL_GPIO_enableOutput  imu_mpu9250.o
    0x00002118   0x00002118   0x00000018   Code   RO          288    .text.DL_GPIO_enableOutput  ti_msp_dl_config.o
    0x00002130   0x00002130   0x00000014   Code   RO          274    .text.DL_GPIO_enablePower  ti_msp_dl_config.o
    0x00002144   0x00002144   0x00000048   Code   RO          296    .text.DL_GPIO_initDigitalInputFeatures  ti_msp_dl_config.o
    0x0000218c   0x0000218c   0x00000014   Code   RO          292    .text.DL_GPIO_initDigitalOutput  ti_msp_dl_config.o
    0x000021a0   0x000021a0   0x0000002c   Code   RO          178    .text.DL_GPIO_initDigitalOutputFeatures  imu_mpu9250.o
    0x000021cc   0x000021cc   0x0000002c   Code   RO          294    .text.DL_GPIO_initDigitalOutputFeatures  ti_msp_dl_config.o
    0x000021f8   0x000021f8   0x00000014   Code   RO          284    .text.DL_GPIO_initPeripheralAnalogFunction  ti_msp_dl_config.o
    0x0000220c   0x0000220c   0x0000001c   Code   RO          290    .text.DL_GPIO_initPeripheralInputFunction  ti_msp_dl_config.o
    0x00002228   0x00002228   0x0000001c   Code   RO          286    .text.DL_GPIO_initPeripheralOutputFunction  ti_msp_dl_config.o
    0x00002244   0x00002244   0x00000016   Code   RO           69    .text.DL_GPIO_readPins  keyboard.o
    0x0000225a   0x0000225a   0x00000016   Code   RO          210    .text.DL_GPIO_readPins  imu_mpu9250.o
    0x00002270   0x00002270   0x00000010   Code   RO          264    .text.DL_GPIO_reset  ti_msp_dl_config.o
    0x00002280   0x00002280   0x00000014   Code   RO           17    .text.DL_GPIO_setPins  spi0_oled.o
    0x00002294   0x00002294   0x00000014   Code   RO           63    .text.DL_GPIO_setPins  keyboard.o
    0x000022a8   0x000022a8   0x00000014   Code   RO           87    .text.DL_GPIO_setPins  motor_ctrl.o
    0x000022bc   0x000022bc   0x00000014   Code   RO          180    .text.DL_GPIO_setPins  imu_mpu9250.o
    0x000022d0   0x000022d0   0x00000018   Code   RO          300    .text.DL_GPIO_setPins  ti_msp_dl_config.o
    0x000022e8   0x000022e8   0x00000014   Code   RO          358    .text.DL_SPI_enable  ti_msp_dl_config.o
    0x000022fc   0x000022fc   0x00000018   Code   RO          280    .text.DL_SPI_enablePower  ti_msp_dl_config.o
    0x00002314   0x00002314   0x00000048   Code   RO         1332    .text.DL_SPI_init   dl_spi.o
    0x0000235c   0x0000235c   0x00000014   Code   RO           27    .text.DL_SPI_isBusy  spi0_oled.o
    0x00002370   0x00002370   0x00000018   Code   RO           25    .text.DL_SPI_isTXFIFOEmpty  spi0_oled.o
    0x00002388   0x00002388   0x00000018   Code   RO          270    .text.DL_SPI_reset  ti_msp_dl_config.o
    0x000023a0   0x000023a0   0x00000024   Code   RO          354    .text.DL_SPI_setBitRateSerialClockDivider  ti_msp_dl_config.o
    0x000023c4   0x000023c4   0x00000024   Code   RO         1336    .text.DL_SPI_setClockConfig  dl_spi.o
    0x000023e8   0x000023e8   0x00000030   Code   RO          356    .text.DL_SPI_setFIFOThreshold  ti_msp_dl_config.o
    0x00002418   0x00002418   0x00000016   Code   RO           23    .text.DL_SPI_transmitData8  spi0_oled.o
    0x0000242e   0x0000242e   0x00000002   PAD
    0x00002430   0x00002430   0x00000024   Code   RO         1685    .text.DL_SYSCTL_configFCC  dl_sysctl_mspm0gx51x.o
    0x00002454   0x00002454   0x000000f0   Code   RO         1641    .text.DL_SYSCTL_configSYSPLL  dl_sysctl_mspm0gx51x.o
    0x00002544   0x00002544   0x00000010   Code   RO         1683    .text.DL_SYSCTL_disableHFCLKStartupMonitor  dl_sysctl_mspm0gx51x.o
    0x00002554   0x00002554   0x0000000c   Code   RO          318    .text.DL_SYSCTL_disableHFXT  ti_msp_dl_config.o
    0x00002560   0x00002560   0x0000000c   Code   RO         1673    .text.DL_SYSCTL_disableHFXT  dl_sysctl_mspm0gx51x.o
    0x0000256c   0x0000256c   0x00000010   Code   RO          320    .text.DL_SYSCTL_disableSYSPLL  ti_msp_dl_config.o
    0x0000257c   0x0000257c   0x00000010   Code   RO         1643    .text.DL_SYSCTL_disableSYSPLL  dl_sysctl_mspm0gx51x.o
    0x0000258c   0x0000258c   0x00000010   Code   RO         1679    .text.DL_SYSCTL_enableHFCLKStartupMonitor  dl_sysctl_mspm0gx51x.o
    0x0000259c   0x0000259c   0x00000010   Code   RO          330    .text.DL_SYSCTL_enableMFCLK  ti_msp_dl_config.o
    0x000025ac   0x000025ac   0x00000010   Code   RO          332    .text.DL_SYSCTL_enableMFPCLK  ti_msp_dl_config.o
    0x000025bc   0x000025bc   0x00000010   Code   RO          322    .text.DL_SYSCTL_enableSYSPLL  ti_msp_dl_config.o
    0x000025cc   0x000025cc   0x00000010   Code   RO         1655    .text.DL_SYSCTL_enableSYSPLL  dl_sysctl_mspm0gx51x.o
    0x000025dc   0x000025dc   0x00000008   Code   RO          324    .text.DL_SYSCTL_getClockStatus  ti_msp_dl_config.o
    0x000025e4   0x000025e4   0x0000000c   Code   RO         1647    .text.DL_SYSCTL_getClockStatus  dl_sysctl_mspm0gx51x.o
    0x000025f0   0x000025f0   0x00000010   Code   RO          308    .text.DL_SYSCTL_isFCCDone  ti_msp_dl_config.o
    0x00002600   0x00002600   0x0000000c   Code   RO          310    .text.DL_SYSCTL_readFCC  ti_msp_dl_config.o
    0x0000260c   0x0000260c   0x00000018   Code   RO          312    .text.DL_SYSCTL_setBORThreshold  ti_msp_dl_config.o
    0x00002624   0x00002624   0x00000018   Code   RO          304    .text.DL_SYSCTL_setFCCPeriods  ti_msp_dl_config.o
    0x0000263c   0x0000263c   0x0000001c   Code   RO          314    .text.DL_SYSCTL_setFlashWaitState  ti_msp_dl_config.o
    0x00002658   0x00002658   0x0000001c   Code   RO          328    .text.DL_SYSCTL_setHFCLKDividerForMFPCLK  ti_msp_dl_config.o
    0x00002674   0x00002674   0x00000070   Code   RO         1681    .text.DL_SYSCTL_setHFCLKSourceHFXTParams  dl_sysctl_mspm0gx51x.o
    0x000026e4   0x000026e4   0x0000001c   Code   RO         1675    .text.DL_SYSCTL_setHFXTFrequencyRange  dl_sysctl_mspm0gx51x.o
    0x00002700   0x00002700   0x00000018   Code   RO         1677    .text.DL_SYSCTL_setHFXTStartupTime  dl_sysctl_mspm0gx51x.o
    0x00002718   0x00002718   0x00000018   Code   RO         1667    .text.DL_SYSCTL_setHSCLKSource  dl_sysctl_mspm0gx51x.o
    0x00002730   0x00002730   0x00000020   Code   RO          334    .text.DL_SYSCTL_setMFPCLKSource  ti_msp_dl_config.o
    0x00002750   0x00002750   0x0000001c   Code   RO          316    .text.DL_SYSCTL_setSYSOSCFreq  ti_msp_dl_config.o
    0x0000276c   0x0000276c   0x00000018   Code   RO          326    .text.DL_SYSCTL_setULPCLKDivider  ti_msp_dl_config.o
    0x00002784   0x00002784   0x00000010   Code   RO          306    .text.DL_SYSCTL_startFCC  ti_msp_dl_config.o
    0x00002794   0x00002794   0x0000004c   Code   RO         1665    .text.DL_SYSCTL_switchMCLKfromSYSOSCtoHSCLK  dl_sysctl_mspm0gx51x.o
    0x000027e0   0x000027e0   0x00000018   Code   RO          366    .text.DL_TRNG_clearInterruptStatus  ti_msp_dl_config.o
    0x000027f8   0x000027f8   0x00000014   Code   RO          282    .text.DL_TRNG_enablePower  ti_msp_dl_config.o
    0x0000280c   0x0000280c   0x00000018   Code   RO          364    .text.DL_TRNG_isCommandDone  ti_msp_dl_config.o
    0x00002824   0x00002824   0x00000014   Code   RO          272    .text.DL_TRNG_reset  ti_msp_dl_config.o
    0x00002838   0x00002838   0x00000024   Code   RO          362    .text.DL_TRNG_sendCommand  ti_msp_dl_config.o
    0x0000285c   0x0000285c   0x00000018   Code   RO          360    .text.DL_TRNG_setClockDivider  ti_msp_dl_config.o
    0x00002874   0x00002874   0x00000028   Code   RO          368    .text.DL_TRNG_setDecimationRate  ti_msp_dl_config.o
    0x0000289c   0x0000289c   0x00000014   Code   RO          338    .text.DL_Timer_enableClock  ti_msp_dl_config.o
    0x000028b0   0x000028b0   0x00000018   Code   RO          276    .text.DL_Timer_enablePower  ti_msp_dl_config.o
    0x000028c8   0x000028c8   0x000000e8   Code   RO         1502    .text.DL_Timer_initFourCCPWMMode  dl_timer.o
    0x000029b0   0x000029b0   0x0000010c   Code   RO         1504    .text.DL_Timer_initTwoCCPWMMode  dl_timer.o
    0x00002abc   0x00002abc   0x00000014   Code   RO          266    .text.DL_Timer_reset  ti_msp_dl_config.o
    0x00002ad0   0x00002ad0   0x00000014   Code   RO          340    .text.DL_Timer_setCCPDirection  ti_msp_dl_config.o
    0x00002ae4   0x00002ae4   0x00000030   Code   RO         1468    .text.DL_Timer_setCaptCompUpdateMethod  dl_timer.o
    0x00002b14   0x00002b14   0x00000034   Code   RO         1480    .text.DL_Timer_setCaptureCompareAction  dl_timer.o
    0x00002b48   0x00002b48   0x0000003c   Code   RO         1420    .text.DL_Timer_setCaptureCompareCtl  dl_timer.o
    0x00002b84   0x00002b84   0x00000034   Code   RO         1430    .text.DL_Timer_setCaptureCompareInput  dl_timer.o
    0x00002bb8   0x00002bb8   0x00000040   Code   RO         1476    .text.DL_Timer_setCaptureCompareOutCtl  dl_timer.o
    0x00002bf8   0x00002bf8   0x0000002c   Code   RO         1418    .text.DL_Timer_setCaptureCompareValue  dl_timer.o
    0x00002c24   0x00002c24   0x0000002c   Code   RO         1408    .text.DL_Timer_setClockConfig  dl_timer.o
    0x00002c50   0x00002c50   0x00000038   Code   RO          336    .text.DL_Timer_setCounterControl  ti_msp_dl_config.o
    0x00002c88   0x00002c88   0x00000020   Code   RO         1416    .text.DL_Timer_setCounterValueAfterEnable  dl_timer.o
    0x00002ca8   0x00002ca8   0x00000018   Code   RO         1414    .text.DL_Timer_setLoadValue  dl_timer.o
    0x00002cc0   0x00002cc0   0x00000016   Code   RO         1543    .text.DL_UART_disable  dl_uart.o
    0x00002cd6   0x00002cd6   0x00000016   Code   RO          352    .text.DL_UART_enable  ti_msp_dl_config.o
    0x00002cec   0x00002cec   0x00000018   Code   RO          346    .text.DL_UART_enableFIFOs  ti_msp_dl_config.o
    0x00002d04   0x00002d04   0x00000018   Code   RO          278    .text.DL_UART_enablePower  ti_msp_dl_config.o
    0x00002d1c   0x00002d1c   0x00000048   Code   RO         1541    .text.DL_UART_init  dl_uart.o
    0x00002d64   0x00002d64   0x00000014   Code   RO          107    .text.DL_UART_isBusy  gray_sensor.o
    0x00002d78   0x00002d78   0x00000018   Code   RO          113    .text.DL_UART_isRXFIFOEmpty  gray_sensor.o
    0x00002d90   0x00002d90   0x00000014   Code   RO          115    .text.DL_UART_receiveData  gray_sensor.o
    0x00002da4   0x00002da4   0x00000018   Code   RO          268    .text.DL_UART_reset  ti_msp_dl_config.o
    0x00002dbc   0x00002dbc   0x0000004c   Code   RO          344    .text.DL_UART_setBaudRateDivisor  ti_msp_dl_config.o
    0x00002e08   0x00002e08   0x00000024   Code   RO         1547    .text.DL_UART_setClockConfig  dl_uart.o
    0x00002e2c   0x00002e2c   0x0000001e   Code   RO          342    .text.DL_UART_setOversampling  ti_msp_dl_config.o
    0x00002e4a   0x00002e4a   0x00000002   PAD
    0x00002e4c   0x00002e4c   0x00000024   Code   RO          348    .text.DL_UART_setRXFIFOThreshold  ti_msp_dl_config.o
    0x00002e70   0x00002e70   0x00000028   Code   RO          350    .text.DL_UART_setTXFIFOThreshold  ti_msp_dl_config.o
    0x00002e98   0x00002e98   0x00000016   Code   RO          109    .text.DL_UART_transmitData  gray_sensor.o
    0x00002eae   0x00002eae   0x0000006a   Code   RO           35    .text.OLED_Clear    spi0_oled.o
    0x00002f18   0x00002f18   0x00000022   Code   RO           31    .text.OLED_Display_On  spi0_oled.o
    0x00002f3a   0x00002f3a   0x00000002   PAD
    0x00002f3c   0x00002f3c   0x00000118   Code   RO           49    .text.OLED_Init     spi0_oled.o
    0x00003054   0x00003054   0x00000048   Code   RO           29    .text.OLED_Set_Pos  spi0_oled.o
    0x0000309c   0x0000309c   0x00000084   Code   RO           37    .text.OLED_ShowChar  spi0_oled.o
    0x00003120   0x00003120   0x00000068   Code   RO           43    .text.OLED_ShowString  spi0_oled.o
    0x00003188   0x00003188   0x00000084   Code   RO           21    .text.OLED_WR_Byte  spi0_oled.o
    0x0000320c   0x0000320c   0x00000048   Code   RO           15    .text.OLED_spi0_init  spi0_oled.o
    0x00003254   0x00003254   0x0000014c   Code   RO          248    .text.SYSCFG_DL_GPIO_init  ti_msp_dl_config.o
    0x000033a0   0x000033a0   0x00000040   Code   RO          256    .text.SYSCFG_DL_SPI_0_init  ti_msp_dl_config.o
    0x000033e0   0x000033e0   0x000000e8   Code   RO          302    .text.SYSCFG_DL_SYSCTL_SYSPLL_init  ti_msp_dl_config.o
    0x000034c8   0x000034c8   0x00000088   Code   RO          250    .text.SYSCFG_DL_SYSCTL_init  ti_msp_dl_config.o
    0x00003550   0x00003550   0x0000003c   Code   RO          258    .text.SYSCFG_DL_TRNG_init  ti_msp_dl_config.o
    0x0000358c   0x0000358c   0x0000008c   Code   RO          252    .text.SYSCFG_DL_TimerA0_PWM_init  ti_msp_dl_config.o
    0x00003618   0x00003618   0x00000050   Code   RO          254    .text.SYSCFG_DL_UART_4_init  ti_msp_dl_config.o
    0x00003668   0x00003668   0x00000040   Code   RO          244    .text.SYSCFG_DL_init  ti_msp_dl_config.o
    0x000036a8   0x000036a8   0x00000088   Code   RO          246    .text.SYSCFG_DL_initPower  ti_msp_dl_config.o
    0x00003730   0x00003730   0x0000009e   Code   RO          226    .text.apply_direction  main.o
    0x000037ce   0x000037ce   0x00000016   Code   RO            4    .text.delay_ms      delay.o
    0x000037e4   0x000037e4   0x00000014   Code   RO            2    .text.delay_us      delay.o
    0x000037f8   0x000037f8   0x000000bc   Code   RO           65    .text.get_keyboard_value  keyboard.o
    0x000038b4   0x000038b4   0x00000014   Code   RO          101    .text.gray_sensor_init  gray_sensor.o
    0x000038c8   0x000038c8   0x000000c0   Code   RO          117    .text.gray_sensor_read_all  gray_sensor.o
    0x00003988   0x00003988   0x00000080   Code   RO          111    .text.gray_sensor_recv_rsp  gray_sensor.o
    0x00003a08   0x00003a08   0x00000098   Code   RO          105    .text.gray_sensor_send_req  gray_sensor.o
    0x00003aa0   0x00003aa0   0x00000048   Code   RO          186    .text.i2c_bus_reset  imu_mpu9250.o
    0x00003ae8   0x00003ae8   0x000000a0   Code   RO          212    .text.i2c_read_byte  imu_mpu9250.o
    0x00003b88   0x00003b88   0x00000034   Code   RO          168    .text.i2c_start     imu_mpu9250.o
    0x00003bbc   0x00003bbc   0x0000002a   Code   RO          174    .text.i2c_stop      imu_mpu9250.o
    0x00003be6   0x00003be6   0x00000038   Code   RO          172    .text.i2c_wait_ack  imu_mpu9250.o
    0x00003c1e   0x00003c1e   0x0000005e   Code   RO          170    .text.i2c_write_byte  imu_mpu9250.o
    0x00003c7c   0x00003c7c   0x00000036   Code   RO          192    .text.imu_get_gyro_z  imu_mpu9250.o
    0x00003cb2   0x00003cb2   0x00000030   Code   RO          194    .text.imu_get_whoami  imu_mpu9250.o
    0x00003ce2   0x00003ce2   0x00000002   PAD
    0x00003ce4   0x00003ce4   0x00000134   Code   RO          176    .text.imu_init      imu_mpu9250.o
    0x00003e18   0x00003e18   0x00000060   Code   RO          166    .text.imu_scan_i2c  imu_mpu9250.o
    0x00003e78   0x00003e78   0x00000014   Code   RO           61    .text.keyboard_init  keyboard.o
    0x00003e8c   0x00003e8c   0x00000008   Code   RO          139    .text.line_follow_get_base_speed  line_follow.o
    0x00003e94   0x00003e94   0x00000008   Code   RO          137    .text.line_follow_get_kd  line_follow.o
    0x00003e9c   0x00003e9c   0x00000008   Code   RO          135    .text.line_follow_get_ki  line_follow.o
    0x00003ea4   0x00003ea4   0x00000008   Code   RO          133    .text.line_follow_get_kp  line_follow.o
    0x00003eac   0x00003eac   0x00000014   Code   RO          129    .text.line_follow_init  line_follow.o
    0x00003ec0   0x00003ec0   0x00000010   Code   RO          147    .text.line_follow_set_base_speed  line_follow.o
    0x00003ed0   0x00003ed0   0x00000010   Code   RO          145    .text.line_follow_set_kd  line_follow.o
    0x00003ee0   0x00003ee0   0x00000010   Code   RO          143    .text.line_follow_set_ki  line_follow.o
    0x00003ef0   0x00003ef0   0x00000010   Code   RO          141    .text.line_follow_set_kp  line_follow.o
    0x00003f00   0x00003f00   0x0000021c   Code   RO          131    .text.line_follow_update  line_follow.o
    0x0000411c   0x0000411c   0x00000ad8   Code   RO          222    .text.main          main.o
    0x00004bf4   0x00004bf4   0x00000034   Code   RO           81    .text.motor_ctrl_init  motor_ctrl.o
    0x00004c28   0x00004c28   0x00000144   Code   RO           85    .text.motor_set_speed  motor_ctrl.o
    0x00004d6c   0x00004d6c   0x000000e8   Code   RO          188    .text.mpu_read_regs  imu_mpu9250.o
    0x00004e54   0x00004e54   0x00000094   Code   RO          190    .text.mpu_write_reg  imu_mpu9250.o
    0x00004ee8   0x00004ee8   0x0000000c   Code   RO          200    .text.scl_high      imu_mpu9250.o
    0x00004ef4   0x00004ef4   0x0000000c   Code   RO          204    .text.scl_low       imu_mpu9250.o
    0x00004f00   0x00004f00   0x0000001c   Code   RO          202    .text.sda_out_low   imu_mpu9250.o
    0x00004f1c   0x00004f1c   0x00000010   Code   RO          208    .text.sda_read      imu_mpu9250.o
    0x00004f2c   0x00004f2c   0x00000020   Code   RO          198    .text.sda_release   imu_mpu9250.o
    0x00004f4c   0x00004f4c   0x0000008c   Code   RO          224    .text.show_main_menu  main.o
    0x00004fd8   0x00004fd8   0x00000030   Code   RO         1954    i.__ARM_common_ll_muluu  c_p.l(btod.o)
    0x00005008   0x00005008   0x0000002c   Code   RO         1981    i.__ARM_fpclassify  m_ps.l(fpclassify.o)
    0x00005034   0x00005034   0x00000016   Code   RO         1739    i._dgeq             fz_ps.l(dcmp.o)
    0x0000504a   0x0000504a   0x0000001a   Code   RO         1741    i._dleq             fz_ps.l(dcmp.o)
    0x00005064   0x00005064   0x0000001a   Code   RO         1763    i._fleq             fz_ps.l(fcmp.o)
    0x0000507e   0x0000507e   0x0000000e   Code   RO         1840    i._is_digit         c_p.l(__printf_wp.o)
    0x0000508c   0x0000508c   0x0000002c   Code   RO         1959    locale$$code        c_p.l(lc_numeric_c.o)
    0x000050b8   0x000050b8   0x0000002c   Code   RO         1994    locale$$code        c_p.l(lc_ctype_c.o)
    0x000050e4   0x000050e4   0x00000064   Code   RO         1875    x$fpl$dgeqf         fz_ps.l(dgef.o)
    0x00005148   0x00005148   0x00000064   Code   RO         1877    x$fpl$dleqf         fz_ps.l(dlef.o)
    0x000051ac   0x000051ac   0x0000008c   Code   RO         1754    x$fpl$fadd          fz_ps.l(faddsub.o)
    0x00005238   0x00005238   0x00000054   Code   RO         1883    x$fpl$fleqf         fz_ps.l(flef.o)
    0x0000528c   0x0000528c   0x000000d0   Code   RO         1756    x$fpl$fsub          fz_ps.l(faddsub.o)
    0x0000535c   0x0000535c   0x00000010   Code   RO         1885    x$fpl$printf1       fz_ps.l(printf1.o)
    0x0000536c   0x0000536c   0x00000010   Code   RO         1887    x$fpl$printf2       fz_ps.l(printf2.o)
    0x0000537c   0x0000537c   0x00000000   Code   RO         1893    x$fpl$usenofp       fz_ps.l(usenofp.o)
    0x0000537c   0x0000537c   0x00000040   Data   RO         1773    .constdata          fz_ps.l(fdiv.o)
    0x000053bc   0x000053bc   0x00000008   Data   RO         1799    .constdata          c_p.l(_printf_wctomb.o)
    0x000053c4   0x000053c4   0x00000028   Data   RO         1828    .constdata          c_p.l(_printf_hex_int_ll_ptr.o)
    0x000053ec   0x000053ec   0x00000011   Data   RO         1848    .constdata          c_p.l(__printf_flags_ss_wp.o)
    0x000053fd   0x000053fd   0x00000026   Data   RO         1920    .constdata          c_p.l(_printf_fp_hex.o)
    0x00005423   0x00005423   0x00000001   PAD
    0x00005424   0x00005424   0x00000094   Data   RO         1950    .constdata          c_p.l(bigflt0.o)
    0x000054b8   0x000054b8   0x00000228   Data   RO           51    .rodata.F6x8        spi0_oled.o
    0x000056e0   0x000056e0   0x00000010   Data   RO           72    .rodata.col_pins    keyboard.o
    0x000056f0   0x000056f0   0x00000002   Data   RO          381    .rodata.gSPI_0_clockConfig  ti_msp_dl_config.o
    0x000056f2   0x000056f2   0x0000000a   Data   RO          382    .rodata.gSPI_0_config  ti_msp_dl_config.o
    0x000056fc   0x000056fc   0x00000028   Data   RO          376    .rodata.gSYSPLLConfig  ti_msp_dl_config.o
    0x00005724   0x00005724   0x00000003   Data   RO          377    .rodata.gTimerA0_PWMClockConfig  ti_msp_dl_config.o
    0x00005727   0x00005727   0x00000001   PAD
    0x00005728   0x00005728   0x00000008   Data   RO          378    .rodata.gTimerA0_PWMConfig  ti_msp_dl_config.o
    0x00005730   0x00005730   0x00000002   Data   RO          379    .rodata.gUART_4ClockConfig  ti_msp_dl_config.o
    0x00005732   0x00005732   0x0000000a   Data   RO          380    .rodata.gUART_4Config  ti_msp_dl_config.o
    0x0000573c   0x0000573c   0x00000010   Data   RO           73    .rodata.key_map     keyboard.o
    0x0000574c   0x0000574c   0x00000010   Data   RO           71    .rodata.row_pins    keyboard.o
    0x0000575c   0x0000575c   0x00000010   Data   RO          154    .rodata.sensor_weight  line_follow.o
    0x0000576c   0x0000576c   0x0000037d   Data   RO          235    .rodata.str1.1      main.o
    0x00005ae9   0x00005ae9   0x00000007   PAD
    0x00005af0   0x00005af0   0x00000020   Data   RO         2131    Region$$Table       anon$$obj.o
    0x00005b10   0x00005b10   0x0000001c   Data   RO         1958    locale$$data        c_p.l(lc_numeric_c.o)
    0x00005b2c   0x00005b2c   0x00000110   Data   RO         1993    locale$$data        c_p.l(lc_ctype_c.o)


    Execution Region RW_IRAM1 (Exec base: 0x20200000, Load base: 0x00005c40, Size: 0x000021f0, Max: 0x00010000, ABSOLUTE)

    Exec Addr    Load Addr    Size         Type   Attr      Idx    E Section Name        Object

    0x20200000   0x00005c40   0x00000044   Data   RW         1621    .TrimTable          dl_factoryregion.o
    0x20200044   0x00005c84   0x00000004   Data   RW         1622    .data.FACTORYVALUE  dl_factoryregion.o
    0x20200048   0x00005c88   0x00000004   Data   RW          158    .data.g_base_speed  line_follow.o
    0x2020004c   0x00005c8c   0x00000004   Data   RW          155    .data.g_kp          line_follow.o
    0x20200050   0x00005c90   0x00000004   Data   RW          228    .data.main.current_speed  main.o
    0x20200054   0x00005c94   0x00000004   Data   RW          233    .data.main.imu_status  main.o
    0x20200058        -       0x00000060   Zero   RW         1984    .bss                c_p.l(libspace.o)
    0x202000b8        -       0x00000028   Zero   RW          373    .bss.gSPI_0Backup   ti_msp_dl_config.o
    0x202000e0        -       0x00000010   Zero   RW          374    .bss.gTRNGBackup    ti_msp_dl_config.o
    0x202000f0        -       0x000000bc   Zero   RW          372    .bss.gTimerA0_PWMBackup  ti_msp_dl_config.o
    0x202001ac        -       0x00000004   Zero   RW          157    .bss.g_kd           line_follow.o
    0x202001b0        -       0x00000004   Zero   RW          156    .bss.g_ki           line_follow.o
    0x202001b4        -       0x00000001   Zero   RW          153    .bss.initialized    line_follow.o
    0x202001b5   0x00005c98   0x00000003   PAD
    0x202001b8        -       0x00000004   Zero   RW          151    .bss.integral       line_follow.o
    0x202001bc        -       0x00000002   Zero   RW          152    .bss.last_error     line_follow.o
    0x202001be        -       0x00000001   Zero   RW          229    .bss.main.current_dir  main.o
    0x202001bf   0x00005c98   0x00000001   PAD
    0x202001c0        -       0x00000002   Zero   RW          234    .bss.main.follow_cnt  main.o
    0x202001c2        -       0x00000001   Zero   RW          230    .bss.main.line_follow_active  main.o
    0x202001c3        -       0x00000001   Zero   RW          232    .bss.main.show_gyro_debug  main.o
    0x202001c4        -       0x00000001   Zero   RW          231    .bss.main.show_pid_params  main.o
    0x202001c5   0x00005c98   0x00000003   PAD
    0x202001c8        -       0x00000008   Zero   RW           93    .bss.motor_speed    motor_ctrl.o
    0x202001d0        -       0x00000001   Zero   RW          214    .bss.mpu_addr       imu_mpu9250.o
    0x202001d1        -       0x00000018   Zero   RW          121    .bss.rx_buf         gray_sensor.o
    0x202001e9   0x00005c98   0x00000007   PAD
    0x202001f0        -       0x00000000   Zero   RW         1718    HEAP                startup_mspm0g351x_uvision.o
    0x202001f0        -       0x00002000   Zero   RW         1717    STACK               startup_mspm0g351x_uvision.o


    Execution Region RW_IRAM2 (Exec base: 0x20210000, Load base: 0x00005c98, Size: 0x00000000, Max: 0x00010000, ABSOLUTE)

    **** No section assigned to this execution region ****



  Load Region LR_BCR (Base: 0x41c00000, Size: 0x00000000, Max: 0x00000100, ABSOLUTE)

    Execution Region BCR_CONFIG (Exec base: 0x41c00000, Load base: 0x41c00000, Size: 0x00000000, Max: 0x000000ff, ABSOLUTE)

    **** No section assigned to this execution region ****



  Load Region LR_BSL (Base: 0x41c00100, Size: 0x00000000, Max: 0x00000100, ABSOLUTE)

    Execution Region BSL_CONFIG (Exec base: 0x41c00100, Load base: 0x41c00100, Size: 0x00000000, Max: 0x00000080, ABSOLUTE)

    **** No section assigned to this execution region ****



  Load Region LR_DATA (Base: 0x41d00000, Size: 0x00000000, Max: 0x00004000, ABSOLUTE)

    Execution Region DATA (Exec base: 0x41d00000, Load base: 0x41d00000, Size: 0x00000000, Max: 0x00004000, ABSOLUTE)

    **** No section assigned to this execution region ****


==============================================================================

Image component sizes


      Code (inc. data)   RO Data    RW Data    ZI Data      Debug   Object Name

        42          0          0          0          0        737   delay.o
        20          0          0          0          0        588   dl_common.o
       176         72          0         72          0       2094   dl_factoryregion.o
       148         12          0          0          0      10779   dl_spi.o
       736         56          0          0          0      12701   dl_sysctl_mspm0gx51x.o
       960         40          0          0          0      25566   dl_timer.o
       170          8          0          0          0      10794   dl_uart.o
       598         28          0          0         24       6916   gray_sensor.o
      1608         16          0          0          1       9901   imu_mpu9250.o
       270         16         48          0          0       4207   keyboard.o
       656         44         16          8         15       2867   line_follow.o
      3074        472        893          8          6       4712   main.o
       416         28          0          0          8       6785   motor_ctrl.o
      1038         12        552          0          0       8144   spi0_oled.o
        44         18        192          0       8192        672   startup_mspm0g351x_uvision.o
      2672        228         75          0        244      36309   ti_msp_dl_config.o

    ----------------------------------------------------------------------
     12636       1050       1816         88       8504     143772   Object Totals
         0          0         32          0          0          0   (incl. Generated)
         8          0          8          0         14          0   (incl. Padding)

    ----------------------------------------------------------------------

      Code (inc. data)   RO Data    RW Data    ZI Data      Debug   Library Member Name

         8          0          0          0          0         68   __main.o
       392          6         17          0          0         76   __printf_flags_ss_wp.o
        14          0          0          0          0         60   __printf_wp.o
         0          0          0          0          0          0   __rtentry.o
        12          0          0          0          0          0   __rtentry2.o
         6          0          0          0          0          0   __rtentry4.o
        86         10          0          0          0          0   __scatter.o
        26          0          0          0          0          0   __scatter_copy.o
        28          0          0          0          0          0   __scatter_zi.o
        66          0          0          0          0         76   _c16rtomb.o
        10          0          0          0          0          0   _printf_a.o
        10          0          0          0          0          0   _printf_c.o
        46          0          0          0          0        100   _printf_char.o
        48          6          0          0          0         88   _printf_char_common.o
        38          0          0          0          0         60   _printf_charcount.o
        10          0          0          0          0          0   _printf_d.o
       108         18          0          0          0         76   _printf_dec.o
        10          0          0          0          0          0   _printf_e.o
        10          0          0          0          0          0   _printf_f.o
      1044         12          0          0          0        116   _printf_fp_dec.o
       728         10         38          0          0         84   _printf_fp_hex.o
       136         16          0          0          0         76   _printf_fp_infnan.o
        10          0          0          0          0          0   _printf_g.o
       152          4         40          0          0        148   _printf_hex_int_ll_ptr.o
        10          0          0          0          0          0   _printf_i.o
       176          0          0          0          0         84   _printf_intcommon.o
        10          0          0          0          0          0   _printf_l.o
        10          0          0          0          0          0   _printf_lc.o
        10          0          0          0          0          0   _printf_ll.o
        10          0          0          0          0          0   _printf_lld.o
        10          0          0          0          0          0   _printf_lli.o
        10          0          0          0          0          0   _printf_llo.o
        10          0          0          0          0          0   _printf_llu.o
        10          0          0          0          0          0   _printf_llx.o
       112         18          0          0          0         76   _printf_longlong_dec.o
        10          0          0          0          0          0   _printf_ls.o
        10          0          0          0          0          0   _printf_n.o
        10          0          0          0          0          0   _printf_o.o
       112         10          0          0          0        112   _printf_oct_int_ll.o
        10          0          0          0          0          0   _printf_p.o
        78          0          0          0          0        100   _printf_pad.o
         2          0          0          0          0          0   _printf_percent.o
         4          0          0          0          0          0   _printf_percent_end.o
        10          0          0          0          0          0   _printf_s.o
        82          0          0          0          0         72   _printf_str.o
        36          0          0          0          0         76   _printf_truncate.o
        10          0          0          0          0          0   _printf_u.o
        46          0          0          0          0        100   _printf_wchar.o
       188          6          8          0          0         80   _printf_wctomb.o
        10          0          0          0          0          0   _printf_x.o
        16          0          0          0          0         60   _snputc.o
       364          4          0          0          0         92   aeabi_sdiv.o
       216          6        148          0          0         80   bigflt0.o
      1456         30          0          0          0        336   btod.o
        16          0          0          0          0         68   exit.o
         6          0          0          0          0        136   heapauxi.o
         0          0          0          0          0          0   indicate_semi.o
        44         10        272          0          0         76   lc_ctype_c.o
        44         10         28          0          0         76   lc_numeric_c.o
         2          0          0          0          0          0   libinit.o
        30          0          0          0          0          0   libinit2.o
         2          0          0          0          0          0   libshutdown.o
         2          0          0          0          0          0   libshutdown2.o
         8          4          0          0         96         68   libspace.o
       122          0          0          0          0         72   lludiv10.o
        16          4          0          0          0         76   rt_ctype_table.o
         8          4          0          0          0         68   rt_locale_intlibspace.o
         2          0          0          0          0          0   rtexit.o
        10          0          0          0          0          0   rtexit2.o
        40          0          0          0          0         60   rtudiv10.o
        64          4          0          0          0         84   snprintf.o
       136          4          0          0          0         72   strcmp.o
        12          4          0          0          0         60   sys_exit.o
        62          0          0          0          0         80   sys_stackheap_outer.o
         2          0          0          0          0         68   use_no_semi.o
        46          0          0          0          0         60   cmpret.o
        48          0          0          0          0        136   dcmp.o
       160          6          0          0          0         76   dcmpin.o
        88          0          0          0          0         92   dflti.o
       100          4          0          0          0         92   dgef.o
       100          4          0          0          0         92   dlef.o
        20          6          0          0          0         68   dnan2.o
        84          4          0          0          0         60   f2d.o
       348          8          0          0          0        160   faddsub.o
        26          0          0          0          0         68   fcmp.o
       100          4          0          0          0         68   fcmpin.o
       352         10         64          0          0         92   fdiv.o
        94          0          0          0          0         92   fflti.o
        84          4          0          0          0         76   flef.o
        16          6          0          0          0         68   fnan2.o
        16          4          0          0          0         76   printf1.o
        16          4          0          0          0         76   printf2.o
        94          0          0          0          0         68   retnan.o
         0          0          0          0          0          0   usenofp.o
        44          4          0          0          0         60   fpclassify.o

    ----------------------------------------------------------------------
      8544        272        616          0         96       4940   Library Totals
        34          4          1          0          0          0   (incl. Padding)

    ----------------------------------------------------------------------

      Code (inc. data)   RO Data    RW Data    ZI Data      Debug   Library Name

      6674        200        551          0         96       3360   c_p.l
      1792         64         64          0          0       1520   fz_ps.l
        44          4          0          0          0         60   m_ps.l

    ----------------------------------------------------------------------
      8544        272        616          0         96       4940   Library Totals

    ----------------------------------------------------------------------

==============================================================================


      Code (inc. data)   RO Data    RW Data    ZI Data      Debug   

     21180       1322       2432         88       8600     145980   Grand Totals
     21180       1322       2432         88       8600     145980   ELF Image Totals
     21180       1322       2432         88          0          0   ROM Totals

==============================================================================

    Total RO  Size (Code + RO Data)                23612 (  23.06kB)
    Total RW  Size (RW Data + ZI Data)              8688 (   8.48kB)
    Total ROM Size (Code + RO Data + RW Data)      23700 (  23.14kB)

==============================================================================

