Component: Arm Compiler for Embedded 6.21 Tool: armlink [5ec1fa00]

==============================================================================

Section Cross References

    delay.o(.text.delay_us) refers to dl_common.o(.text.DL_Common_delayCycles) for DL_Common_delayCycles
    delay.o(.ARM.exidx.text.delay_us) refers to delay.o(.text.delay_us) for [Anonymous Symbol]
    delay.o(.text.delay_ms) refers to delay.o(.text.delay_us) for delay_us
    delay.o(.ARM.exidx.text.delay_ms) refers to delay.o(.text.delay_ms) for [Anonymous Symbol]
    delay.o(.text.delay_s) refers to delay.o(.text.delay_ms) for delay_ms
    delay.o(.ARM.exidx.text.delay_s) refers to delay.o(.text.delay_s) for [Anonymous Symbol]
    spi0_oled.o(.text.OLED_spi0_init) refers to spi0_oled.o(.text.DL_GPIO_setPins) for DL_GPIO_setPins
    spi0_oled.o(.text.OLED_spi0_init) refers to delay.o(.text.delay_ms) for delay_ms
    spi0_oled.o(.text.OLED_spi0_init) refers to spi0_oled.o(.text.DL_GPIO_clearPins) for DL_GPIO_clearPins
    spi0_oled.o(.ARM.exidx.text.OLED_spi0_init) refers to spi0_oled.o(.text.OLED_spi0_init) for [Anonymous Symbol]
    spi0_oled.o(.ARM.exidx.text.DL_GPIO_setPins) refers to spi0_oled.o(.text.DL_GPIO_setPins) for [Anonymous Symbol]
    spi0_oled.o(.ARM.exidx.text.DL_GPIO_clearPins) refers to spi0_oled.o(.text.DL_GPIO_clearPins) for [Anonymous Symbol]
    spi0_oled.o(.text.OLED_WR_Byte) refers to spi0_oled.o(.text.DL_GPIO_setPins) for DL_GPIO_setPins
    spi0_oled.o(.text.OLED_WR_Byte) refers to spi0_oled.o(.text.DL_GPIO_clearPins) for DL_GPIO_clearPins
    spi0_oled.o(.text.OLED_WR_Byte) refers to spi0_oled.o(.text.DL_SPI_transmitData8) for DL_SPI_transmitData8
    spi0_oled.o(.text.OLED_WR_Byte) refers to spi0_oled.o(.text.DL_SPI_isTXFIFOEmpty) for DL_SPI_isTXFIFOEmpty
    spi0_oled.o(.text.OLED_WR_Byte) refers to spi0_oled.o(.text.DL_SPI_isBusy) for DL_SPI_isBusy
    spi0_oled.o(.text.OLED_WR_Byte) refers to dl_common.o(.text.DL_Common_delayCycles) for DL_Common_delayCycles
    spi0_oled.o(.ARM.exidx.text.OLED_WR_Byte) refers to spi0_oled.o(.text.OLED_WR_Byte) for [Anonymous Symbol]
    spi0_oled.o(.ARM.exidx.text.DL_SPI_transmitData8) refers to spi0_oled.o(.text.DL_SPI_transmitData8) for [Anonymous Symbol]
    spi0_oled.o(.ARM.exidx.text.DL_SPI_isTXFIFOEmpty) refers to spi0_oled.o(.text.DL_SPI_isTXFIFOEmpty) for [Anonymous Symbol]
    spi0_oled.o(.ARM.exidx.text.DL_SPI_isBusy) refers to spi0_oled.o(.text.DL_SPI_isBusy) for [Anonymous Symbol]
    spi0_oled.o(.text.OLED_Set_Pos) refers to spi0_oled.o(.text.OLED_WR_Byte) for OLED_WR_Byte
    spi0_oled.o(.ARM.exidx.text.OLED_Set_Pos) refers to spi0_oled.o(.text.OLED_Set_Pos) for [Anonymous Symbol]
    spi0_oled.o(.text.OLED_Display_On) refers to spi0_oled.o(.text.OLED_WR_Byte) for OLED_WR_Byte
    spi0_oled.o(.ARM.exidx.text.OLED_Display_On) refers to spi0_oled.o(.text.OLED_Display_On) for [Anonymous Symbol]
    spi0_oled.o(.text.OLED_Display_Off) refers to spi0_oled.o(.text.OLED_WR_Byte) for OLED_WR_Byte
    spi0_oled.o(.ARM.exidx.text.OLED_Display_Off) refers to spi0_oled.o(.text.OLED_Display_Off) for [Anonymous Symbol]
    spi0_oled.o(.text.OLED_Clear) refers to spi0_oled.o(.text.OLED_WR_Byte) for OLED_WR_Byte
    spi0_oled.o(.ARM.exidx.text.OLED_Clear) refers to spi0_oled.o(.text.OLED_Clear) for [Anonymous Symbol]
    spi0_oled.o(.text.OLED_ShowChar) refers to spi0_oled.o(.text.OLED_Set_Pos) for OLED_Set_Pos
    spi0_oled.o(.text.OLED_ShowChar) refers to spi0_oled.o(.text.OLED_WR_Byte) for OLED_WR_Byte
    spi0_oled.o(.text.OLED_ShowChar) refers to spi0_oled.o(.rodata.F6x8) for F6x8
    spi0_oled.o(.ARM.exidx.text.OLED_ShowChar) refers to spi0_oled.o(.text.OLED_ShowChar) for [Anonymous Symbol]
    spi0_oled.o(.ARM.exidx.text.oled_pow) refers to spi0_oled.o(.text.oled_pow) for [Anonymous Symbol]
    spi0_oled.o(.text.OLED_ShowNum) refers to spi0_oled.o(.text.oled_pow) for oled_pow
    spi0_oled.o(.text.OLED_ShowNum) refers to aeabi_sdiv.o(.text) for __aeabi_uidiv
    spi0_oled.o(.text.OLED_ShowNum) refers to spi0_oled.o(.text.OLED_ShowChar) for OLED_ShowChar
    spi0_oled.o(.ARM.exidx.text.OLED_ShowNum) refers to spi0_oled.o(.text.OLED_ShowNum) for [Anonymous Symbol]
    spi0_oled.o(.text.OLED_ShowString) refers to spi0_oled.o(.text.OLED_ShowChar) for OLED_ShowChar
    spi0_oled.o(.ARM.exidx.text.OLED_ShowString) refers to spi0_oled.o(.text.OLED_ShowString) for [Anonymous Symbol]
    spi0_oled.o(.text.OLED_ShowCHinese) refers to spi0_oled.o(.text.OLED_Set_Pos) for OLED_Set_Pos
    spi0_oled.o(.text.OLED_ShowCHinese) refers to spi0_oled.o(.text.OLED_WR_Byte) for OLED_WR_Byte
    spi0_oled.o(.text.OLED_ShowCHinese) refers to spi0_oled.o(.data.Hzk) for Hzk
    spi0_oled.o(.ARM.exidx.text.OLED_ShowCHinese) refers to spi0_oled.o(.text.OLED_ShowCHinese) for [Anonymous Symbol]
    spi0_oled.o(.text.OLED_DrawBMP) refers to spi0_oled.o(.text.OLED_Set_Pos) for OLED_Set_Pos
    spi0_oled.o(.text.OLED_DrawBMP) refers to spi0_oled.o(.text.OLED_WR_Byte) for OLED_WR_Byte
[...]
    tenpwrs_x                                0x00004d44   Data          60  bigflt0.o(.constdata)
    .constdata                               0x00004d44   Section      148  bigflt0.o(.constdata)
    tenpwrs_i                                0x00004d80   Data          64  bigflt0.o(.constdata)
    col_pins                                 0x00005000   Data          16  keyboard.o(.rodata.col_pins)
    [Anonymous Symbol]                       0x00005000   Section        0  keyboard.o(.rodata.col_pins)
    gSPI_0_clockConfig                       0x00005010   Data           2  ti_msp_dl_config.o(.rodata.gSPI_0_clockConfig)
    [Anonymous Symbol]                       0x00005010   Section        0  ti_msp_dl_config.o(.rodata.gSPI_0_clockConfig)
    gSPI_0_config                            0x00005012   Data          10  ti_msp_dl_config.o(.rodata.gSPI_0_config)
    [Anonymous Symbol]                       0x00005012   Section        0  ti_msp_dl_config.o(.rodata.gSPI_0_config)
    gSYSPLLConfig                            0x0000501c   Data          40  ti_msp_dl_config.o(.rodata.gSYSPLLConfig)
    [Anonymous Symbol]                       0x0000501c   Section        0  ti_msp_dl_config.o(.rodata.gSYSPLLConfig)
    gTimerA0_PWMClockConfig                  0x00005044   Data           3  ti_msp_dl_config.o(.rodata.gTimerA0_PWMClockConfig)
    [Anonymous Symbol]                       0x00005044   Section        0  ti_msp_dl_config.o(.rodata.gTimerA0_PWMClockConfig)
    gTimerA0_PWMConfig                       0x00005048   Data           8  ti_msp_dl_config.o(.rodata.gTimerA0_PWMConfig)
    [Anonymous Symbol]                       0x00005048   Section        0  ti_msp_dl_config.o(.rodata.gTimerA0_PWMConfig)
    gUART_4ClockConfig                       0x00005050   Data           2  ti_msp_dl_config.o(.rodata.gUART_4ClockConfig)
    [Anonymous Symbol]                       0x00005050   Section        0  ti_msp_dl_config.o(.rodata.gUART_4ClockConfig)
    gUART_4Config                            0x00005052   Data          10  ti_msp_dl_config.o(.rodata.gUART_4Config)
    [Anonymous Symbol]                       0x00005052   Section        0  ti_msp_dl_config.o(.rodata.gUART_4Config)
    key_map                                  0x0000505c   Data          16  keyboard.o(.rodata.key_map)
    [Anonymous Symbol]                       0x0000505c   Section        0  keyboard.o(.rodata.key_map)
    row_pins                                 0x0000506c   Data          16  keyboard.o(.rodata.row_pins)
    [Anonymous Symbol]                       0x0000506c   Section        0  keyboard.o(.rodata.row_pins)
    [Anonymous Symbol]                       0x0000507c   Section        0  main.o(.rodata.str1.1)
    locale$$data                             0x00005328   Section       28  lc_numeric_c.o(locale$$data)
    __lcnum_c_name                           0x0000532c   Data           2  lc_numeric_c.o(locale$$data)
    __lcnum_c_start                          0x00005334   Data           0  lc_numeric_c.o(locale$$data)
    __lcnum_c_point                          0x00005340   Data           0  lc_numeric_c.o(locale$$data)
    __lcnum_c_thousands                      0x00005342   Data           0  lc_numeric_c.o(locale$$data)
    __lcnum_c_grouping                       0x00005343   Data           0  lc_numeric_c.o(locale$$data)
    __lcnum_c_end                            0x00005344   Data           0  lc_numeric_c.o(locale$$data)
    locale$$data                             0x00005344   Section      272  lc_ctype_c.o(locale$$data)
    __lcctype_c_name                         0x00005348   Data           2  lc_ctype_c.o(locale$$data)
    __lcctype_c_start                        0x00005350   Data           0  lc_ctype_c.o(locale$$data)
    __lcctype_c_end                          0x00005454   Data           0  lc_ctype_c.o(locale$$data)
    g_base_speed                             0x20200048   Data           4  line_follow.o(.data.g_base_speed)
    [Anonymous Symbol]                       0x20200048   Section        0  line_follow.o(.data.g_base_speed)
    g_kp                                     0x2020004c   Data           4  line_follow.o(.data.g_kp)
    [Anonymous Symbol]                       0x2020004c   Section        0  line_follow.o(.data.g_kp)
    main.current_speed                       0x20200050   Data           4  main.o(.data.main.current_speed)
    [Anonymous Symbol]                       0x20200050   Section        0  main.o(.data.main.current_speed)
    .bss                                     0x20200058   Section       96  libspace.o(.bss)
    g_kd                                     0x202001ac   Data           4  line_follow.o(.bss.g_kd)
    [Anonymous Symbol]                       0x202001ac   Section        0  line_follow.o(.bss.g_kd)
    g_ki                                     0x202001b0   Data           4  line_follow.o(.bss.g_ki)
    [Anonymous Symbol]                       0x202001b0   Section        0  line_follow.o(.bss.g_ki)
    initialized                              0x202001b4   Data           1  line_follow.o(.bss.initialized)
    [Anonymous Symbol]                       0x202001b4   Section        0  line_follow.o(.bss.initialized)
    integral                                 0x202001b8   Data           4  line_follow.o(.bss.integral)
    [Anonymous Symbol]                       0x202001b8   Section        0  line_follow.o(.bss.integral)
    last_error                               0x202001bc   Data           4  line_follow.o(.bss.last_error)
    [Anonymous Symbol]                       0x202001bc   Section        0  line_follow.o(.bss.last_error)
    main.current_dir                         0x202001c0   Data           1  main.o(.bss.main.current_dir)
    [Anonymous Symbol]                       0x202001c0   Section        0  main.o(.bss.main.current_dir)
    main.follow_cnt                          0x202001c2   Data           2  main.o(.bss.main.follow_cnt)
    [Anonymous Symbol]                       0x202001c2   Section        0  main.o(.bss.main.follow_cnt)
    main.line_follow_active                  0x202001c4   Data           1  main.o(.bss.main.line_follow_active)
    [Anonymous Symbol]                       0x202001c4   Section        0  main.o(.bss.main.line_follow_active)
    main.show_pid_params                     0x202001c5   Data           1  main.o(.bss.main.show_pid_params)
    [Anonymous Symbol]                       0x202001c5   Section        0  main.o(.bss.main.show_pid_params)
    motor_speed                              0x202001c8   Data           8  motor_ctrl.o(.bss.motor_speed)
    [Anonymous Symbol]                       0x202001c8   Section        0  motor_ctrl.o(.bss.motor_speed)
    rx_buf                                   0x202001d0   Data          24  gray_sensor.o(.bss.rx_buf)
    [Anonymous Symbol]                       0x202001d0   Section        0  gray_sensor.o(.bss.rx_buf)
    Heap_Mem                                 0x202001e8   Data           0  startup_mspm0g351x_uvision.o(HEAP)
    Stack_Mem                                0x202001e8   Data        8192  startup_mspm0g351x_uvision.o(STACK)
    HEAP                                     0x202001e8   Section        0  startup_mspm0g351x_uvision.o(HEAP)
    STACK                                    0x202001e8   Section     8192  startup_mspm0g351x_uvision.o(STACK)
    __initial_sp                             0x202021e8   Data           0  startup_mspm0g351x_uvision.o(STACK)

    Global Symbols

    Symbol Name                              Value     Ov Type        Size  Object(Section)

    BuildAttributes$$THM_ISAv3M$S$PE$A:L22$X:L11$S22$IEEE1$IW$~IW$USESV6$~STKCKD$USESV7$~SHL$OTIME$ROPI$IEEEJ$EBA8$UX$STANDARDLIB$REQ8$PRES8$EABIv2 0x00000000   Number         0  anon$$obj.o ABSOLUTE
    __Vectors                                0x00000000   Data           4  startup_mspm0g351x_uvision.o(RESET)
    _printf_flags                            0x00000000   Number         0  printf_stubs.o ABSOLUTE
    _printf_return_value                     0x00000000   Number         0  printf_stubs.o ABSOLUTE
    _printf_sizespec                         0x00000000   Number         0  printf_stubs.o ABSOLUTE
    _printf_widthprec                        0x00000000   Number         0  printf_stubs.o ABSOLUTE
    __ARM_exceptions_init                     - Undefined Weak Reference
    __alloca_initialize                       - Undefined Weak Reference
    __arm_preinit_                            - Undefined Weak Reference
    __arm_relocate_pie_                       - Undefined Weak Reference
    __cpp_initialize__aeabi_                  - Undefined Weak Reference
    __cxa_finalize                            - Undefined Weak Reference
    __sigvec_lookup                           - Undefined Weak Reference
    _atexit_init                              - Undefined Weak Reference
    _call_atexit_fns                          - Undefined Weak Reference
    _clock_init                               - Undefined Weak Reference
    _fp_trap_init                             - Undefined Weak Reference
    _fp_trap_shutdown                         - Undefined Weak Reference
    _get_lc_collate                           - Undefined Weak Reference
    _get_lc_monetary                          - Undefined Weak Reference
    _get_lc_time                              - Undefined Weak Reference
    _getenv_init                              - Undefined Weak Reference
    _handle_redirection                       - Undefined Weak Reference
    _init_alloc                               - Undefined Weak Reference
    _init_user_alloc                          - Undefined Weak Reference
    _initio                                   - Undefined Weak Reference
    _printf_mbtowc                            - Undefined Weak Reference
    _printf_wc                                - Undefined Weak Reference
    _rand_init                                - Undefined Weak Reference
    _signal_finish                            - Undefined Weak Reference
    _signal_init                              - Undefined Weak Reference
    _terminate_alloc                          - Undefined Weak Reference
    _terminate_user_alloc                     - Undefined Weak Reference
    _terminateio                              - Undefined Weak Reference
    __Vectors_End                            0x000000c0   Data           0  startup_mspm0g351x_uvision.o(RESET)
    __Vectors_Size                           0x000000c0   Number         0  startup_mspm0g351x_uvision.o ABSOLUTE
    __main                                   0x000000c1   Thumb Code     8  __main.o(!!!main)
    __scatterload                            0x000000c9   Thumb Code     0  __scatter.o(!!!scatter)
    __scatterload_rt2                        0x000000c9   Thumb Code    74  __scatter.o(!!!scatter)
    __scatterload_rt2_thumb_only             0x000000c9   Thumb Code     0  __scatter.o(!!!scatter)
    __scatterload_loop                       0x000000d3   Thumb Code     0  __scatter.o(!!!scatter)
    __scatterload_copy                       0x00000121   Thumb Code    26  __scatter_copy.o(!!handler_copy)
    __scatterload_null                       0x00000141   Thumb Code     2  __scatter.o(!!handler_null)
    __scatterload_zeroinit                   0x00000149   Thumb Code    28  __scatter_zi.o(!!handler_zi)
    _printf_percent                          0x00000165   Thumb Code     0  _printf_percent.o(.ARM.Collect$$_printf_percent$$00000000)
    _printf_n                                0x00000167   Thumb Code     0  _printf_n.o(.ARM.Collect$$_printf_percent$$00000001)
    _printf_p                                0x00000171   Thumb Code     0  _printf_p.o(.ARM.Collect$$_printf_percent$$00000002)
    _printf_f                                0x0000017b   Thumb Code     0  _printf_f.o(.ARM.Collect$$_printf_percent$$00000003)
    _printf_e                                0x00000185   Thumb Code     0  _printf_e.o(.ARM.Collect$$_printf_percent$$00000004)
    _printf_g                                0x0000018f   Thumb Code     0  _printf_g.o(.ARM.Collect$$_printf_percent$$00000005)
    _printf_a                                0x00000199   Thumb Code     0  _printf_a.o(.ARM.Collect$$_printf_percent$$00000006)
    _printf_ll                               0x000001a3   Thumb Code     0  _printf_ll.o(.ARM.Collect$$_printf_percent$$00000007)
    _printf_i                                0x000001ad   Thumb Code     0  _printf_i.o(.ARM.Collect$$_printf_percent$$00000008)
    _printf_d                                0x000001b7   Thumb Code     0  _printf_d.o(.ARM.Collect$$_printf_percent$$00000009)
    _printf_u                                0x000001c1   Thumb Code     0  _printf_u.o(.ARM.Collect$$_printf_percent$$0000000A)
    _printf_o                                0x000001cb   Thumb Code     0  _printf_o.o(.ARM.Collect$$_printf_percent$$0000000B)
    _printf_x                                0x000001d5   Thumb Code     0  _printf_x.o(.ARM.Collect$$_printf_percent$$0000000C)
    _printf_lli                              0x000001df   Thumb Code     0  _printf_lli.o(.ARM.Collect$$_printf_percent$$0000000D)
    _printf_lld                              0x000001e9   Thumb Code     0  _printf_lld.o(.ARM.Collect$$_printf_percent$$0000000E)
    _printf_llu                              0x000001f3   Thumb Code     0  _printf_llu.o(.ARM.Collect$$_printf_percent$$0000000F)
    _printf_llo                              0x000001fd   Thumb Code     0  _printf_llo.o(.ARM.Collect$$_printf_percent$$00000010)
    _printf_llx                              0x00000207   Thumb Code     0  _printf_llx.o(.ARM.Collect$$_printf_percent$$00000011)
    _printf_l                                0x00000211   Thumb Code     0  _printf_l.o(.ARM.Collect$$_printf_percent$$00000012)
    _printf_c                                0x0000021b   Thumb Code     0  _printf_c.o(.ARM.Collect$$_printf_percent$$00000013)
    _printf_s                                0x00000225   Thumb Code     0  _printf_s.o(.ARM.Collect$$_printf_percent$$00000014)
    _printf_lc                               0x0000022f   Thumb Code     0  _printf_lc.o(.ARM.Collect$$_printf_percent$$00000015)
    _printf_ls                               0x00000239   Thumb Code     0  _printf_ls.o(.ARM.Collect$$_printf_percent$$00000016)
    _printf_percent_end                      0x00000243   Thumb Code     0  _printf_percent_end.o(.ARM.Collect$$_printf_percent$$00000017)
    __rt_lib_init                            0x00000247   Thumb Code     0  libinit.o(.ARM.Collect$$libinit$$00000000)
    __rt_lib_init_fp_1                       0x00000249   Thumb Code     0  libinit2.o(.ARM.Collect$$libinit$$00000002)
    __rt_lib_init_heap_1                     0x00000249   Thumb Code     0  libinit2.o(.ARM.Collect$$libinit$$0000000C)
    __rt_lib_init_lc_common                  0x00000249   Thumb Code     0  libinit2.o(.ARM.Collect$$libinit$$00000011)
    __rt_lib_init_preinit_1                  0x00000249   Thumb Code     0  libinit2.o(.ARM.Collect$$libinit$$00000006)
    __rt_lib_init_rand_1                     0x00000249   Thumb Code     0  libinit2.o(.ARM.Collect$$libinit$$00000010)
    __rt_lib_init_relocate_pie_1             0x00000249   Thumb Code     0  libinit2.o(.ARM.Collect$$libinit$$00000004)
    __rt_lib_init_user_alloc_1               0x00000249   Thumb Code     0  libinit2.o(.ARM.Collect$$libinit$$0000000E)
    __rt_lib_init_lc_collate_1               0x0000024f   Thumb Code     0  libinit2.o(.ARM.Collect$$libinit$$00000013)
    __rt_lib_init_lc_ctype_2                 0x0000024f   Thumb Code     0  libinit2.o(.ARM.Collect$$libinit$$00000014)
    __rt_lib_init_lc_ctype_1                 0x0000025b   Thumb Code     0  libinit2.o(.ARM.Collect$$libinit$$00000015)
    __rt_lib_init_lc_monetary_1              0x0000025b   Thumb Code     0  libinit2.o(.ARM.Collect$$libinit$$00000017)
    __rt_lib_init_lc_numeric_2               0x0000025b   Thumb Code     0  libinit2.o(.ARM.Collect$$libinit$$00000018)
    __rt_lib_init_alloca_1                   0x00000265   Thumb Code     0  libinit2.o(.ARM.Collect$$libinit$$00000030)
    __rt_lib_init_argv_1                     0x00000265   Thumb Code     0  libinit2.o(.ARM.Collect$$libinit$$0000002E)
    __rt_lib_init_atexit_1                   0x00000265   Thumb Code     0  libinit2.o(.ARM.Collect$$libinit$$0000001D)
    __rt_lib_init_clock_1                    0x00000265   Thumb Code     0  libinit2.o(.ARM.Collect$$libinit$$00000023)
    __rt_lib_init_cpp_1                      0x00000265   Thumb Code     0  libinit2.o(.ARM.Collect$$libinit$$00000034)
    __rt_lib_init_exceptions_1               0x00000265   Thumb Code     0  libinit2.o(.ARM.Collect$$libinit$$00000032)
    __rt_lib_init_fp_trap_1                  0x00000265   Thumb Code     0  libinit2.o(.ARM.Collect$$libinit$$00000021)
    __rt_lib_init_getenv_1                   0x00000265   Thumb Code     0  libinit2.o(.ARM.Collect$$libinit$$00000025)
    __rt_lib_init_lc_numeric_1               0x00000265   Thumb Code     0  libinit2.o(.ARM.Collect$$libinit$$00000019)
    __rt_lib_init_lc_time_1                  0x00000265   Thumb Code     0  libinit2.o(.ARM.Collect$$libinit$$0000001B)
    __rt_lib_init_return                     0x00000265   Thumb Code     0  libinit2.o(.ARM.Collect$$libinit$$00000035)
    __rt_lib_init_signal_1                   0x00000265   Thumb Code     0  libinit2.o(.ARM.Collect$$libinit$$0000001F)
    __rt_lib_init_stdio_1                    0x00000265   Thumb Code     0  libinit2.o(.ARM.Collect$$libinit$$00000027)
    __rt_lib_shutdown                        0x00000267   Thumb Code     0  libshutdown.o(.ARM.Collect$$libshutdown$$00000000)
    __rt_lib_shutdown_cpp_1                  0x00000269   Thumb Code     0  libshutdown2.o(.ARM.Collect$$libshutdown$$00000002)
    __rt_lib_shutdown_fp_trap_1              0x00000269   Thumb Code     0  libshutdown2.o(.ARM.Collect$$libshutdown$$00000007)
    __rt_lib_shutdown_heap_1                 0x00000269   Thumb Code     0  libshutdown2.o(.ARM.Collect$$libshutdown$$0000000F)
    __rt_lib_shutdown_return                 0x00000269   Thumb Code     0  libshutdown2.o(.ARM.Collect$$libshutdown$$00000010)
    __rt_lib_shutdown_signal_1               0x00000269   Thumb Code     0  libshutdown2.o(.ARM.Collect$$libshutdown$$0000000A)
    __rt_lib_shutdown_stdio_1                0x00000269   Thumb Code     0  libshutdown2.o(.ARM.Collect$$libshutdown$$00000004)
    __rt_lib_shutdown_user_alloc_1           0x00000269   Thumb Code     0  libshutdown2.o(.ARM.Collect$$libshutdown$$0000000C)
    __rt_entry                               0x0000026b   Thumb Code     0  __rtentry.o(.ARM.Collect$$rtentry$$00000000)
    __rt_entry_presh_1                       0x0000026b   Thumb Code     0  __rtentry2.o(.ARM.Collect$$rtentry$$00000002)
    __rt_entry_sh                            0x0000026b   Thumb Code     0  __rtentry4.o(.ARM.Collect$$rtentry$$00000004)
    __rt_entry_li                            0x00000271   Thumb Code     0  __rtentry2.o(.ARM.Collect$$rtentry$$0000000A)
    __rt_entry_postsh_1                      0x00000271   Thumb Code     0  __rtentry2.o(.ARM.Collect$$rtentry$$00000009)
    __rt_entry_main                          0x00000275   Thumb Code     0  __rtentry2.o(.ARM.Collect$$rtentry$$0000000D)
    __rt_entry_postli_1                      0x00000275   Thumb Code     0  __rtentry2.o(.ARM.Collect$$rtentry$$0000000C)
    __rt_exit                                0x0000027d   Thumb Code     0  rtexit.o(.ARM.Collect$$rtexit$$00000000)
    __rt_exit_ls                             0x0000027f   Thumb Code     0  rtexit2.o(.ARM.Collect$$rtexit$$00000003)
    __rt_exit_prels_1                        0x0000027f   Thumb Code     0  rtexit2.o(.ARM.Collect$$rtexit$$00000002)
    __rt_exit_exit                           0x00000283   Thumb Code     0  rtexit2.o(.ARM.Collect$$rtexit$$00000004)
    Reset_Handler                            0x00000289   Thumb Code     4  startup_mspm0g351x_uvision.o(.text)
    NMI_Handler                              0x0000028d   Thumb Code     2  startup_mspm0g351x_uvision.o(.text)
    HardFault_Handler                        0x0000028f   Thumb Code     2  startup_mspm0g351x_uvision.o(.text)
    SVC_Handler                              0x00000291   Thumb Code     2  startup_mspm0g351x_uvision.o(.text)
    PendSV_Handler                           0x00000293   Thumb Code     2  startup_mspm0g351x_uvision.o(.text)
    SysTick_Handler                          0x00000295   Thumb Code     2  startup_mspm0g351x_uvision.o(.text)
    ADC0_IRQHandler                          0x00000297   Thumb Code     0  startup_mspm0g351x_uvision.o(.text)
    ADC1_IRQHandler                          0x00000297   Thumb Code     0  startup_mspm0g351x_uvision.o(.text)
    AESADV_IRQHandler                        0x00000297   Thumb Code     0  startup_mspm0g351x_uvision.o(.text)
    CANFD0_IRQHandler                        0x00000297   Thumb Code     0  startup_mspm0g351x_uvision.o(.text)
    CANFD1_IRQHandler                        0x00000297   Thumb Code     0  startup_mspm0g351x_uvision.o(.text)
    DAC0_IRQHandler                          0x00000297   Thumb Code     0  startup_mspm0g351x_uvision.o(.text)
    DMA_IRQHandler                           0x00000297   Thumb Code     0  startup_mspm0g351x_uvision.o(.text)
    Default_Handler                          0x00000297   Thumb Code     2  startup_mspm0g351x_uvision.o(.text)
    GROUP0_IRQHandler                        0x00000297   Thumb Code     0  startup_mspm0g351x_uvision.o(.text)
    GROUP1_IRQHandler                        0x00000297   Thumb Code     0  startup_mspm0g351x_uvision.o(.text)
    I2C0_IRQHandler                          0x00000297   Thumb Code     0  startup_mspm0g351x_uvision.o(.text)
    I2C1_IRQHandler                          0x00000297   Thumb Code     0  startup_mspm0g351x_uvision.o(.text)
    I2C2_IRQHandler                          0x00000297   Thumb Code     0  startup_mspm0g351x_uvision.o(.text)
    LFSS_IRQHandler                          0x00000297   Thumb Code     0  startup_mspm0g351x_uvision.o(.text)
    SPI0_IRQHandler                          0x00000297   Thumb Code     0  startup_mspm0g351x_uvision.o(.text)
    SPI1_IRQHandler                          0x00000297   Thumb Code     0  startup_mspm0g351x_uvision.o(.text)
    SPI2_IRQHandler                          0x00000297   Thumb Code     0  startup_mspm0g351x_uvision.o(.text)
    TIMA0_IRQHandler                         0x00000297   Thumb Code     0  startup_mspm0g351x_uvision.o(.text)
    TIMA1_IRQHandler                         0x00000297   Thumb Code     0  startup_mspm0g351x_uvision.o(.text)
    TIMG0_IRQHandler                         0x00000297   Thumb Code     0  startup_mspm0g351x_uvision.o(.text)
    TIMG12_IRQHandler                        0x00000297   Thumb Code     0  startup_mspm0g351x_uvision.o(.text)
    TIMG14_IRQHandler                        0x00000297   Thumb Code     0  startup_mspm0g351x_uvision.o(.text)
    TIMG6_IRQHandler                         0x00000297   Thumb Code     0  startup_mspm0g351x_uvision.o(.text)
    TIMG7_IRQHandler                         0x00000297   Thumb Code     0  startup_mspm0g351x_uvision.o(.text)
    TIMG8_IRQHandler                         0x00000297   Thumb Code     0  startup_mspm0g351x_uvision.o(.text)
    TIMG9_IRQHandler                         0x00000297   Thumb Code     0  startup_mspm0g351x_uvision.o(.text)
    UART0_IRQHandler                         0x00000297   Thumb Code     0  startup_mspm0g351x_uvision.o(.text)
    UART1_IRQHandler                         0x00000297   Thumb Code     0  startup_mspm0g351x_uvision.o(.text)
    UART3_IRQHandler                         0x00000297   Thumb Code     0  startup_mspm0g351x_uvision.o(.text)
    UART4_IRQHandler                         0x00000297   Thumb Code     0  startup_mspm0g351x_uvision.o(.text)
    UART5_IRQHandler                         0x00000297   Thumb Code     0  startup_mspm0g351x_uvision.o(.text)
    UART6_IRQHandler                         0x00000297   Thumb Code     0  startup_mspm0g351x_uvision.o(.text)
    UART7_IRQHandler                         0x00000297   Thumb Code     0  startup_mspm0g351x_uvision.o(.text)
    __user_initial_stackheap                 0x00000299   Thumb Code    10  startup_mspm0g351x_uvision.o(.text)
    snprintf                                 0x000002b5   Thumb Code    60  snprintf.o(.text)
    __aeabi_uidiv                            0x000002f5   Thumb Code     0  aeabi_sdiv.o(.text)
    __aeabi_uidivmod                         0x000002f5   Thumb Code    20  aeabi_sdiv.o(.text)
    __aeabi_idiv                             0x00000309   Thumb Code     0  aeabi_sdiv.o(.text)
    __aeabi_idivmod                          0x00000309   Thumb Code   338  aeabi_sdiv.o(.text)
    __use_two_region_memory                  0x00000461   Thumb Code     2  heapauxi.o(.text)
    __rt_heap_escrow$2region                 0x00000463   Thumb Code     2  heapauxi.o(.text)
    __rt_heap_expand$2region                 0x00000465   Thumb Code     2  heapauxi.o(.text)
    __aeabi_i2d_normalise                    0x00000467   Thumb Code    66  dflti.o(.text)
    __aeabi_i2d                              0x000004a9   Thumb Code    16  dflti.o(.text)
    _dflt                                    0x000004a9   Thumb Code     0  dflti.o(.text)
    __aeabi_ui2d                             0x000004b9   Thumb Code     6  dflti.o(.text)
    _dfltu                                   0x000004b9   Thumb Code     0  dflti.o(.text)
    __aeabi_f2d                              0x000004c1   Thumb Code     0  f2d.o(.text)
    _f2d                                     0x000004c1   Thumb Code    80  f2d.o(.text)
    __aeabi_fdiv                             0x00000515   Thumb Code     0  fdiv.o(.text)
    _fdiv                                    0x00000515   Thumb Code   334  fdiv.o(.text)
    _frdiv                                   0x00000663   Thumb Code     8  fdiv.o(.text)
    __aeabi_f2iz                             0x00000675   Thumb Code     0  ffixi.o(.text)
    _ffix                                    0x00000675   Thumb Code    76  ffixi.o(.text)
    __aeabi_i2f_normalise                    0x000006c1   Thumb Code    72  fflti.o(.text)
    __aeabi_i2f                              0x00000709   Thumb Code    16  fflti.o(.text)
    _fflt                                    0x00000709   Thumb Code     0  fflti.o(.text)
    __aeabi_ui2f                             0x00000719   Thumb Code     6  fflti.o(.text)
    _ffltu                                   0x00000719   Thumb Code     0  fflti.o(.text)
    _printf_pre_padding                      0x0000071f   Thumb Code    44  _printf_pad.o(.text)
    _printf_post_padding                     0x0000074b   Thumb Code    34  _printf_pad.o(.text)
    _printf_truncate_signed                  0x0000076d   Thumb Code    18  _printf_truncate.o(.text)
    _printf_truncate_unsigned                0x0000077f   Thumb Code    18  _printf_truncate.o(.text)
    _printf_str                              0x00000791   Thumb Code    82  _printf_str.o(.text)
    _printf_int_dec                          0x000007e5   Thumb Code    90  _printf_dec.o(.text)
    _printf_charcount                        0x00000851   Thumb Code    38  _printf_charcount.o(.text)
    _printf_char_common                      0x00000883   Thumb Code    32  _printf_char_common.o(.text)
    _snputc                                  0x000008a9   Thumb Code    16  _snputc.o(.text)
    _printf_wctomb                           0x000008b9   Thumb Code   182  _printf_wctomb.o(.text)
    _printf_longlong_dec                     0x00000975   Thumb Code    94  _printf_longlong_dec.o(.text)
    _printf_longlong_oct                     0x000009e5   Thumb Code    68  _printf_oct_int_ll.o(.text)
    _printf_int_oct                          0x00000a29   Thumb Code    24  _printf_oct_int_ll.o(.text)
    _printf_ll_oct                           0x00000a41   Thumb Code    10  _printf_oct_int_ll.o(.text)
    _printf_longlong_hex                     0x00000a55   Thumb Code    88  _printf_hex_int_ll_ptr.o(.text)
    _printf_int_hex                          0x00000aad   Thumb Code    28  _printf_hex_int_ll_ptr.o(.text)
    _printf_ll_hex                           0x00000ac9   Thumb Code    10  _printf_hex_int_ll_ptr.o(.text)
    _printf_hex_ptr                          0x00000ad3   Thumb Code    22  _printf_hex_int_ll_ptr.o(.text)
    __printf                                 0x00000aed   Thumb Code   386  __printf_flags_ss_wp.o(.text)
    _ll_udiv10                               0x00000c75   Thumb Code   122  lludiv10.o(.text)
    _printf_int_common                       0x00000cef   Thumb Code   176  _printf_intcommon.o(.text)
    _printf_fp_dec_real                      0x00000f3d   Thumb Code   620  _printf_fp_dec.o(.text)
    _printf_fp_hex_real                      0x000011b5   Thumb Code   718  _printf_fp_hex.o(.text)
    _printf_cs_common                        0x0000148d   Thumb Code    22  _printf_char.o(.text)
    _printf_char                             0x000014a3   Thumb Code    16  _printf_char.o(.text)
    _printf_string                           0x000014b3   Thumb Code     8  _printf_char.o(.text)
    _printf_lcs_common                       0x000014bb   Thumb Code    22  _printf_wchar.o(.text)
    _printf_wchar                            0x000014d1   Thumb Code    16  _printf_wchar.o(.text)
    _printf_wstring                          0x000014e1   Thumb Code     8  _printf_wchar.o(.text)
    _c16rtomb                                0x000014e9   Thumb Code    66  _c16rtomb.o(.text)
    _wcrtomb                                 0x000014e9   Thumb Code     0  _c16rtomb.o(.text)
    __rt_udiv10                              0x0000152b   Thumb Code    40  rtudiv10.o(.text)
    __fpl_dcmp_InfNaN                        0x00001555   Thumb Code   154  dcmpin.o(.text)
    __fpl_fcmp_InfNaN                        0x000015f5   Thumb Code    96  fcmpin.o(.text)
    __user_setup_stackheap                   0x00001659   Thumb Code    62  sys_stackheap_outer.o(.text)
    __rt_ctype_table                         0x00001699   Thumb Code    16  rt_ctype_table.o(.text)
    __rt_locale                              0x000016a9   Thumb Code     8  rt_locale_intlibspace.o(.text)
    _printf_fp_infnan                        0x000016b1   Thumb Code   120  _printf_fp_infnan.o(.text)
    _btod_etento                             0x00001739   Thumb Code   210  bigflt0.o(.text)
    _btod_d2e                                0x00001811   Thumb Code    64  btod.o(.text)
    _btod_emul                               0x00001c45   Thumb Code    28  btod.o(.text)
    _btod_emuld                              0x00001c61   Thumb Code   144  btod.o(.text)
    _btod_ediv                               0x00001cf1   Thumb Code    26  btod.o(.text)
    _btod_edivd                              0x00001d0b   Thumb Code   124  btod.o(.text)
    exit                                     0x00001d91   Thumb Code    16  exit.o(.text)
    __fpl_cmpreturn                          0x00001da1   Thumb Code    46  cmpret.o(.text)
    __fpl_dcheck_NaN2                        0x00001dd1   Thumb Code    14  dnan2.o(.text)
    __fpl_fcheck_NaN2                        0x00001de5   Thumb Code    10  fnan2.o(.text)
    __user_libspace                          0x00001df5   Thumb Code     8  libspace.o(.text)
    __user_perproc_libspace                  0x00001df5   Thumb Code     0  libspace.o(.text)
    __user_perthread_libspace                0x00001df5   Thumb Code     0  libspace.o(.text)
    strcmp                                   0x00001dfd   Thumb Code   132  strcmp.o(.text)
    __fpl_return_NaN                         0x00001e85   Thumb Code    94  retnan.o(.text)
    _sys_exit                                0x00001ee5   Thumb Code     8  sys_exit.o(.text)
    __I$use$semihosting                      0x00001ef1   Thumb Code     0  use_no_semi.o(.text)
    __use_no_semihosting_swi                 0x00001ef1   Thumb Code     2  use_no_semi.o(.text)
    __semihosting_library_function           0x00001ef3   Thumb Code     0  indicate_semi.o(.text)
    DL_Common_delayCycles                    0x00001f21   Thumb Code    20  dl_common.o(.text.DL_Common_delayCycles)
    DL_FactoryRegion_initTrimTable           0x00001ffd   Thumb Code   104  dl_factoryregion.o(.text.DL_FactoryRegion_initTrimTable)
    DL_SPI_init                              0x000022d1   Thumb Code    64  dl_spi.o(.text.DL_SPI_init)
    DL_SPI_setClockConfig                    0x00002381   Thumb Code    32  dl_spi.o(.text.DL_SPI_setClockConfig)
    DL_SYSCTL_configFCC                      0x000023ed   Thumb Code    36  dl_sysctl_mspm0gx51x.o(.text.DL_SYSCTL_configFCC)
    DL_SYSCTL_configSYSPLL                   0x00002411   Thumb Code   216  dl_sysctl_mspm0gx51x.o(.text.DL_SYSCTL_configSYSPLL)
    DL_SYSCTL_setHFCLKSourceHFXTParams       0x00002631   Thumb Code   108  dl_sysctl_mspm0gx51x.o(.text.DL_SYSCTL_setHFCLKSourceHFXTParams)
    DL_SYSCTL_switchMCLKfromSYSOSCtoHSCLK    0x00002751   Thumb Code    72  dl_sysctl_mspm0gx51x.o(.text.DL_SYSCTL_switchMCLKfromSYSOSCtoHSCLK)
    DL_Timer_initFourCCPWMMode               0x00002885   Thumb Code   232  dl_timer.o(.text.DL_Timer_initFourCCPWMMode)
    DL_Timer_setCaptCompUpdateMethod         0x00002aa1   Thumb Code    48  dl_timer.o(.text.DL_Timer_setCaptCompUpdateMethod)
    DL_Timer_setCaptureCompareAction         0x00002ad1   Thumb Code    44  dl_timer.o(.text.DL_Timer_setCaptureCompareAction)
    DL_Timer_setCaptureCompareCtl            0x00002b05   Thumb Code    52  dl_timer.o(.text.DL_Timer_setCaptureCompareCtl)
    DL_Timer_setCaptureCompareInput          0x00002b41   Thumb Code    52  dl_timer.o(.text.DL_Timer_setCaptureCompareInput)
    DL_Timer_setCaptureCompareOutCtl         0x00002b75   Thumb Code    60  dl_timer.o(.text.DL_Timer_setCaptureCompareOutCtl)
    DL_Timer_setCaptureCompareValue          0x00002bb5   Thumb Code    40  dl_timer.o(.text.DL_Timer_setCaptureCompareValue)
    DL_Timer_setClockConfig                  0x00002be1   Thumb Code    44  dl_timer.o(.text.DL_Timer_setClockConfig)
    DL_UART_init                             0x00002cd9   Thumb Code    68  dl_uart.o(.text.DL_UART_init)
    DL_UART_setClockConfig                   0x00002dc5   Thumb Code    32  dl_uart.o(.text.DL_UART_setClockConfig)
    OLED_Clear                               0x00002e6b   Thumb Code   106  spi0_oled.o(.text.OLED_Clear)
    OLED_Display_On                          0x00002ed5   Thumb Code    34  spi0_oled.o(.text.OLED_Display_On)
    OLED_Init                                0x00002ef9   Thumb Code   276  spi0_oled.o(.text.OLED_Init)
    OLED_Set_Pos                             0x00003011   Thumb Code    72  spi0_oled.o(.text.OLED_Set_Pos)
    OLED_ShowChar                            0x00003059   Thumb Code   128  spi0_oled.o(.text.OLED_ShowChar)
    OLED_ShowString                          0x000030dd   Thumb Code   104  spi0_oled.o(.text.OLED_ShowString)
    OLED_WR_Byte                             0x00003145   Thumb Code   132  spi0_oled.o(.text.OLED_WR_Byte)
    OLED_spi0_init                           0x000031c9   Thumb Code    72  spi0_oled.o(.text.OLED_spi0_init)
    SYSCFG_DL_GPIO_init                      0x00003211   Thumb Code   320  ti_msp_dl_config.o(.text.SYSCFG_DL_GPIO_init)
    SYSCFG_DL_SPI_0_init                     0x0000335d   Thumb Code    52  ti_msp_dl_config.o(.text.SYSCFG_DL_SPI_0_init)
    SYSCFG_DL_SYSCTL_SYSPLL_init             0x0000339d   Thumb Code   220  ti_msp_dl_config.o(.text.SYSCFG_DL_SYSCTL_SYSPLL_init)
    SYSCFG_DL_SYSCTL_init                    0x00003485   Thumb Code   132  ti_msp_dl_config.o(.text.SYSCFG_DL_SYSCTL_init)
    SYSCFG_DL_TRNG_init                      0x0000350d   Thumb Code    60  ti_msp_dl_config.o(.text.SYSCFG_DL_TRNG_init)
    SYSCFG_DL_TimerA0_PWM_init               0x00003549   Thumb Code   132  ti_msp_dl_config.o(.text.SYSCFG_DL_TimerA0_PWM_init)
    SYSCFG_DL_UART_4_init                    0x000035d5   Thumb Code    72  ti_msp_dl_config.o(.text.SYSCFG_DL_UART_4_init)
    SYSCFG_DL_init                           0x00003625   Thumb Code    52  ti_msp_dl_config.o(.text.SYSCFG_DL_init)
    SYSCFG_DL_initPower                      0x00003665   Thumb Code   112  ti_msp_dl_config.o(.text.SYSCFG_DL_initPower)
    delay_ms                                 0x0000378b   Thumb Code    22  delay.o(.text.delay_ms)
    delay_us                                 0x000037a1   Thumb Code    20  delay.o(.text.delay_us)
    get_keyboard_value                       0x000037b5   Thumb Code   176  keyboard.o(.text.get_keyboard_value)
    gray_sensor_init                         0x00003871   Thumb Code    16  gray_sensor.o(.text.gray_sensor_init)
    gray_sensor_read_all                     0x00003885   Thumb Code   184  gray_sensor.o(.text.gray_sensor_read_all)
    gray_sensor_recv_rsp                     0x00003945   Thumb Code   124  gray_sensor.o(.text.gray_sensor_recv_rsp)
    gray_sensor_send_req                     0x000039c5   Thumb Code   148  gray_sensor.o(.text.gray_sensor_send_req)
    keyboard_init                            0x00003a5d   Thumb Code    16  keyboard.o(.text.keyboard_init)
    line_follow_get_base_speed               0x00003a71   Thumb Code     8  line_follow.o(.text.line_follow_get_base_speed)
    line_follow_get_kd                       0x00003a79   Thumb Code     8  line_follow.o(.text.line_follow_get_kd)
    line_follow_get_ki                       0x00003a81   Thumb Code     8  line_follow.o(.text.line_follow_get_ki)
    line_follow_get_kp                       0x00003a89   Thumb Code     8  line_follow.o(.text.line_follow_get_kp)
    line_follow_init                         0x00003a91   Thumb Code    20  line_follow.o(.text.line_follow_init)
    line_follow_set_base_speed               0x00003aa5   Thumb Code    16  line_follow.o(.text.line_follow_set_base_speed)
    line_follow_set_kd                       0x00003ab5   Thumb Code    16  line_follow.o(.text.line_follow_set_kd)
    line_follow_set_ki                       0x00003ac5   Thumb Code    16  line_follow.o(.text.line_follow_set_ki)
    line_follow_set_kp                       0x00003ad5   Thumb Code    16  line_follow.o(.text.line_follow_set_kp)
    line_follow_update                       0x00003ae5   Thumb Code   576  line_follow.o(.text.line_follow_update)
    main                                     0x00003d65   Thumb Code  2048  main.o(.text.main)
    motor_ctrl_init                          0x000045d9   Thumb Code    52  motor_ctrl.o(.text.motor_ctrl_init)
    motor_set_speed                          0x0000460d   Thumb Code   296  motor_ctrl.o(.text.motor_set_speed)
    __ARM_common_ll_muluu                    0x000047dd   Thumb Code    48  btod.o(i.__ARM_common_ll_muluu)
    __ARM_fpclassify                         0x0000480d   Thumb Code    40  fpclassify.o(i.__ARM_fpclassify)
    __aeabi_dcmpge                           0x00004839   Thumb Code     0  dcmp.o(i._dgeq)
    _dgeq                                    0x00004839   Thumb Code    22  dcmp.o(i._dgeq)
    __aeabi_dcmple                           0x0000484f   Thumb Code     0  dcmp.o(i._dleq)
    _dleq                                    0x0000484f   Thumb Code    26  dcmp.o(i._dleq)
    __aeabi_fcmpge                           0x00004869   Thumb Code     0  fcmp.o(i._fgeq)
    _fgeq                                    0x00004869   Thumb Code    22  fcmp.o(i._fgeq)
    __aeabi_fcmple                           0x0000487f   Thumb Code     0  fcmp.o(i._fleq)
    _fleq                                    0x0000487f   Thumb Code    26  fcmp.o(i._fleq)
    _is_digit                                0x00004899   Thumb Code    14  __printf_wp.o(i._is_digit)
    _get_lc_numeric                          0x000048a9   Thumb Code    44  lc_numeric_c.o(locale$$code)
    _get_lc_ctype                            0x000048d5   Thumb Code    44  lc_ctype_c.o(locale$$code)
    _dcmpge                                  0x00004901   Thumb Code    94  dgef.o(x$fpl$dgeqf)
    __aeabi_cdcmple                          0x00004965   Thumb Code     0  dlef.o(x$fpl$dleqf)
    _dcmple                                  0x00004965   Thumb Code    94  dlef.o(x$fpl$dleqf)
    __aeabi_fadd                             0x000049c9   Thumb Code     0  faddsub.o(x$fpl$fadd)
    _fadd                                    0x000049c9   Thumb Code   134  faddsub.o(x$fpl$fadd)
    _fcmpge                                  0x00004a55   Thumb Code    78  fgef.o(x$fpl$fgeqf)
    __aeabi_cfcmple                          0x00004aa9   Thumb Code     0  flef.o(x$fpl$fleqf)
    _fcmple                                  0x00004aa9   Thumb Code    78  flef.o(x$fpl$fleqf)
    __aeabi_fmul                             0x00004afd   Thumb Code     0  fmul.o(x$fpl$fmul)
    _fmul                                    0x00004afd   Thumb Code   172  fmul.o(x$fpl$fmul)
    __aeabi_fsub                             0x00004bad   Thumb Code     0  faddsub.o(x$fpl$fsub)
    _fsub                                    0x00004bad   Thumb Code   204  faddsub.o(x$fpl$fsub)
    _printf_fp_dec                           0x00004c7d   Thumb Code    16  printf1.o(x$fpl$printf1)
    _printf_fp_hex                           0x00004c8d   Thumb Code    16  printf2.o(x$fpl$printf2)
    __I$use$fp                               0x00004c9c   Number         0  usenofp.o(x$fpl$usenofp)
    F6x8                                     0x00004dd8   Data         552  spi0_oled.o(.rodata.F6x8)
    Region$$Table$$Base                      0x00005308   Number         0  anon$$obj.o(Region$$Table)
    Region$$Table$$Limit                     0x00005328   Number         0  anon$$obj.o(Region$$Table)
    __ctype                                  0x00005351   Data           0  lc_ctype_c.o(locale$$data)
    DL_FACTORYREGION_TrimTable               0x20200000   Data          68  dl_factoryregion.o(.TrimTable)
    FACTORYVALUE                             0x20200044   Data           4  dl_factoryregion.o(.data.FACTORYVALUE)
    __libspace_start                         0x20200058   Data          96  libspace.o(.bss)
    __temporary_stack_top$libspace           0x202000b8   Data           0  libspace.o(.bss)
    gSPI_0Backup                             0x202000b8   Data          40  ti_msp_dl_config.o(.bss.gSPI_0Backup)
    gTRNGBackup                              0x202000e0   Data          16  ti_msp_dl_config.o(.bss.gTRNGBackup)
    gTimerA0_PWMBackup                       0x202000f0   Data         188  ti_msp_dl_config.o(.bss.gTimerA0_PWMBackup)



==============================================================================

Memory Map of the image

  Image Entry point : 0x000000c1

  Load Region LR_IROM1 (Base: 0x00000000, Size: 0x000054b0, Max: 0x00080000, ABSOLUTE)

    Execution Region ER_IROM1 (Exec base: 0x00000000, Load base: 0x00000000, Size: 0x00005454, Max: 0x00080000, ABSOLUTE)

    Exec Addr    Load Addr    Size         Type   Attr      Idx    E Section Name        Object

    0x00000000   0x00000000   0x000000c0   Data   RO         1660    RESET               startup_mspm0g351x_uvision.o
    0x000000c0   0x000000c0   0x00000008   Code   RO         1677  * !!!main             c_p.l(__main.o)
    0x000000c8   0x000000c8   0x00000054   Code   RO         2077    !!!scatter          c_p.l(__scatter.o)
    0x0000011c   0x0000011c   0x00000004   PAD
    0x00000120   0x00000120   0x0000001a   Code   RO         2081    !!handler_copy      c_p.l(__scatter_copy.o)
    0x0000013a   0x0000013a   0x00000006   PAD
    0x00000140   0x00000140   0x00000002   Code   RO         2078    !!handler_null      c_p.l(__scatter.o)
    0x00000142   0x00000142   0x00000006   PAD
    0x00000148   0x00000148   0x0000001c   Code   RO         2083    !!handler_zi        c_p.l(__scatter_zi.o)
    0x00000164   0x00000164   0x00000002   Code   RO         1808    .ARM.Collect$$_printf_percent$$00000000  c_p.l(_printf_percent.o)
    0x00000166   0x00000166   0x0000000a   Code   RO         1797    .ARM.Collect$$_printf_percent$$00000001  c_p.l(_printf_n.o)
    0x00000170   0x00000170   0x0000000a   Code   RO         1799    .ARM.Collect$$_printf_percent$$00000002  c_p.l(_printf_p.o)
    0x0000017a   0x0000017a   0x0000000a   Code   RO         1804    .ARM.Collect$$_printf_percent$$00000003  c_p.l(_printf_f.o)
    0x00000184   0x00000184   0x0000000a   Code   RO         1805    .ARM.Collect$$_printf_percent$$00000004  c_p.l(_printf_e.o)
    0x0000018e   0x0000018e   0x0000000a   Code   RO         1806    .ARM.Collect$$_printf_percent$$00000005  c_p.l(_printf_g.o)
    0x00000198   0x00000198   0x0000000a   Code   RO         1807    .ARM.Collect$$_printf_percent$$00000006  c_p.l(_printf_a.o)
    0x000001a2   0x000001a2   0x0000000a   Code   RO         1812    .ARM.Collect$$_printf_percent$$00000007  c_p.l(_printf_ll.o)
    0x000001ac   0x000001ac   0x0000000a   Code   RO         1801    .ARM.Collect$$_printf_percent$$00000008  c_p.l(_printf_i.o)
    0x000001b6   0x000001b6   0x0000000a   Code   RO         1802    .ARM.Collect$$_printf_percent$$00000009  c_p.l(_printf_d.o)
    0x000001c0   0x000001c0   0x0000000a   Code   RO         1803    .ARM.Collect$$_printf_percent$$0000000A  c_p.l(_printf_u.o)
    0x000001ca   0x000001ca   0x0000000a   Code   RO         1800    .ARM.Collect$$_printf_percent$$0000000B  c_p.l(_printf_o.o)
    0x000001d4   0x000001d4   0x0000000a   Code   RO         1798    .ARM.Collect$$_printf_percent$$0000000C  c_p.l(_printf_x.o)
    0x000001de   0x000001de   0x0000000a   Code   RO         1809    .ARM.Collect$$_printf_percent$$0000000D  c_p.l(_printf_lli.o)
    0x000001e8   0x000001e8   0x0000000a   Code   RO         1810    .ARM.Collect$$_printf_percent$$0000000E  c_p.l(_printf_lld.o)
    0x000001f2   0x000001f2   0x0000000a   Code   RO         1811    .ARM.Collect$$_printf_percent$$0000000F  c_p.l(_printf_llu.o)
    0x000001fc   0x000001fc   0x0000000a   Code   RO         1816    .ARM.Collect$$_printf_percent$$00000010  c_p.l(_printf_llo.o)
    0x00000206   0x00000206   0x0000000a   Code   RO         1817    .ARM.Collect$$_printf_percent$$00000011  c_p.l(_printf_llx.o)
    0x00000210   0x00000210   0x0000000a   Code   RO         1813    .ARM.Collect$$_printf_percent$$00000012  c_p.l(_printf_l.o)
    0x0000021a   0x0000021a   0x0000000a   Code   RO         1795    .ARM.Collect$$_printf_percent$$00000013  c_p.l(_printf_c.o)
    0x00000224   0x00000224   0x0000000a   Code   RO         1796    .ARM.Collect$$_printf_percent$$00000014  c_p.l(_printf_s.o)
    0x0000022e   0x0000022e   0x0000000a   Code   RO         1814    .ARM.Collect$$_printf_percent$$00000015  c_p.l(_printf_lc.o)
    0x00000238   0x00000238   0x0000000a   Code   RO         1815    .ARM.Collect$$_printf_percent$$00000016  c_p.l(_printf_ls.o)
    0x00000242   0x00000242   0x00000004   Code   RO         1873    .ARM.Collect$$_printf_percent$$00000017  c_p.l(_printf_percent_end.o)
    0x00000246   0x00000246   0x00000002   Code   RO         1917    .ARM.Collect$$libinit$$00000000  c_p.l(libinit.o)
    0x00000248   0x00000248   0x00000000   Code   RO         1948    .ARM.Collect$$libinit$$00000002  c_p.l(libinit2.o)
    0x00000248   0x00000248   0x00000000   Code   RO         1950    .ARM.Collect$$libinit$$00000004  c_p.l(libinit2.o)
    0x00000248   0x00000248   0x00000000   Code   RO         1952    .ARM.Collect$$libinit$$00000006  c_p.l(libinit2.o)
    0x00000248   0x00000248   0x00000000   Code   RO         1955    .ARM.Collect$$libinit$$0000000C  c_p.l(libinit2.o)
    0x00000248   0x00000248   0x00000000   Code   RO         1957    .ARM.Collect$$libinit$$0000000E  c_p.l(libinit2.o)
    0x00000248   0x00000248   0x00000000   Code   RO         1959    .ARM.Collect$$libinit$$00000010  c_p.l(libinit2.o)
    0x00000248   0x00000248   0x00000006   Code   RO         1960    .ARM.Collect$$libinit$$00000011  c_p.l(libinit2.o)
    0x0000024e   0x0000024e   0x00000000   Code   RO         1962    .ARM.Collect$$libinit$$00000013  c_p.l(libinit2.o)
    0x0000024e   0x0000024e   0x0000000c   Code   RO         1963    .ARM.Collect$$libinit$$00000014  c_p.l(libinit2.o)
    0x0000025a   0x0000025a   0x00000000   Code   RO         1964    .ARM.Collect$$libinit$$00000015  c_p.l(libinit2.o)
    0x0000025a   0x0000025a   0x00000000   Code   RO         1966    .ARM.Collect$$libinit$$00000017  c_p.l(libinit2.o)
    0x0000025a   0x0000025a   0x0000000a   Code   RO         1967    .ARM.Collect$$libinit$$00000018  c_p.l(libinit2.o)
    0x00000264   0x00000264   0x00000000   Code   RO         1968    .ARM.Collect$$libinit$$00000019  c_p.l(libinit2.o)
    0x00000264   0x00000264   0x00000000   Code   RO         1970    .ARM.Collect$$libinit$$0000001B  c_p.l(libinit2.o)
    0x00000264   0x00000264   0x00000000   Code   RO         1972    .ARM.Collect$$libinit$$0000001D  c_p.l(libinit2.o)
    0x00000264   0x00000264   0x00000000   Code   RO         1974    .ARM.Collect$$libinit$$0000001F  c_p.l(libinit2.o)
    0x00000264   0x00000264   0x00000000   Code   RO         1976    .ARM.Collect$$libinit$$00000021  c_p.l(libinit2.o)
    0x00000264   0x00000264   0x00000000   Code   RO         1978    .ARM.Collect$$libinit$$00000023  c_p.l(libinit2.o)
    0x00000264   0x00000264   0x00000000   Code   RO         1980    .ARM.Collect$$libinit$$00000025  c_p.l(libinit2.o)
    0x00000264   0x00000264   0x00000000   Code   RO         1982    .ARM.Collect$$libinit$$00000027  c_p.l(libinit2.o)
    0x00000264   0x00000264   0x00000000   Code   RO         1986    .ARM.Collect$$libinit$$0000002E  c_p.l(libinit2.o)
    0x00000264   0x00000264   0x00000000   Code   RO         1988    .ARM.Collect$$libinit$$00000030  c_p.l(libinit2.o)
    0x00000264   0x00000264   0x00000000   Code   RO         1990    .ARM.Collect$$libinit$$00000032  c_p.l(libinit2.o)
    0x00000264   0x00000264   0x00000000   Code   RO         1992    .ARM.Collect$$libinit$$00000034  c_p.l(libinit2.o)
    0x00000264   0x00000264   0x00000002   Code   RO         1993    .ARM.Collect$$libinit$$00000035  c_p.l(libinit2.o)
    0x00000266   0x00000266   0x00000002   Code   RO         2032    .ARM.Collect$$libshutdown$$00000000  c_p.l(libshutdown.o)
    0x00000268   0x00000268   0x00000000   Code   RO         2060    .ARM.Collect$$libshutdown$$00000002  c_p.l(libshutdown2.o)
    0x00000268   0x00000268   0x00000000   Code   RO         2062    .ARM.Collect$$libshutdown$$00000004  c_p.l(libshutdown2.o)
    0x00000268   0x00000268   0x00000000   Code   RO         2065    .ARM.Collect$$libshutdown$$00000007  c_p.l(libshutdown2.o)
    0x00000268   0x00000268   0x00000000   Code   RO         2068    .ARM.Collect$$libshutdown$$0000000A  c_p.l(libshutdown2.o)
    0x00000268   0x00000268   0x00000000   Code   RO         2070    .ARM.Collect$$libshutdown$$0000000C  c_p.l(libshutdown2.o)
    0x00000268   0x00000268   0x00000000   Code   RO         2073    .ARM.Collect$$libshutdown$$0000000F  c_p.l(libshutdown2.o)
    0x00000268   0x00000268   0x00000002   Code   RO         2074    .ARM.Collect$$libshutdown$$00000010  c_p.l(libshutdown2.o)
    0x0000026a   0x0000026a   0x00000000   Code   RO         1722    .ARM.Collect$$rtentry$$00000000  c_p.l(__rtentry.o)
    0x0000026a   0x0000026a   0x00000000   Code   RO         1840    .ARM.Collect$$rtentry$$00000002  c_p.l(__rtentry2.o)
    0x0000026a   0x0000026a   0x00000006   Code   RO         1852    .ARM.Collect$$rtentry$$00000004  c_p.l(__rtentry4.o)
    0x00000270   0x00000270   0x00000000   Code   RO         1842    .ARM.Collect$$rtentry$$00000009  c_p.l(__rtentry2.o)
    0x00000270   0x00000270   0x00000004   Code   RO         1843    .ARM.Collect$$rtentry$$0000000A  c_p.l(__rtentry2.o)
    0x00000274   0x00000274   0x00000000   Code   RO         1845    .ARM.Collect$$rtentry$$0000000C  c_p.l(__rtentry2.o)
    0x00000274   0x00000274   0x00000008   Code   RO         1846    .ARM.Collect$$rtentry$$0000000D  c_p.l(__rtentry2.o)
    0x0000027c   0x0000027c   0x00000002   Code   RO         1932    .ARM.Collect$$rtexit$$00000000  c_p.l(rtexit.o)
    0x0000027e   0x0000027e   0x00000000   Code   RO         2001    .ARM.Collect$$rtexit$$00000002  c_p.l(rtexit2.o)
    0x0000027e   0x0000027e   0x00000004   Code   RO         2002    .ARM.Collect$$rtexit$$00000003  c_p.l(rtexit2.o)
    0x00000282   0x00000282   0x00000006   Code   RO         2003    .ARM.Collect$$rtexit$$00000004  c_p.l(rtexit2.o)
    0x00000288   0x00000288   0x0000002c   Code   RO         1661    .text               startup_mspm0g351x_uvision.o
    0x000002b4   0x000002b4   0x00000040   Code   RO         1669    .text               c_p.l(snprintf.o)
    0x000002f4   0x000002f4   0x0000016c   Code   RO         1671    .text               c_p.l(aeabi_sdiv.o)
    0x00000460   0x00000460   0x00000006   Code   RO         1675    .text               c_p.l(heapauxi.o)
    0x00000466   0x00000466   0x00000058   Code   RO         1691    .text               fz_ps.l(dflti.o)
    0x000004be   0x000004be   0x00000002   PAD
    0x000004c0   0x000004c0   0x00000054   Code   RO         1693    .text               fz_ps.l(f2d.o)
    0x00000514   0x00000514   0x00000160   Code   RO         1713    .text               fz_ps.l(fdiv.o)
    0x00000674   0x00000674   0x0000004c   Code   RO         1716    .text               fz_ps.l(ffixi.o)
    0x000006c0   0x000006c0   0x0000005e   Code   RO         1718    .text               fz_ps.l(fflti.o)
    0x0000071e   0x0000071e   0x0000004e   Code   RO         1729    .text               c_p.l(_printf_pad.o)
    0x0000076c   0x0000076c   0x00000024   Code   RO         1731    .text               c_p.l(_printf_truncate.o)
    0x00000790   0x00000790   0x00000052   Code   RO         1733    .text               c_p.l(_printf_str.o)
    0x000007e2   0x000007e2   0x00000002   PAD
    0x000007e4   0x000007e4   0x0000006c   Code   RO         1735    .text               c_p.l(_printf_dec.o)
    0x00000850   0x00000850   0x00000026   Code   RO         1737    .text               c_p.l(_printf_charcount.o)
    0x00000876   0x00000876   0x00000002   PAD
    0x00000878   0x00000878   0x00000030   Code   RO         1739    .text               c_p.l(_printf_char_common.o)
    0x000008a8   0x000008a8   0x00000010   Code   RO         1741    .text               c_p.l(_snputc.o)
    0x000008b8   0x000008b8   0x000000bc   Code   RO         1743    .text               c_p.l(_printf_wctomb.o)
    0x00000974   0x00000974   0x00000070   Code   RO         1746    .text               c_p.l(_printf_longlong_dec.o)
    0x000009e4   0x000009e4   0x00000070   Code   RO         1752    .text               c_p.l(_printf_oct_int_ll.o)
    0x00000a54   0x00000a54   0x00000098   Code   RO         1772    .text               c_p.l(_printf_hex_int_ll_ptr.o)
    0x00000aec   0x00000aec   0x00000188   Code   RO         1792    .text               c_p.l(__printf_flags_ss_wp.o)
    0x00000c74   0x00000c74   0x0000007a   Code   RO         1856    .text               c_p.l(lludiv10.o)
    0x00000cee   0x00000cee   0x000000b0   Code   RO         1858    .text               c_p.l(_printf_intcommon.o)
    0x00000d9e   0x00000d9e   0x00000002   PAD
    0x00000da0   0x00000da0   0x00000414   Code   RO         1860    .text               c_p.l(_printf_fp_dec.o)
    0x000011b4   0x000011b4   0x000002d8   Code   RO         1864    .text               c_p.l(_printf_fp_hex.o)
    0x0000148c   0x0000148c   0x0000002e   Code   RO         1869    .text               c_p.l(_printf_char.o)
    0x000014ba   0x000014ba   0x0000002e   Code   RO         1871    .text               c_p.l(_printf_wchar.o)
    0x000014e8   0x000014e8   0x00000042   Code   RO         1874    .text               c_p.l(_c16rtomb.o)
    0x0000152a   0x0000152a   0x00000028   Code   RO         1876    .text               c_p.l(rtudiv10.o)
    0x00001552   0x00001552   0x00000002   PAD
    0x00001554   0x00001554   0x000000a0   Code   RO         1878    .text               fz_ps.l(dcmpin.o)
    0x000015f4   0x000015f4   0x00000064   Code   RO         1880    .text               fz_ps.l(fcmpin.o)
    0x00001658   0x00001658   0x0000003e   Code   RO         1882    .text               c_p.l(sys_stackheap_outer.o)
    0x00001696   0x00001696   0x00000002   PAD
    0x00001698   0x00001698   0x00000010   Code   RO         1885    .text               c_p.l(rt_ctype_table.o)
    0x000016a8   0x000016a8   0x00000008   Code   RO         1890    .text               c_p.l(rt_locale_intlibspace.o)
    0x000016b0   0x000016b0   0x00000088   Code   RO         1892    .text               c_p.l(_printf_fp_infnan.o)
    0x00001738   0x00001738   0x000000d8   Code   RO         1894    .text               c_p.l(bigflt0.o)
    0x00001810   0x00001810   0x00000580   Code   RO         1897    .text               c_p.l(btod.o)
    0x00001d90   0x00001d90   0x00000010   Code   RO         1906    .text               c_p.l(exit.o)
    0x00001da0   0x00001da0   0x0000002e   Code   RO         1918    .text               fz_ps.l(cmpret.o)
    0x00001dce   0x00001dce   0x00000002   PAD
    0x00001dd0   0x00001dd0   0x00000014   Code   RO         1920    .text               fz_ps.l(dnan2.o)
    0x00001de4   0x00001de4   0x00000010   Code   RO         1922    .text               fz_ps.l(fnan2.o)
    0x00001df4   0x00001df4   0x00000008   Code   RO         1928    .text               c_p.l(libspace.o)
    0x00001dfc   0x00001dfc   0x00000088   Code   RO         1945    .text               c_p.l(strcmp.o)
    0x00001e84   0x00001e84   0x0000005e   Code   RO         1994    .text               fz_ps.l(retnan.o)
    0x00001ee2   0x00001ee2   0x00000002   PAD
    0x00001ee4   0x00001ee4   0x0000000c   Code   RO         1996    .text               c_p.l(sys_exit.o)
    0x00001ef0   0x00001ef0   0x00000002   Code   RO         2021    .text               c_p.l(use_no_semi.o)
    0x00001ef2   0x00001ef2   0x00000000   Code   RO         2023    .text               c_p.l(indicate_semi.o)
    0x00001ef2   0x00001ef2   0x00000002   PAD
    0x00001ef4   0x00001ef4   0x0000001c   Code   RO         1594    .text.DL_CORE_configInstruction  dl_sysctl_mspm0gx51x.o
    0x00001f10   0x00001f10   0x00000010   Code   RO         1592    .text.DL_CORE_getInstructionConfig  dl_sysctl_mspm0gx51x.o
    0x00001f20   0x00001f20   0x00000014   Code   RO          430    .text.DL_Common_delayCycles  dl_common.o
    0x00001f34   0x00001f34   0x00000028   Code   RO          311    .text.DL_Common_updateReg  ti_msp_dl_config.o
    0x00001f5c   0x00001f5c   0x00000028   Code   RO         1275    .text.DL_Common_updateReg  dl_spi.o
    0x00001f84   0x00001f84   0x00000028   Code   RO         1365    .text.DL_Common_updateReg  dl_timer.o
    0x00001fac   0x00001fac   0x00000028   Code   RO         1486    .text.DL_Common_updateReg  dl_uart.o
    0x00001fd4   0x00001fd4   0x00000028   Code   RO         1590    .text.DL_Common_updateReg  dl_sysctl_mspm0gx51x.o
    0x00001ffc   0x00001ffc   0x000000b0   Code   RO         1560    .text.DL_FactoryRegion_initTrimTable  dl_factoryregion.o
    0x000020ac   0x000020ac   0x00000018   Code   RO         1586    .text.DL_FactoryRegion_isTrimTableInSram  dl_sysctl_mspm0gx51x.o
    0x000020c4   0x000020c4   0x00000014   Code   RO           19    .text.DL_GPIO_clearPins  spi0_oled.o
    0x000020d8   0x000020d8   0x00000014   Code   RO           67    .text.DL_GPIO_clearPins  keyboard.o
    0x000020ec   0x000020ec   0x00000014   Code   RO           83    .text.DL_GPIO_clearPins  motor_ctrl.o
    0x00002100   0x00002100   0x00000014   Code   RO          239    .text.DL_GPIO_clearPins  ti_msp_dl_config.o
    0x00002114   0x00002114   0x00000014   Code   RO          103    .text.DL_GPIO_enableOutput  gray_sensor.o
    0x00002128   0x00002128   0x00000018   Code   RO          229    .text.DL_GPIO_enableOutput  ti_msp_dl_config.o
    0x00002140   0x00002140   0x00000014   Code   RO          215    .text.DL_GPIO_enablePower  ti_msp_dl_config.o
    0x00002154   0x00002154   0x00000048   Code   RO          237    .text.DL_GPIO_initDigitalInputFeatures  ti_msp_dl_config.o
    0x0000219c   0x0000219c   0x00000014   Code   RO          233    .text.DL_GPIO_initDigitalOutput  ti_msp_dl_config.o
    0x000021b0   0x000021b0   0x0000002c   Code   RO          235    .text.DL_GPIO_initDigitalOutputFeatures  ti_msp_dl_config.o
    0x000021dc   0x000021dc   0x00000014   Code   RO          225    .text.DL_GPIO_initPeripheralAnalogFunction  ti_msp_dl_config.o
    0x000021f0   0x000021f0   0x0000001c   Code   RO          231    .text.DL_GPIO_initPeripheralInputFunction  ti_msp_dl_config.o
    0x0000220c   0x0000220c   0x0000001c   Code   RO          227    .text.DL_GPIO_initPeripheralOutputFunction  ti_msp_dl_config.o
    0x00002228   0x00002228   0x00000016   Code   RO           69    .text.DL_GPIO_readPins  keyboard.o
    0x0000223e   0x0000223e   0x00000002   PAD
    0x00002240   0x00002240   0x00000010   Code   RO          205    .text.DL_GPIO_reset  ti_msp_dl_config.o
    0x00002250   0x00002250   0x00000014   Code   RO           17    .text.DL_GPIO_setPins  spi0_oled.o
    0x00002264   0x00002264   0x00000014   Code   RO           63    .text.DL_GPIO_setPins  keyboard.o
    0x00002278   0x00002278   0x00000014   Code   RO           87    .text.DL_GPIO_setPins  motor_ctrl.o
    0x0000228c   0x0000228c   0x00000018   Code   RO          241    .text.DL_GPIO_setPins  ti_msp_dl_config.o
    0x000022a4   0x000022a4   0x00000014   Code   RO          299    .text.DL_SPI_enable  ti_msp_dl_config.o
    0x000022b8   0x000022b8   0x00000018   Code   RO          221    .text.DL_SPI_enablePower  ti_msp_dl_config.o
    0x000022d0   0x000022d0   0x00000048   Code   RO         1273    .text.DL_SPI_init   dl_spi.o
    0x00002318   0x00002318   0x00000014   Code   RO           27    .text.DL_SPI_isBusy  spi0_oled.o
    0x0000232c   0x0000232c   0x00000018   Code   RO           25    .text.DL_SPI_isTXFIFOEmpty  spi0_oled.o
    0x00002344   0x00002344   0x00000018   Code   RO          211    .text.DL_SPI_reset  ti_msp_dl_config.o
    0x0000235c   0x0000235c   0x00000024   Code   RO          295    .text.DL_SPI_setBitRateSerialClockDivider  ti_msp_dl_config.o
    0x00002380   0x00002380   0x00000024   Code   RO         1277    .text.DL_SPI_setClockConfig  dl_spi.o
    0x000023a4   0x000023a4   0x00000030   Code   RO          297    .text.DL_SPI_setFIFOThreshold  ti_msp_dl_config.o
    0x000023d4   0x000023d4   0x00000016   Code   RO           23    .text.DL_SPI_transmitData8  spi0_oled.o
    0x000023ea   0x000023ea   0x00000002   PAD
    0x000023ec   0x000023ec   0x00000024   Code   RO         1626    .text.DL_SYSCTL_configFCC  dl_sysctl_mspm0gx51x.o
    0x00002410   0x00002410   0x000000f0   Code   RO         1582    .text.DL_SYSCTL_configSYSPLL  dl_sysctl_mspm0gx51x.o
    0x00002500   0x00002500   0x00000010   Code   RO         1624    .text.DL_SYSCTL_disableHFCLKStartupMonitor  dl_sysctl_mspm0gx51x.o
    0x00002510   0x00002510   0x0000000c   Code   RO          259    .text.DL_SYSCTL_disableHFXT  ti_msp_dl_config.o
    0x0000251c   0x0000251c   0x0000000c   Code   RO         1614    .text.DL_SYSCTL_disableHFXT  dl_sysctl_mspm0gx51x.o
    0x00002528   0x00002528   0x00000010   Code   RO          261    .text.DL_SYSCTL_disableSYSPLL  ti_msp_dl_config.o
    0x00002538   0x00002538   0x00000010   Code   RO         1584    .text.DL_SYSCTL_disableSYSPLL  dl_sysctl_mspm0gx51x.o
    0x00002548   0x00002548   0x00000010   Code   RO         1620    .text.DL_SYSCTL_enableHFCLKStartupMonitor  dl_sysctl_mspm0gx51x.o
    0x00002558   0x00002558   0x00000010   Code   RO          271    .text.DL_SYSCTL_enableMFCLK  ti_msp_dl_config.o
    0x00002568   0x00002568   0x00000010   Code   RO          273    .text.DL_SYSCTL_enableMFPCLK  ti_msp_dl_config.o
    0x00002578   0x00002578   0x00000010   Code   RO          263    .text.DL_SYSCTL_enableSYSPLL  ti_msp_dl_config.o
    0x00002588   0x00002588   0x00000010   Code   RO         1596    .text.DL_SYSCTL_enableSYSPLL  dl_sysctl_mspm0gx51x.o
    0x00002598   0x00002598   0x00000008   Code   RO          265    .text.DL_SYSCTL_getClockStatus  ti_msp_dl_config.o
    0x000025a0   0x000025a0   0x0000000c   Code   RO         1588    .text.DL_SYSCTL_getClockStatus  dl_sysctl_mspm0gx51x.o
    0x000025ac   0x000025ac   0x00000010   Code   RO          249    .text.DL_SYSCTL_isFCCDone  ti_msp_dl_config.o
    0x000025bc   0x000025bc   0x0000000c   Code   RO          251    .text.DL_SYSCTL_readFCC  ti_msp_dl_config.o
    0x000025c8   0x000025c8   0x00000018   Code   RO          253    .text.DL_SYSCTL_setBORThreshold  ti_msp_dl_config.o
    0x000025e0   0x000025e0   0x00000018   Code   RO          245    .text.DL_SYSCTL_setFCCPeriods  ti_msp_dl_config.o
    0x000025f8   0x000025f8   0x0000001c   Code   RO          255    .text.DL_SYSCTL_setFlashWaitState  ti_msp_dl_config.o
    0x00002614   0x00002614   0x0000001c   Code   RO          269    .text.DL_SYSCTL_setHFCLKDividerForMFPCLK  ti_msp_dl_config.o
    0x00002630   0x00002630   0x00000070   Code   RO         1622    .text.DL_SYSCTL_setHFCLKSourceHFXTParams  dl_sysctl_mspm0gx51x.o
    0x000026a0   0x000026a0   0x0000001c   Code   RO         1616    .text.DL_SYSCTL_setHFXTFrequencyRange  dl_sysctl_mspm0gx51x.o
    0x000026bc   0x000026bc   0x00000018   Code   RO         1618    .text.DL_SYSCTL_setHFXTStartupTime  dl_sysctl_mspm0gx51x.o
    0x000026d4   0x000026d4   0x00000018   Code   RO         1608    .text.DL_SYSCTL_setHSCLKSource  dl_sysctl_mspm0gx51x.o
    0x000026ec   0x000026ec   0x00000020   Code   RO          275    .text.DL_SYSCTL_setMFPCLKSource  ti_msp_dl_config.o
    0x0000270c   0x0000270c   0x0000001c   Code   RO          257    .text.DL_SYSCTL_setSYSOSCFreq  ti_msp_dl_config.o
    0x00002728   0x00002728   0x00000018   Code   RO          267    .text.DL_SYSCTL_setULPCLKDivider  ti_msp_dl_config.o
    0x00002740   0x00002740   0x00000010   Code   RO          247    .text.DL_SYSCTL_startFCC  ti_msp_dl_config.o
    0x00002750   0x00002750   0x0000004c   Code   RO         1606    .text.DL_SYSCTL_switchMCLKfromSYSOSCtoHSCLK  dl_sysctl_mspm0gx51x.o
    0x0000279c   0x0000279c   0x00000018   Code   RO          307    .text.DL_TRNG_clearInterruptStatus  ti_msp_dl_config.o
    0x000027b4   0x000027b4   0x00000014   Code   RO          223    .text.DL_TRNG_enablePower  ti_msp_dl_config.o
    0x000027c8   0x000027c8   0x00000018   Code   RO          305    .text.DL_TRNG_isCommandDone  ti_msp_dl_config.o
    0x000027e0   0x000027e0   0x00000014   Code   RO          213    .text.DL_TRNG_reset  ti_msp_dl_config.o
    0x000027f4   0x000027f4   0x00000024   Code   RO          303    .text.DL_TRNG_sendCommand  ti_msp_dl_config.o
    0x00002818   0x00002818   0x00000018   Code   RO          301    .text.DL_TRNG_setClockDivider  ti_msp_dl_config.o
    0x00002830   0x00002830   0x00000028   Code   RO          309    .text.DL_TRNG_setDecimationRate  ti_msp_dl_config.o
    0x00002858   0x00002858   0x00000014   Code   RO          279    .text.DL_Timer_enableClock  ti_msp_dl_config.o
    0x0000286c   0x0000286c   0x00000018   Code   RO          217    .text.DL_Timer_enablePower  ti_msp_dl_config.o
    0x00002884   0x00002884   0x000000e8   Code   RO         1443    .text.DL_Timer_initFourCCPWMMode  dl_timer.o
    0x0000296c   0x0000296c   0x0000010c   Code   RO         1445    .text.DL_Timer_initTwoCCPWMMode  dl_timer.o
    0x00002a78   0x00002a78   0x00000014   Code   RO          207    .text.DL_Timer_reset  ti_msp_dl_config.o
    0x00002a8c   0x00002a8c   0x00000014   Code   RO          281    .text.DL_Timer_setCCPDirection  ti_msp_dl_config.o
    0x00002aa0   0x00002aa0   0x00000030   Code   RO         1409    .text.DL_Timer_setCaptCompUpdateMethod  dl_timer.o
    0x00002ad0   0x00002ad0   0x00000034   Code   RO         1421    .text.DL_Timer_setCaptureCompareAction  dl_timer.o
    0x00002b04   0x00002b04   0x0000003c   Code   RO         1361    .text.DL_Timer_setCaptureCompareCtl  dl_timer.o
    0x00002b40   0x00002b40   0x00000034   Code   RO         1371    .text.DL_Timer_setCaptureCompareInput  dl_timer.o
    0x00002b74   0x00002b74   0x00000040   Code   RO         1417    .text.DL_Timer_setCaptureCompareOutCtl  dl_timer.o
    0x00002bb4   0x00002bb4   0x0000002c   Code   RO         1359    .text.DL_Timer_setCaptureCompareValue  dl_timer.o
    0x00002be0   0x00002be0   0x0000002c   Code   RO         1349    .text.DL_Timer_setClockConfig  dl_timer.o
    0x00002c0c   0x00002c0c   0x00000038   Code   RO          277    .text.DL_Timer_setCounterControl  ti_msp_dl_config.o
    0x00002c44   0x00002c44   0x00000020   Code   RO         1357    .text.DL_Timer_setCounterValueAfterEnable  dl_timer.o
    0x00002c64   0x00002c64   0x00000018   Code   RO         1355    .text.DL_Timer_setLoadValue  dl_timer.o
    0x00002c7c   0x00002c7c   0x00000016   Code   RO         1484    .text.DL_UART_disable  dl_uart.o
    0x00002c92   0x00002c92   0x00000016   Code   RO          293    .text.DL_UART_enable  ti_msp_dl_config.o
    0x00002ca8   0x00002ca8   0x00000018   Code   RO          287    .text.DL_UART_enableFIFOs  ti_msp_dl_config.o
    0x00002cc0   0x00002cc0   0x00000018   Code   RO          219    .text.DL_UART_enablePower  ti_msp_dl_config.o
    0x00002cd8   0x00002cd8   0x00000048   Code   RO         1482    .text.DL_UART_init  dl_uart.o
    0x00002d20   0x00002d20   0x00000014   Code   RO          107    .text.DL_UART_isBusy  gray_sensor.o
    0x00002d34   0x00002d34   0x00000018   Code   RO          113    .text.DL_UART_isRXFIFOEmpty  gray_sensor.o
    0x00002d4c   0x00002d4c   0x00000014   Code   RO          115    .text.DL_UART_receiveData  gray_sensor.o
    0x00002d60   0x00002d60   0x00000018   Code   RO          209    .text.DL_UART_reset  ti_msp_dl_config.o
    0x00002d78   0x00002d78   0x0000004c   Code   RO          285    .text.DL_UART_setBaudRateDivisor  ti_msp_dl_config.o
    0x00002dc4   0x00002dc4   0x00000024   Code   RO         1488    .text.DL_UART_setClockConfig  dl_uart.o
    0x00002de8   0x00002de8   0x0000001e   Code   RO          283    .text.DL_UART_setOversampling  ti_msp_dl_config.o
    0x00002e06   0x00002e06   0x00000002   PAD
    0x00002e08   0x00002e08   0x00000024   Code   RO          289    .text.DL_UART_setRXFIFOThreshold  ti_msp_dl_config.o
    0x00002e2c   0x00002e2c   0x00000028   Code   RO          291    .text.DL_UART_setTXFIFOThreshold  ti_msp_dl_config.o
    0x00002e54   0x00002e54   0x00000016   Code   RO          109    .text.DL_UART_transmitData  gray_sensor.o
    0x00002e6a   0x00002e6a   0x0000006a   Code   RO           35    .text.OLED_Clear    spi0_oled.o
    0x00002ed4   0x00002ed4   0x00000022   Code   RO           31    .text.OLED_Display_On  spi0_oled.o
    0x00002ef6   0x00002ef6   0x00000002   PAD
    0x00002ef8   0x00002ef8   0x00000118   Code   RO           49    .text.OLED_Init     spi0_oled.o
    0x00003010   0x00003010   0x00000048   Code   RO           29    .text.OLED_Set_Pos  spi0_oled.o
    0x00003058   0x00003058   0x00000084   Code   RO           37    .text.OLED_ShowChar  spi0_oled.o
    0x000030dc   0x000030dc   0x00000068   Code   RO           43    .text.OLED_ShowString  spi0_oled.o
    0x00003144   0x00003144   0x00000084   Code   RO           21    .text.OLED_WR_Byte  spi0_oled.o
    0x000031c8   0x000031c8   0x00000048   Code   RO           15    .text.OLED_spi0_init  spi0_oled.o
    0x00003210   0x00003210   0x0000014c   Code   RO          189    .text.SYSCFG_DL_GPIO_init  ti_msp_dl_config.o
    0x0000335c   0x0000335c   0x00000040   Code   RO          197    .text.SYSCFG_DL_SPI_0_init  ti_msp_dl_config.o
    0x0000339c   0x0000339c   0x000000e8   Code   RO          243    .text.SYSCFG_DL_SYSCTL_SYSPLL_init  ti_msp_dl_config.o
    0x00003484   0x00003484   0x00000088   Code   RO          191    .text.SYSCFG_DL_SYSCTL_init  ti_msp_dl_config.o
    0x0000350c   0x0000350c   0x0000003c   Code   RO          199    .text.SYSCFG_DL_TRNG_init  ti_msp_dl_config.o
    0x00003548   0x00003548   0x0000008c   Code   RO          193    .text.SYSCFG_DL_TimerA0_PWM_init  ti_msp_dl_config.o
    0x000035d4   0x000035d4   0x00000050   Code   RO          195    .text.SYSCFG_DL_UART_4_init  ti_msp_dl_config.o
    0x00003624   0x00003624   0x00000040   Code   RO          185    .text.SYSCFG_DL_init  ti_msp_dl_config.o
    0x00003664   0x00003664   0x00000088   Code   RO          187    .text.SYSCFG_DL_initPower  ti_msp_dl_config.o
    0x000036ec   0x000036ec   0x0000009e   Code   RO          169    .text.apply_direction  main.o
    0x0000378a   0x0000378a   0x00000016   Code   RO            4    .text.delay_ms      delay.o
    0x000037a0   0x000037a0   0x00000014   Code   RO            2    .text.delay_us      delay.o
    0x000037b4   0x000037b4   0x000000bc   Code   RO           65    .text.get_keyboard_value  keyboard.o
    0x00003870   0x00003870   0x00000014   Code   RO          101    .text.gray_sensor_init  gray_sensor.o
    0x00003884   0x00003884   0x000000c0   Code   RO          117    .text.gray_sensor_read_all  gray_sensor.o
    0x00003944   0x00003944   0x00000080   Code   RO          111    .text.gray_sensor_recv_rsp  gray_sensor.o
    0x000039c4   0x000039c4   0x00000098   Code   RO          105    .text.gray_sensor_send_req  gray_sensor.o
    0x00003a5c   0x00003a5c   0x00000014   Code   RO           61    .text.keyboard_init  keyboard.o
    0x00003a70   0x00003a70   0x00000008   Code   RO          139    .text.line_follow_get_base_speed  line_follow.o
    0x00003a78   0x00003a78   0x00000008   Code   RO          137    .text.line_follow_get_kd  line_follow.o
    0x00003a80   0x00003a80   0x00000008   Code   RO          135    .text.line_follow_get_ki  line_follow.o
    0x00003a88   0x00003a88   0x00000008   Code   RO          133    .text.line_follow_get_kp  line_follow.o
    0x00003a90   0x00003a90   0x00000014   Code   RO          129    .text.line_follow_init  line_follow.o
    0x00003aa4   0x00003aa4   0x00000010   Code   RO          147    .text.line_follow_set_base_speed  line_follow.o
    0x00003ab4   0x00003ab4   0x00000010   Code   RO          145    .text.line_follow_set_kd  line_follow.o
    0x00003ac4   0x00003ac4   0x00000010   Code   RO          143    .text.line_follow_set_ki  line_follow.o
    0x00003ad4   0x00003ad4   0x00000010   Code   RO          141    .text.line_follow_set_kp  line_follow.o
    0x00003ae4   0x00003ae4   0x00000280   Code   RO          131    .text.line_follow_update  line_follow.o
    0x00003d64   0x00003d64   0x00000874   Code   RO          165    .text.main          main.o
    0x000045d8   0x000045d8   0x00000034   Code   RO           81    .text.motor_ctrl_init  motor_ctrl.o
    0x0000460c   0x0000460c   0x00000144   Code   RO           85    .text.motor_set_speed  motor_ctrl.o
    0x00004750   0x00004750   0x0000008c   Code   RO          167    .text.show_main_menu  main.o
    0x000047dc   0x000047dc   0x00000030   Code   RO         1899    i.__ARM_common_ll_muluu  c_p.l(btod.o)
    0x0000480c   0x0000480c   0x0000002c   Code   RO         1926    i.__ARM_fpclassify  m_ps.l(fpclassify.o)
    0x00004838   0x00004838   0x00000016   Code   RO         1680    i._dgeq             fz_ps.l(dcmp.o)
    0x0000484e   0x0000484e   0x0000001a   Code   RO         1682    i._dleq             fz_ps.l(dcmp.o)
    0x00004868   0x00004868   0x00000016   Code   RO         1702    i._fgeq             fz_ps.l(fcmp.o)
    0x0000487e   0x0000487e   0x0000001a   Code   RO         1704    i._fleq             fz_ps.l(fcmp.o)
    0x00004898   0x00004898   0x0000000e   Code   RO         1785    i._is_digit         c_p.l(__printf_wp.o)
    0x000048a6   0x000048a6   0x00000002   PAD
    0x000048a8   0x000048a8   0x0000002c   Code   RO         1904    locale$$code        c_p.l(lc_numeric_c.o)
    0x000048d4   0x000048d4   0x0000002c   Code   RO         1939    locale$$code        c_p.l(lc_ctype_c.o)
    0x00004900   0x00004900   0x00000064   Code   RO         1820    x$fpl$dgeqf         fz_ps.l(dgef.o)
    0x00004964   0x00004964   0x00000064   Code   RO         1822    x$fpl$dleqf         fz_ps.l(dlef.o)
    0x000049c8   0x000049c8   0x0000008c   Code   RO         1695    x$fpl$fadd          fz_ps.l(faddsub.o)
    0x00004a54   0x00004a54   0x00000054   Code   RO         1826    x$fpl$fgeqf         fz_ps.l(fgef.o)
    0x00004aa8   0x00004aa8   0x00000054   Code   RO         1828    x$fpl$fleqf         fz_ps.l(flef.o)
    0x00004afc   0x00004afc   0x000000b0   Code   RO         1720    x$fpl$fmul          fz_ps.l(fmul.o)
    0x00004bac   0x00004bac   0x000000d0   Code   RO         1697    x$fpl$fsub          fz_ps.l(faddsub.o)
    0x00004c7c   0x00004c7c   0x00000010   Code   RO         1830    x$fpl$printf1       fz_ps.l(printf1.o)
    0x00004c8c   0x00004c8c   0x00000010   Code   RO         1832    x$fpl$printf2       fz_ps.l(printf2.o)
    0x00004c9c   0x00004c9c   0x00000000   Code   RO         1838    x$fpl$usenofp       fz_ps.l(usenofp.o)
    0x00004c9c   0x00004c9c   0x00000040   Data   RO         1714    .constdata          fz_ps.l(fdiv.o)
    0x00004cdc   0x00004cdc   0x00000008   Data   RO         1744    .constdata          c_p.l(_printf_wctomb.o)
    0x00004ce4   0x00004ce4   0x00000028   Data   RO         1773    .constdata          c_p.l(_printf_hex_int_ll_ptr.o)
    0x00004d0c   0x00004d0c   0x00000011   Data   RO         1793    .constdata          c_p.l(__printf_flags_ss_wp.o)
    0x00004d1d   0x00004d1d   0x00000026   Data   RO         1865    .constdata          c_p.l(_printf_fp_hex.o)
    0x00004d43   0x00004d43   0x00000001   PAD
    0x00004d44   0x00004d44   0x00000094   Data   RO         1895    .constdata          c_p.l(bigflt0.o)
    0x00004dd8   0x00004dd8   0x00000228   Data   RO           51    .rodata.F6x8        spi0_oled.o
    0x00005000   0x00005000   0x00000010   Data   RO           72    .rodata.col_pins    keyboard.o
    0x00005010   0x00005010   0x00000002   Data   RO          322    .rodata.gSPI_0_clockConfig  ti_msp_dl_config.o
    0x00005012   0x00005012   0x0000000a   Data   RO          323    .rodata.gSPI_0_config  ti_msp_dl_config.o
    0x0000501c   0x0000501c   0x00000028   Data   RO          317    .rodata.gSYSPLLConfig  ti_msp_dl_config.o
    0x00005044   0x00005044   0x00000003   Data   RO          318    .rodata.gTimerA0_PWMClockConfig  ti_msp_dl_config.o
    0x00005047   0x00005047   0x00000001   PAD
    0x00005048   0x00005048   0x00000008   Data   RO          319    .rodata.gTimerA0_PWMConfig  ti_msp_dl_config.o
    0x00005050   0x00005050   0x00000002   Data   RO          320    .rodata.gUART_4ClockConfig  ti_msp_dl_config.o
    0x00005052   0x00005052   0x0000000a   Data   RO          321    .rodata.gUART_4Config  ti_msp_dl_config.o
    0x0000505c   0x0000505c   0x00000010   Data   RO           73    .rodata.key_map     keyboard.o
    0x0000506c   0x0000506c   0x00000010   Data   RO           71    .rodata.row_pins    keyboard.o
    0x0000507c   0x0000507c   0x00000289   Data   RO          176    .rodata.str1.1      main.o
    0x00005305   0x00005305   0x00000003   PAD
    0x00005308   0x00005308   0x00000020   Data   RO         2076    Region$$Table       anon$$obj.o
    0x00005328   0x00005328   0x0000001c   Data   RO         1903    locale$$data        c_p.l(lc_numeric_c.o)
    0x00005344   0x00005344   0x00000110   Data   RO         1938    locale$$data        c_p.l(lc_ctype_c.o)


    Execution Region RW_IRAM1 (Exec base: 0x20200000, Load base: 0x00005458, Size: 0x000021e8, Max: 0x00010000, ABSOLUTE)

    Exec Addr    Load Addr    Size         Type   Attr      Idx    E Section Name        Object

    0x20200000   0x00005458   0x00000044   Data   RW         1562    .TrimTable          dl_factoryregion.o
    0x20200044   0x0000549c   0x00000004   Data   RW         1563    .data.FACTORYVALUE  dl_factoryregion.o
    0x20200048   0x000054a0   0x00000004   Data   RW          157    .data.g_base_speed  line_follow.o
    0x2020004c   0x000054a4   0x00000004   Data   RW          154    .data.g_kp          line_follow.o
    0x20200050   0x000054a8   0x00000004   Data   RW          171    .data.main.current_speed  main.o
    0x20200054   0x000054ac   0x00000004   PAD
    0x20200058        -       0x00000060   Zero   RW         1929    .bss                c_p.l(libspace.o)
    0x202000b8        -       0x00000028   Zero   RW          314    .bss.gSPI_0Backup   ti_msp_dl_config.o
    0x202000e0        -       0x00000010   Zero   RW          315    .bss.gTRNGBackup    ti_msp_dl_config.o
    0x202000f0        -       0x000000bc   Zero   RW          313    .bss.gTimerA0_PWMBackup  ti_msp_dl_config.o
    0x202001ac        -       0x00000004   Zero   RW          156    .bss.g_kd           line_follow.o
    0x202001b0        -       0x00000004   Zero   RW          155    .bss.g_ki           line_follow.o
    0x202001b4        -       0x00000001   Zero   RW          153    .bss.initialized    line_follow.o
    0x202001b5   0x000054ac   0x00000003   PAD
    0x202001b8        -       0x00000004   Zero   RW          151    .bss.integral       line_follow.o
    0x202001bc        -       0x00000004   Zero   RW          152    .bss.last_error     line_follow.o
    0x202001c0        -       0x00000001   Zero   RW          172    .bss.main.current_dir  main.o
    0x202001c1   0x000054ac   0x00000001   PAD
    0x202001c2        -       0x00000002   Zero   RW          175    .bss.main.follow_cnt  main.o
    0x202001c4        -       0x00000001   Zero   RW          173    .bss.main.line_follow_active  main.o
    0x202001c5        -       0x00000001   Zero   RW          174    .bss.main.show_pid_params  main.o
    0x202001c6   0x000054ac   0x00000002   PAD
    0x202001c8        -       0x00000008   Zero   RW           93    .bss.motor_speed    motor_ctrl.o
    0x202001d0        -       0x00000018   Zero   RW          121    .bss.rx_buf         gray_sensor.o
    0x202001e8        -       0x00000000   Zero   RW         1659    HEAP                startup_mspm0g351x_uvision.o
    0x202001e8        -       0x00002000   Zero   RW         1658    STACK               startup_mspm0g351x_uvision.o


    Execution Region RW_IRAM2 (Exec base: 0x20210000, Load base: 0x000054b0, Size: 0x00000000, Max: 0x00010000, ABSOLUTE)

    **** No section assigned to this execution region ****



  Load Region LR_BCR (Base: 0x41c00000, Size: 0x00000000, Max: 0x00000100, ABSOLUTE)

    Execution Region BCR_CONFIG (Exec base: 0x41c00000, Load base: 0x41c00000, Size: 0x00000000, Max: 0x000000ff, ABSOLUTE)

    **** No section assigned to this execution region ****



  Load Region LR_BSL (Base: 0x41c00100, Size: 0x00000000, Max: 0x00000100, ABSOLUTE)

    Execution Region BSL_CONFIG (Exec base: 0x41c00100, Load base: 0x41c00100, Size: 0x00000000, Max: 0x00000080, ABSOLUTE)

    **** No section assigned to this execution region ****



  Load Region LR_DATA (Base: 0x41d00000, Size: 0x00000000, Max: 0x00004000, ABSOLUTE)

    Execution Region DATA (Exec base: 0x41d00000, Load base: 0x41d00000, Size: 0x00000000, Max: 0x00004000, ABSOLUTE)

    **** No section assigned to this execution region ****


==============================================================================

Image component sizes


      Code (inc. data)   RO Data    RW Data    ZI Data      Debug   Object Name

        42          0          0          0          0        737   delay.o
        20          0          0          0          0        588   dl_common.o
       176         72          0         72          0       2094   dl_factoryregion.o
       148         12          0          0          0      10779   dl_spi.o
       736         56          0          0          0      12701   dl_sysctl_mspm0gx51x.o
       960         40          0          0          0      25566   dl_timer.o
       170          8          0          0          0      10794   dl_uart.o
       598         28          0          0         24       6916   gray_sensor.o
       270         16         48          0          0       4207   keyboard.o
       756         64          0          8         17       2625   line_follow.o
      2462        372        649          4          5       3974   main.o
       416         28          0          0          8       6785   motor_ctrl.o
      1038         12        552          0          0       8144   spi0_oled.o
        44         18        192          0       8192        672   startup_mspm0g351x_uvision.o
      2672        228         75          0        244      36309   ti_msp_dl_config.o

    ----------------------------------------------------------------------
     10516        954       1552         84       8500     132891   Object Totals
         0          0         32          0          0          0   (incl. Generated)
         8          0          4          0         10          0   (incl. Padding)

    ----------------------------------------------------------------------

      Code (inc. data)   RO Data    RW Data    ZI Data      Debug   Library Member Name

         8          0          0          0          0         68   __main.o
       392          6         17          0          0         76   __printf_flags_ss_wp.o
        14          0          0          0          0         60   __printf_wp.o
         0          0          0          0          0          0   __rtentry.o
        12          0          0          0          0          0   __rtentry2.o
         6          0          0          0          0          0   __rtentry4.o
        86         10          0          0          0          0   __scatter.o
        26          0          0          0          0          0   __scatter_copy.o
        28          0          0          0          0          0   __scatter_zi.o
        66          0          0          0          0         76   _c16rtomb.o
        10          0          0          0          0          0   _printf_a.o
        10          0          0          0          0          0   _printf_c.o
        46          0          0          0          0        100   _printf_char.o
        48          6          0          0          0         88   _printf_char_common.o
        38          0          0          0          0         60   _printf_charcount.o
        10          0          0          0          0          0   _printf_d.o
       108         18          0          0          0         76   _printf_dec.o
        10          0          0          0          0          0   _printf_e.o
        10          0          0          0          0          0   _printf_f.o
      1044         12          0          0          0        116   _printf_fp_dec.o
       728         10         38          0          0         84   _printf_fp_hex.o
       136         16          0          0          0         76   _printf_fp_infnan.o
        10          0          0          0          0          0   _printf_g.o
       152          4         40          0          0        148   _printf_hex_int_ll_ptr.o
        10          0          0          0          0          0   _printf_i.o
       176          0          0          0          0         84   _printf_intcommon.o
        10          0          0          0          0          0   _printf_l.o
        10          0          0          0          0          0   _printf_lc.o
        10          0          0          0          0          0   _printf_ll.o
        10          0          0          0          0          0   _printf_lld.o
        10          0          0          0          0          0   _printf_lli.o
        10          0          0          0          0          0   _printf_llo.o
        10          0          0          0          0          0   _printf_llu.o
        10          0          0          0          0          0   _printf_llx.o
       112         18          0          0          0         76   _printf_longlong_dec.o
        10          0          0          0          0          0   _printf_ls.o
        10          0          0          0          0          0   _printf_n.o
        10          0          0          0          0          0   _printf_o.o
       112         10          0          0          0        112   _printf_oct_int_ll.o
        10          0          0          0          0          0   _printf_p.o
        78          0          0          0          0        100   _printf_pad.o
         2          0          0          0          0          0   _printf_percent.o
         4          0          0          0          0          0   _printf_percent_end.o
        10          0          0          0          0          0   _printf_s.o
        82          0          0          0          0         72   _printf_str.o
        36          0          0          0          0         76   _printf_truncate.o
        10          0          0          0          0          0   _printf_u.o
        46          0          0          0          0        100   _printf_wchar.o
       188          6          8          0          0         80   _printf_wctomb.o
        10          0          0          0          0          0   _printf_x.o
        16          0          0          0          0         60   _snputc.o
       364          4          0          0          0         92   aeabi_sdiv.o
       216          6        148          0          0         80   bigflt0.o
      1456         30          0          0          0        336   btod.o
        16          0          0          0          0         68   exit.o
         6          0          0          0          0        136   heapauxi.o
         0          0          0          0          0          0   indicate_semi.o
        44         10        272          0          0         76   lc_ctype_c.o
        44         10         28          0          0         76   lc_numeric_c.o
         2          0          0          0          0          0   libinit.o
        30          0          0          0          0          0   libinit2.o
         2          0          0          0          0          0   libshutdown.o
         2          0          0          0          0          0   libshutdown2.o
         8          4          0          0         96         68   libspace.o
       122          0          0          0          0         72   lludiv10.o
        16          4          0          0          0         76   rt_ctype_table.o
         8          4          0          0          0         68   rt_locale_intlibspace.o
         2          0          0          0          0          0   rtexit.o
        10          0          0          0          0          0   rtexit2.o
        40          0          0          0          0         60   rtudiv10.o
        64          4          0          0          0         84   snprintf.o
       136          4          0          0          0         72   strcmp.o
        12          4          0          0          0         60   sys_exit.o
        62          0          0          0          0         80   sys_stackheap_outer.o
         2          0          0          0          0         68   use_no_semi.o
        46          0          0          0          0         60   cmpret.o
        48          0          0          0          0        136   dcmp.o
       160          6          0          0          0         76   dcmpin.o
        88          0          0          0          0         92   dflti.o
       100          4          0          0          0         92   dgef.o
       100          4          0          0          0         92   dlef.o
        20          6          0          0          0         68   dnan2.o
        84          4          0          0          0         60   f2d.o
       348          8          0          0          0        160   faddsub.o
        48          0          0          0          0        136   fcmp.o
       100          4          0          0          0         68   fcmpin.o
       352         10         64          0          0         92   fdiv.o
        76          0          0          0          0         68   ffixi.o
        94          0          0          0          0         92   fflti.o
        84          4          0          0          0         76   fgef.o
        84          4          0          0          0         76   flef.o
       176          4          0          0          0         80   fmul.o
        16          6          0          0          0         68   fnan2.o
        16          4          0          0          0         76   printf1.o
        16          4          0          0          0         76   printf2.o
        94          0          0          0          0         68   retnan.o
         0          0          0          0          0          0   usenofp.o
        44          4          0          0          0         60   fpclassify.o

    ----------------------------------------------------------------------
      8904        280        616          0         96       5232   Library Totals
        36          4          1          0          0          0   (incl. Padding)

    ----------------------------------------------------------------------

      Code (inc. data)   RO Data    RW Data    ZI Data      Debug   Library Name

      6674        200        551          0         96       3360   c_p.l
      2150         72         64          0          0       1812   fz_ps.l
        44          4          0          0          0         60   m_ps.l

    ----------------------------------------------------------------------
      8904        280        616          0         96       5232   Library Totals

    ----------------------------------------------------------------------

==============================================================================


      Code (inc. data)   RO Data    RW Data    ZI Data      Debug   

     19420       1234       2168         84       8596     135219   Grand Totals
     19420       1234       2168         84       8596     135219   ELF Image Totals
     19420       1234       2168         84          0          0   ROM Totals

==============================================================================

    Total RO  Size (Code + RO Data)                21588 (  21.08kB)
    Total RW  Size (RW Data + ZI Data)              8680 (   8.48kB)
    Total ROM Size (Code + RO Data + RW Data)      21672 (  21.16kB)

==============================================================================

